Component: ARM Compiler 5.06 update 6 (build 750) Tool: armlink [4d35ed]

==============================================================================

Section Cross References

    startup_stm32f373xc.o(RESET) refers to startup_stm32f373xc.o(STACK) for __initial_sp
    startup_stm32f373xc.o(RESET) refers to startup_stm32f373xc.o(.text) for Reset_Handler
    startup_stm32f373xc.o(RESET) refers to stm32f3xx_it.o(i.NMI_Handler) for NMI_Handler
    startup_stm32f373xc.o(RESET) refers to stm32f3xx_it.o(i.HardFault_Handler) for HardFault_Handler
    startup_stm32f373xc.o(RESET) refers to stm32f3xx_it.o(i.MemManage_Handler) for MemManage_Handler
    startup_stm32f373xc.o(RESET) refers to stm32f3xx_it.o(i.BusFault_Handler) for BusFault_Handler
    startup_stm32f373xc.o(RESET) refers to stm32f3xx_it.o(i.UsageFault_Handler) for UsageFault_Handler
    startup_stm32f373xc.o(RESET) refers to stm32f3xx_it.o(i.SVC_Handler) for SVC_Handler
    startup_stm32f373xc.o(RESET) refers to stm32f3xx_it.o(i.DebugMon_Handler) for DebugMon_Handler
    startup_stm32f373xc.o(RESET) refers to stm32f3xx_it.o(i.PendSV_Handler) for PendSV_Handler
    startup_stm32f373xc.o(RESET) refers to stm32f3xx_it.o(i.SysTick_Handler) for SysTick_Handler
    startup_stm32f373xc.o(RESET) refers to stm32f3xx_it.o(i.EXTI2_TSC_IRQHandler) for EXTI2_TSC_IRQHandler
    startup_stm32f373xc.o(RESET) refers to stm32f3xx_it.o(i.DMA1_Channel1_IRQHandler) for DMA1_Channel1_IRQHandler
    startup_stm32f373xc.o(RESET) refers to stm32f3xx_it.o(i.DMA1_Channel2_IRQHandler) for DMA1_Channel2_IRQHandler
    startup_stm32f373xc.o(RESET) refers to stm32f3xx_it.o(i.DMA1_Channel3_IRQHandler) for DMA1_Channel3_IRQHandler
    startup_stm32f373xc.o(RESET) refers to stm32f3xx_it.o(i.DMA1_Channel6_IRQHandler) for DMA1_Channel6_IRQHandler
    startup_stm32f373xc.o(RESET) refers to stm32f3xx_it.o(i.EXTI9_5_IRQHandler) for EXTI9_5_IRQHandler
    startup_stm32f373xc.o(RESET) refers to stm32f3xx_it.o(i.USART2_IRQHandler) for USART2_IRQHandler
    startup_stm32f373xc.o(RESET) refers to stm32f3xx_it.o(i.USART3_IRQHandler) for USART3_IRQHandler
    startup_stm32f373xc.o(RESET) refers to stm32f3xx_it.o(i.EXTI15_10_IRQHandler) for EXTI15_10_IRQHandler
    startup_stm32f373xc.o(RESET) refers to stm32f3xx_it.o(i.SDADC2_IRQHandler) for SDADC2_IRQHandler
    startup_stm32f373xc.o(.text) refers to system_stm32f3xx.o(i.SystemInit) for SystemInit
    startup_stm32f373xc.o(.text) refers to entry.o(.ARM.Collect$$$$00000000) for __main
    display.o(i.CalDisplay1) refers to ili9341.o(i.ILI9341_FillRectangle) for ILI9341_FillRectangle
    display.o(i.CalDisplay1) refers to w25qxx.o(i.W25qxx_ReadBlock) for W25qxx_ReadBlock
    display.o(i.CalDisplay1) refers to ili9341.o(i.ILI9341_DrawImage) for ILI9341_DrawImage
    display.o(i.CalDisplay1) refers to display.o(.bss) for .bss
    display.o(i.CalDisplay1) refers to display.o(.data) for .data
    display.o(i.CalDisplay2) refers to w25qxx.o(i.W25qxx_ReadBlock) for W25qxx_ReadBlock
    display.o(i.CalDisplay2) refers to ili9341.o(i.ILI9341_DrawImage) for ILI9341_DrawImage
    display.o(i.CalDisplay2) refers to display.o(.bss) for .bss
    display.o(i.CalDisplay2) refers to display.o(.data) for .data
    display.o(i.CalDisplay3) refers to w25qxx.o(i.W25qxx_ReadBlock) for W25qxx_ReadBlock
    display.o(i.CalDisplay3) refers to ili9341.o(i.ILI9341_DrawImage) for ILI9341_DrawImage
    display.o(i.CalDisplay3) refers to display.o(.bss) for .bss
    display.o(i.CalDisplay3) refers to display.o(.data) for .data
    display.o(i.CalDisplay4) refers to w25qxx.o(i.W25qxx_ReadBlock) for W25qxx_ReadBlock
    display.o(i.CalDisplay4) refers to ili9341.o(i.ILI9341_DrawImage) for ILI9341_DrawImage
    display.o(i.CalDisplay4) refers to display.o(.bss) for .bss
    display.o(i.CalDisplay4) refers to display.o(.data) for .data
    display.o(i.DetailScreen) refers to ili9341.o(i.ILI9341_FillRectangle) for ILI9341_FillRectangle
    display.o(i.DetailScreen) refers to ili9341.o(i.ILI9341_WriteString) for ILI9341_WriteString
    display.o(i.DetailScreen) refers to ili9341.o(i.ILI9341_DrawPixel) for ILI9341_DrawPixel
    display.o(i.DetailScreen) refers to display.o(i.printBilirubinVal_umol_L) for printBilirubinVal_umol_L
    display.o(i.DetailScreen) refers to w25qxx.o(i.W25qxx_ReadBlock) for W25qxx_ReadBlock
    display.o(i.DetailScreen) refers to ili9341.o(i.ILI9341_DrawImage) for ILI9341_DrawImage
    display.o(i.DetailScreen) refers to display.o(i.printbilirubinAsGraph) for printbilirubinAsGraph
    display.o(i.DetailScreen) refers to fonts.o(.data) for Font_11x18
    display.o(i.DetailScreen) refers to calculation.o(.data) for BilResult
    display.o(i.DetailScreen) refers to display.o(.bss) for .bss
    display.o(i.DetailScreen) refers to display.o(.data) for .data
    display.o(i.DltMemDisplay) refers to ili9341.o(i.ILI9341_FillRectangle) for ILI9341_FillRectangle
    display.o(i.DltMemDisplay) refers to ili9341.o(i.ILI9341_WriteString) for ILI9341_WriteString
[...]
    __cpp_initialize__aeabi_                  - Undefined Weak Reference
    __cxa_finalize                            - Undefined Weak Reference
    _clock_init                               - Undefined Weak Reference
    _microlib_exit                            - Undefined Weak Reference
    __Vectors_Size                           0x00000188   Number         0  startup_stm32f373xc.o ABSOLUTE
    __Vectors                                0x08000000   Data           4  startup_stm32f373xc.o(RESET)
    __Vectors_End                            0x08000188   Data           0  startup_stm32f373xc.o(RESET)
    __main                                   0x08000189   Thumb Code     0  entry.o(.ARM.Collect$$$$00000000)
    _main_stk                                0x08000189   Thumb Code     0  entry2.o(.ARM.Collect$$$$00000001)
    _main_scatterload                        0x0800018d   Thumb Code     0  entry5.o(.ARM.Collect$$$$00000004)
    __main_after_scatterload                 0x08000191   Thumb Code     0  entry5.o(.ARM.Collect$$$$00000004)
    _main_clock                              0x08000191   Thumb Code     0  entry7b.o(.ARM.Collect$$$$00000008)
    _main_cpp_init                           0x08000191   Thumb Code     0  entry8b.o(.ARM.Collect$$$$0000000A)
    _main_init                               0x08000191   Thumb Code     0  entry9a.o(.ARM.Collect$$$$0000000B)
    __rt_final_cpp                           0x08000199   Thumb Code     0  entry10a.o(.ARM.Collect$$$$0000000D)
    __rt_final_exit                          0x08000199   Thumb Code     0  entry11a.o(.ARM.Collect$$$$0000000F)
    Reset_Handler                            0x0800019d   Thumb Code     8  startup_stm32f373xc.o(.text)
    ADC1_IRQHandler                          0x080001b7   Thumb Code     0  startup_stm32f373xc.o(.text)
    CAN_RX0_IRQHandler                       0x080001b7   Thumb Code     0  startup_stm32f373xc.o(.text)
    CAN_RX1_IRQHandler                       0x080001b7   Thumb Code     0  startup_stm32f373xc.o(.text)
    CAN_SCE_IRQHandler                       0x080001b7   Thumb Code     0  startup_stm32f373xc.o(.text)
    CAN_TX_IRQHandler                        0x080001b7   Thumb Code     0  startup_stm32f373xc.o(.text)
    CEC_IRQHandler                           0x080001b7   Thumb Code     0  startup_stm32f373xc.o(.text)
    COMP1_2_IRQHandler                       0x080001b7   Thumb Code     0  startup_stm32f373xc.o(.text)
    DMA1_Channel4_IRQHandler                 0x080001b7   Thumb Code     0  startup_stm32f373xc.o(.text)
    DMA1_Channel5_IRQHandler                 0x080001b7   Thumb Code     0  startup_stm32f373xc.o(.text)
    DMA1_Channel7_IRQHandler                 0x080001b7   Thumb Code     0  startup_stm32f373xc.o(.text)
    DMA2_Channel1_IRQHandler                 0x080001b7   Thumb Code     0  startup_stm32f373xc.o(.text)
    DMA2_Channel2_IRQHandler                 0x080001b7   Thumb Code     0  startup_stm32f373xc.o(.text)
    DMA2_Channel3_IRQHandler                 0x080001b7   Thumb Code     0  startup_stm32f373xc.o(.text)
    DMA2_Channel4_IRQHandler                 0x080001b7   Thumb Code     0  startup_stm32f373xc.o(.text)
    DMA2_Channel5_IRQHandler                 0x080001b7   Thumb Code     0  startup_stm32f373xc.o(.text)
    EXTI0_IRQHandler                         0x080001b7   Thumb Code     0  startup_stm32f373xc.o(.text)
    EXTI1_IRQHandler                         0x080001b7   Thumb Code     0  startup_stm32f373xc.o(.text)
    EXTI3_IRQHandler                         0x080001b7   Thumb Code     0  startup_stm32f373xc.o(.text)
    EXTI4_IRQHandler                         0x080001b7   Thumb Code     0  startup_stm32f373xc.o(.text)
    FLASH_IRQHandler                         0x080001b7   Thumb Code     0  startup_stm32f373xc.o(.text)
    FPU_IRQHandler                           0x080001b7   Thumb Code     0  startup_stm32f373xc.o(.text)
    I2C1_ER_IRQHandler                       0x080001b7   Thumb Code     0  startup_stm32f373xc.o(.text)
    I2C1_EV_IRQHandler                       0x080001b7   Thumb Code     0  startup_stm32f373xc.o(.text)
    I2C2_ER_IRQHandler                       0x080001b7   Thumb Code     0  startup_stm32f373xc.o(.text)
    I2C2_EV_IRQHandler                       0x080001b7   Thumb Code     0  startup_stm32f373xc.o(.text)
    PVD_IRQHandler                           0x080001b7   Thumb Code     0  startup_stm32f373xc.o(.text)
    RCC_IRQHandler                           0x080001b7   Thumb Code     0  startup_stm32f373xc.o(.text)
    RTC_Alarm_IRQHandler                     0x080001b7   Thumb Code     0  startup_stm32f373xc.o(.text)
    RTC_WKUP_IRQHandler                      0x080001b7   Thumb Code     0  startup_stm32f373xc.o(.text)
    SDADC1_IRQHandler                        0x080001b7   Thumb Code     0  startup_stm32f373xc.o(.text)
    SDADC3_IRQHandler                        0x080001b7   Thumb Code     0  startup_stm32f373xc.o(.text)
    SPI1_IRQHandler                          0x080001b7   Thumb Code     0  startup_stm32f373xc.o(.text)
    SPI2_IRQHandler                          0x080001b7   Thumb Code     0  startup_stm32f373xc.o(.text)
    SPI3_IRQHandler                          0x080001b7   Thumb Code     0  startup_stm32f373xc.o(.text)
    TAMP_STAMP_IRQHandler                    0x080001b7   Thumb Code     0  startup_stm32f373xc.o(.text)
    TIM12_IRQHandler                         0x080001b7   Thumb Code     0  startup_stm32f373xc.o(.text)
    TIM13_IRQHandler                         0x080001b7   Thumb Code     0  startup_stm32f373xc.o(.text)
    TIM14_IRQHandler                         0x080001b7   Thumb Code     0  startup_stm32f373xc.o(.text)
    TIM15_IRQHandler                         0x080001b7   Thumb Code     0  startup_stm32f373xc.o(.text)
    TIM16_IRQHandler                         0x080001b7   Thumb Code     0  startup_stm32f373xc.o(.text)
    TIM17_IRQHandler                         0x080001b7   Thumb Code     0  startup_stm32f373xc.o(.text)
    TIM18_DAC2_IRQHandler                    0x080001b7   Thumb Code     0  startup_stm32f373xc.o(.text)
    TIM19_IRQHandler                         0x080001b7   Thumb Code     0  startup_stm32f373xc.o(.text)
    TIM2_IRQHandler                          0x080001b7   Thumb Code     0  startup_stm32f373xc.o(.text)
    TIM3_IRQHandler                          0x080001b7   Thumb Code     0  startup_stm32f373xc.o(.text)
    TIM4_IRQHandler                          0x080001b7   Thumb Code     0  startup_stm32f373xc.o(.text)
    TIM5_IRQHandler                          0x080001b7   Thumb Code     0  startup_stm32f373xc.o(.text)
    TIM6_DAC1_IRQHandler                     0x080001b7   Thumb Code     0  startup_stm32f373xc.o(.text)
    TIM7_IRQHandler                          0x080001b7   Thumb Code     0  startup_stm32f373xc.o(.text)
    USART1_IRQHandler                        0x080001b7   Thumb Code     0  startup_stm32f373xc.o(.text)
    USBWakeUp_IRQHandler                     0x080001b7   Thumb Code     0  startup_stm32f373xc.o(.text)
    USB_HP_IRQHandler                        0x080001b7   Thumb Code     0  startup_stm32f373xc.o(.text)
    USB_LP_IRQHandler                        0x080001b7   Thumb Code     0  startup_stm32f373xc.o(.text)
    WWDG_IRQHandler                          0x080001b7   Thumb Code     0  startup_stm32f373xc.o(.text)
    __aeabi_uldivmod                         0x080001c1   Thumb Code    98  uldiv.o(.text)
    __aeabi_llsr                             0x08000223   Thumb Code    32  llushr.o(.text)
    _ll_ushift_r                             0x08000223   Thumb Code     0  llushr.o(.text)
    __aeabi_memset                           0x08000243   Thumb Code    14  memseta.o(.text)
    __aeabi_memset4                          0x08000243   Thumb Code     0  memseta.o(.text)
    __aeabi_memset8                          0x08000243   Thumb Code     0  memseta.o(.text)
    __aeabi_memclr                           0x08000251   Thumb Code     4  memseta.o(.text)
    __aeabi_memclr4                          0x08000251   Thumb Code     0  memseta.o(.text)
    __aeabi_memclr8                          0x08000251   Thumb Code     0  memseta.o(.text)
    _memset$wrapper                          0x08000255   Thumb Code    18  memseta.o(.text)
    __aeabi_dadd                             0x08000267   Thumb Code   322  dadd.o(.text)
    __aeabi_dsub                             0x080003a9   Thumb Code     6  dadd.o(.text)
    __aeabi_drsub                            0x080003af   Thumb Code     6  dadd.o(.text)
    __aeabi_dmul                             0x080003b5   Thumb Code   228  dmul.o(.text)
    __aeabi_ddiv                             0x08000499   Thumb Code   222  ddiv.o(.text)
    __aeabi_ui2d                             0x08000577   Thumb Code    26  dfltui.o(.text)
    __aeabi_d2uiz                            0x08000591   Thumb Code    50  dfixui.o(.text)
    __aeabi_f2d                              0x080005c3   Thumb Code    38  f2d.o(.text)
    __aeabi_d2f                              0x080005e9   Thumb Code    56  d2f.o(.text)
    __aeabi_uidiv                            0x08000621   Thumb Code     0  uidiv.o(.text)
    __aeabi_uidivmod                         0x08000621   Thumb Code    44  uidiv.o(.text)
    __aeabi_llsl                             0x0800064d   Thumb Code    30  llshl.o(.text)
    _ll_shift_l                              0x0800064d   Thumb Code     0  llshl.o(.text)
    __aeabi_lasr                             0x0800066b   Thumb Code    36  llsshr.o(.text)
    _ll_sshift_r                             0x0800066b   Thumb Code     0  llsshr.o(.text)
    __I$use$fp                               0x0800068f   Thumb Code     0  iusefp.o(.text)
    _float_round                             0x0800068f   Thumb Code    18  fepilogue.o(.text)
    _float_epilogue                          0x080006a1   Thumb Code    92  fepilogue.o(.text)
    _double_round                            0x080006fd   Thumb Code    30  depilogue.o(.text)
    _double_epilogue                         0x0800071b   Thumb Code   156  depilogue.o(.text)
    __aeabi_d2ulz                            0x080007b7   Thumb Code    48  dfixul.o(.text)
    __aeabi_cdrcmple                         0x080007e9   Thumb Code    48  cdrcmple.o(.text)
    __scatterload                            0x08000819   Thumb Code    28  init.o(.text)
    __scatterload_rt2                        0x08000819   Thumb Code     0  init.o(.text)
    __decompress                             0x0800083d   Thumb Code     0  __dczerorl2.o(.text)
    __decompress1                            0x0800083d   Thumb Code    86  __dczerorl2.o(.text)
    BSP_TS_GetState                          0x08000951   Thumb Code   170  touchscreen.o(i.BSP_TS_GetState)
    BSP_TS_Init                              0x08000a01   Thumb Code    48  touchscreen.o(i.BSP_TS_Init)
    BilCalculation                           0x08000a39   Thumb Code   460  calculation.o(i.BilCalculation)
    BusFault_Handler                         0x08000c2d   Thumb Code     2  stm32f3xx_it.o(i.BusFault_Handler)
    BuzzerBip                                0x08000c2f   Thumb Code    48  system.o(i.BuzzerBip)
    C12666MA_Init                            0x08000c61   Thumb Code    48  c12666ma.o(i.C12666MA_Init)
    CalDisplay1                              0x08000c99   Thumb Code   244  display.o(i.CalDisplay1)
    CalDisplay2                              0x08000d95   Thumb Code   120  display.o(i.CalDisplay2)
    CalDisplay3                              0x08000e15   Thumb Code   120  display.o(i.CalDisplay3)
    CalDisplay4                              0x08000e95   Thumb Code   120  display.o(i.CalDisplay4)
    Calibration_GetX                         0x08000f15   Thumb Code    26  ts_calibration.o(i.Calibration_GetX)
    Calibration_GetY                         0x08000f35   Thumb Code    26  ts_calibration.o(i.Calibration_GetY)
    CheckPushBt                              0x08000f55   Thumb Code   154  system.o(i.CheckPushBt)
    DMA1_Channel1_IRQHandler                 0x08000ff9   Thumb Code     6  stm32f3xx_it.o(i.DMA1_Channel1_IRQHandler)
    DMA1_Channel2_IRQHandler                 0x08001005   Thumb Code     6  stm32f3xx_it.o(i.DMA1_Channel2_IRQHandler)
    DMA1_Channel3_IRQHandler                 0x08001011   Thumb Code     6  stm32f3xx_it.o(i.DMA1_Channel3_IRQHandler)
    DMA1_Channel6_IRQHandler                 0x0800101d   Thumb Code     6  stm32f3xx_it.o(i.DMA1_Channel6_IRQHandler)
    DWT_Delay_Init                           0x08001091   Thumb Code    58  dwt_stm32_delay.o(i.DWT_Delay_Init)
    DebugMon_Handler                         0x08001159   Thumb Code     2  stm32f3xx_it.o(i.DebugMon_Handler)
    DetailScreen                             0x0800115d   Thumb Code   382  display.o(i.DetailScreen)
    DltMemDisplay                            0x08001301   Thumb Code   138  display.o(i.DltMemDisplay)
    Draw_rectangle                           0x080013a9   Thumb Code   142  ili9341.o(i.Draw_rectangle)
    EXTI15_10_IRQHandler                     0x08001437   Thumb Code     8  stm32f3xx_it.o(i.EXTI15_10_IRQHandler)
    EXTI2_TSC_IRQHandler                     0x0800143f   Thumb Code     6  stm32f3xx_it.o(i.EXTI2_TSC_IRQHandler)
    EXTI9_5_IRQHandler                       0x08001445   Thumb Code     8  stm32f3xx_it.o(i.EXTI9_5_IRQHandler)
    EraseSectors                             0x0800144d   Thumb Code    84  w25qxx.o(i.EraseSectors)
    ErrorDisplay3                            0x080014a5   Thumb Code    82  display.o(i.ErrorDisplay3)
    Error_Handler                            0x08001529   Thumb Code     2  main.o(i.Error_Handler)
    HAL_ADC_ConfigChannel                    0x0800152d   Thumb Code   234  stm32f3xx_hal_adc_ex.o(i.HAL_ADC_ConfigChannel)
    HAL_ADC_GetValue                         0x08001625   Thumb Code     6  stm32f3xx_hal_adc_ex.o(i.HAL_ADC_GetValue)
    HAL_ADC_Init                             0x0800162d   Thumb Code   272  stm32f3xx_hal_adc_ex.o(i.HAL_ADC_Init)
    HAL_ADC_MspInit                          0x08001749   Thumb Code   126  adc.o(i.HAL_ADC_MspInit)
    HAL_ADC_PollForConversion                0x080017d9   Thumb Code   304  stm32f3xx_hal_adc_ex.o(i.HAL_ADC_PollForConversion)
    HAL_ADC_Start                            0x08001915   Thumb Code   130  stm32f3xx_hal_adc_ex.o(i.HAL_ADC_Start)
    HAL_ADC_Stop                             0x08001997   Thumb Code    52  stm32f3xx_hal_adc_ex.o(i.HAL_ADC_Stop)
    HAL_DMA_Abort_IT                         0x080019cb   Thumb Code    74  stm32f3xx_hal_dma.o(i.HAL_DMA_Abort_IT)
    HAL_DMA_IRQHandler                       0x08001a15   Thumb Code   168  stm32f3xx_hal_dma.o(i.HAL_DMA_IRQHandler)
    HAL_DMA_Init                             0x08001abd   Thumb Code    78  stm32f3xx_hal_dma.o(i.HAL_DMA_Init)
    HAL_DMA_Start_IT                         0x08001b0b   Thumb Code   112  stm32f3xx_hal_dma.o(i.HAL_DMA_Start_IT)
    HAL_Delay                                0x08001b7d   Thumb Code    32  stm32f3xx_hal.o(i.HAL_Delay)
    HAL_GPIO_DeInit                          0x08001ba1   Thumb Code   286  stm32f3xx_hal_gpio.o(i.HAL_GPIO_DeInit)
    HAL_GPIO_EXTI_Callback                   0x08001cd9   Thumb Code   366  system.o(i.HAL_GPIO_EXTI_Callback)
    HAL_GPIO_EXTI_IRQHandler                 0x08001e7d   Thumb Code    18  stm32f3xx_hal_gpio.o(i.HAL_GPIO_EXTI_IRQHandler)
    HAL_GPIO_Init                            0x08001e95   Thumb Code   364  stm32f3xx_hal_gpio.o(i.HAL_GPIO_Init)
    HAL_GPIO_ReadPin                         0x0800201d   Thumb Code    10  stm32f3xx_hal_gpio.o(i.HAL_GPIO_ReadPin)
    HAL_GPIO_WritePin                        0x08002027   Thumb Code    10  stm32f3xx_hal_gpio.o(i.HAL_GPIO_WritePin)
    HAL_GetTick                              0x08002031   Thumb Code     6  stm32f3xx_hal.o(i.HAL_GetTick)
    HAL_I2CEx_ConfigAnalogFilter             0x0800203d   Thumb Code    86  stm32f3xx_hal_i2c_ex.o(i.HAL_I2CEx_ConfigAnalogFilter)
    HAL_I2CEx_ConfigDigitalFilter            0x08002093   Thumb Code    82  stm32f3xx_hal_i2c_ex.o(i.HAL_I2CEx_ConfigDigitalFilter)
    HAL_I2CEx_EnableFastModePlus             0x080020e5   Thumb Code    30  stm32f3xx_hal_i2c_ex.o(i.HAL_I2CEx_EnableFastModePlus)
    HAL_I2C_DeInit                           0x0800210d   Thumb Code    50  stm32f3xx_hal_i2c.o(i.HAL_I2C_DeInit)
    HAL_I2C_Init                             0x08002141   Thumb Code   178  stm32f3xx_hal_i2c.o(i.HAL_I2C_Init)
    HAL_I2C_Mem_Read                         0x080021f9   Thumb Code   346  stm32f3xx_hal_i2c.o(i.HAL_I2C_Mem_Read)
    HAL_I2C_Mem_Write                        0x0800235d   Thumb Code   340  stm32f3xx_hal_i2c.o(i.HAL_I2C_Mem_Write)
    HAL_I2C_MspDeInit                        0x080024b5   Thumb Code    32  i2c.o(i.HAL_I2C_MspDeInit)
    HAL_I2C_MspInit                          0x080024dd   Thumb Code    92  i2c.o(i.HAL_I2C_MspInit)
    HAL_IncTick                              0x08002541   Thumb Code    12  stm32f3xx_hal.o(i.HAL_IncTick)
    HAL_Init                                 0x08002551   Thumb Code    32  stm32f3xx_hal.o(i.HAL_Init)
    HAL_InitTick                             0x08002575   Thumb Code    54  stm32f3xx_hal.o(i.HAL_InitTick)
    HAL_MspInit                              0x080025b5   Thumb Code    38  stm32f3xx_hal_msp.o(i.HAL_MspInit)
    HAL_NVIC_EnableIRQ                       0x080025e1   Thumb Code    26  stm32f3xx_hal_cortex.o(i.HAL_NVIC_EnableIRQ)
    HAL_NVIC_SetPriority                     0x080025fd   Thumb Code    60  stm32f3xx_hal_cortex.o(i.HAL_NVIC_SetPriority)
    HAL_NVIC_SetPriorityGrouping             0x0800263d   Thumb Code    26  stm32f3xx_hal_cortex.o(i.HAL_NVIC_SetPriorityGrouping)
    HAL_PWREx_EnableSDADC                    0x08002661   Thumb Code    30  stm32f3xx_hal_pwr_ex.o(i.HAL_PWREx_EnableSDADC)
    HAL_PWR_EnableBkUpAccess                 0x08002689   Thumb Code    12  stm32f3xx_hal_pwr.o(i.HAL_PWR_EnableBkUpAccess)
    HAL_RCCEx_PeriphCLKConfig                0x08002699   Thumb Code   450  stm32f3xx_hal_rcc_ex.o(i.HAL_RCCEx_PeriphCLKConfig)
    HAL_RCC_ClockConfig                      0x08002869   Thumb Code   308  stm32f3xx_hal_rcc.o(i.HAL_RCC_ClockConfig)
    HAL_RCC_GetHCLKFreq                      0x080029b1   Thumb Code     6  stm32f3xx_hal_rcc.o(i.HAL_RCC_GetHCLKFreq)
    HAL_RCC_GetPCLK1Freq                     0x080029bd   Thumb Code    34  stm32f3xx_hal_rcc.o(i.HAL_RCC_GetPCLK1Freq)
    HAL_RCC_GetPCLK2Freq                     0x080029ed   Thumb Code    34  stm32f3xx_hal_rcc.o(i.HAL_RCC_GetPCLK2Freq)
    HAL_RCC_GetSysClockFreq                  0x08002a1d   Thumb Code    92  stm32f3xx_hal_rcc.o(i.HAL_RCC_GetSysClockFreq)
    HAL_RCC_OscConfig                        0x08002a89   Thumb Code  1480  stm32f3xx_hal_rcc.o(i.HAL_RCC_OscConfig)
    HAL_RTC_GetDate                          0x08003051   Thumb Code    62  stm32f3xx_hal_rtc.o(i.HAL_RTC_GetDate)
    HAL_RTC_GetTime                          0x08003095   Thumb Code    82  stm32f3xx_hal_rtc.o(i.HAL_RTC_GetTime)
    HAL_RTC_Init                             0x080030ed   Thumb Code   166  stm32f3xx_hal_rtc.o(i.HAL_RTC_Init)
    HAL_RTC_MspInit                          0x08003199   Thumb Code    32  rtc.o(i.HAL_RTC_MspInit)
    HAL_RTC_SetDate                          0x080031c1   Thumb Code   194  stm32f3xx_hal_rtc.o(i.HAL_RTC_SetDate)
    HAL_RTC_SetTime                          0x08003289   Thumb Code   230  stm32f3xx_hal_rtc.o(i.HAL_RTC_SetTime)
    HAL_RTC_WaitForSynchro                   0x08003375   Thumb Code    54  stm32f3xx_hal_rtc.o(i.HAL_RTC_WaitForSynchro)
    HAL_SDADC_AssociateChannelConfig         0x080033ad   Thumb Code    96  stm32f3xx_hal_sdadc.o(i.HAL_SDADC_AssociateChannelConfig)
    HAL_SDADC_CalibrationCpltCallback        0x08003411   Thumb Code     2  stm32f3xx_hal_sdadc.o(i.HAL_SDADC_CalibrationCpltCallback)
    HAL_SDADC_CalibrationStart               0x08003413   Thumb Code    82  stm32f3xx_hal_sdadc.o(i.HAL_SDADC_CalibrationStart)
    HAL_SDADC_ConvCpltCallback               0x08003465   Thumb Code     2  stm32f3xx_hal_sdadc.o(i.HAL_SDADC_ConvCpltCallback)
    HAL_SDADC_ErrorCallback                  0x08003467   Thumb Code     2  stm32f3xx_hal_sdadc.o(i.HAL_SDADC_ErrorCallback)
    HAL_SDADC_IRQHandler                     0x08003469   Thumb Code   232  stm32f3xx_hal_sdadc.o(i.HAL_SDADC_IRQHandler)
    HAL_SDADC_Init                           0x08003551   Thumb Code   148  stm32f3xx_hal_sdadc.o(i.HAL_SDADC_Init)
    HAL_SDADC_InjectedConfigChannel          0x080035e9   Thumb Code    72  stm32f3xx_hal_sdadc.o(i.HAL_SDADC_InjectedConfigChannel)
    HAL_SDADC_InjectedConvCpltCallback       0x08003631   Thumb Code    26  c12666ma.o(i.HAL_SDADC_InjectedConvCpltCallback)
    HAL_SDADC_InjectedGetValue               0x08003655   Thumb Code    14  stm32f3xx_hal_sdadc.o(i.HAL_SDADC_InjectedGetValue)
    HAL_SDADC_InjectedStart_IT               0x08003663   Thumb Code    30  stm32f3xx_hal_sdadc.o(i.HAL_SDADC_InjectedStart_IT)
    HAL_SDADC_MspInit                        0x08003681   Thumb Code    96  sdadc.o(i.HAL_SDADC_MspInit)
    HAL_SDADC_PollForCalibEvent              0x080036ed   Thumb Code    74  stm32f3xx_hal_sdadc.o(i.HAL_SDADC_PollForCalibEvent)
    HAL_SDADC_PrepareChannelConfig           0x08003737   Thumb Code    80  stm32f3xx_hal_sdadc.o(i.HAL_SDADC_PrepareChannelConfig)
    HAL_SDADC_SelectInjectedDelay            0x08003787   Thumb Code    66  stm32f3xx_hal_sdadc.o(i.HAL_SDADC_SelectInjectedDelay)
    HAL_SDADC_SelectInjectedTrigger          0x080037c9   Thumb Code    42  stm32f3xx_hal_sdadc.o(i.HAL_SDADC_SelectInjectedTrigger)
    HAL_SPI_Init                             0x080037f9   Thumb Code   182  stm32f3xx_hal_spi.o(i.HAL_SPI_Init)
    HAL_SPI_MspInit                          0x080038b1   Thumb Code   200  spi.o(i.HAL_SPI_MspInit)
    HAL_SPI_Receive                          0x08003991   Thumb Code   382  stm32f3xx_hal_spi.o(i.HAL_SPI_Receive)
    HAL_SPI_Transmit                         0x08003b0f   Thumb Code   382  stm32f3xx_hal_spi.o(i.HAL_SPI_Transmit)
    HAL_SPI_TransmitReceive                  0x08003c8d   Thumb Code   610  stm32f3xx_hal_spi.o(i.HAL_SPI_TransmitReceive)
    HAL_SYSTICK_Config                       0x08003eef   Thumb Code    40  stm32f3xx_hal_cortex.o(i.HAL_SYSTICK_Config)
    HAL_TIMEx_MasterConfigSynchronization    0x08003f19   Thumb Code   110  stm32f3xx_hal_tim_ex.o(i.HAL_TIMEx_MasterConfigSynchronization)
    HAL_TIM_Base_Init                        0x08003fa1   Thumb Code    54  stm32f3xx_hal_tim.o(i.HAL_TIM_Base_Init)
    HAL_TIM_Base_MspInit                     0x08003fd9   Thumb Code    30  tim.o(i.HAL_TIM_Base_MspInit)
    HAL_UARTEx_WakeupCallback                0x08004001   Thumb Code     2  stm32f3xx_hal_uart_ex.o(i.HAL_UARTEx_WakeupCallback)
    HAL_UART_ErrorCallback                   0x08004003   Thumb Code     2  stm32f3xx_hal_uart.o(i.HAL_UART_ErrorCallback)
    HAL_UART_IRQHandler                      0x08004005   Thumb Code   348  stm32f3xx_hal_uart.o(i.HAL_UART_IRQHandler)
    HAL_UART_Init                            0x08004165   Thumb Code   102  stm32f3xx_hal_uart.o(i.HAL_UART_Init)
    HAL_UART_MspInit                         0x080041cd   Thumb Code   360  usart.o(i.HAL_UART_MspInit)
    HAL_UART_Receive_DMA                     0x08004351   Thumb Code   142  stm32f3xx_hal_uart.o(i.HAL_UART_Receive_DMA)
    HAL_UART_RxCpltCallback                  0x080043ed   Thumb Code    58  barcode.o(i.HAL_UART_RxCpltCallback)
    HAL_UART_RxHalfCpltCallback              0x08004435   Thumb Code     2  stm32f3xx_hal_uart.o(i.HAL_UART_RxHalfCpltCallback)
    HAL_UART_Transmit_IT                     0x08004439   Thumb Code    92  stm32f3xx_hal_uart.o(i.HAL_UART_Transmit_IT)
    HAL_UART_TxCpltCallback                  0x0800449d   Thumb Code     2  stm32f3xx_hal_uart.o(i.HAL_UART_TxCpltCallback)
    HardFault_Handler                        0x0800449f   Thumb Code     2  stm32f3xx_it.o(i.HardFault_Handler)
    ILI9341_DrawImage                        0x08004841   Thumb Code    92  ili9341.o(i.ILI9341_DrawImage)
    ILI9341_DrawPixel                        0x0800489d   Thumb Code    62  ili9341.o(i.ILI9341_DrawPixel)
    ILI9341_FillRectangle                    0x080048dd   Thumb Code   150  ili9341.o(i.ILI9341_FillRectangle)
    ILI9341_FillScreen                       0x0800497d   Thumb Code    20  ili9341.o(i.ILI9341_FillScreen)
    ILI9341_Init                             0x08004991   Thumb Code   460  ili9341.o(i.ILI9341_Init)
    ILI9341_Unselect                         0x08004c27   Thumb Code    12  ili9341.o(i.ILI9341_Unselect)
    ILI9341_WriteString                      0x08004d31   Thumb Code    96  ili9341.o(i.ILI9341_WriteString)
    IOE_Delay                                0x08004d91   Thumb Code     4  touchscreen.o(i.IOE_Delay)
    IOE_ITConfig                             0x08004d95   Thumb Code    70  touchscreen.o(i.IOE_ITConfig)
    IOE_Init                                 0x08004de5   Thumb Code     4  touchscreen.o(i.IOE_Init)
    IOE_Read                                 0x08004de9   Thumb Code    44  touchscreen.o(i.IOE_Read)
    IOE_ReadMultiple                         0x08004e1d   Thumb Code    38  touchscreen.o(i.IOE_ReadMultiple)
    IOE_Write                                0x08004e4d   Thumb Code    40  touchscreen.o(i.IOE_Write)
    IsCalibrationDone                        0x08004e7d   Thumb Code     6  ts_calibration.o(i.IsCalibrationDone)
    MX_ADC1_Init                             0x08004e89   Thumb Code    70  adc.o(i.MX_ADC1_Init)
    MX_DMA_Init                              0x08004ed9   Thumb Code    88  dma.o(i.MX_DMA_Init)
    MX_GPIO_Init                             0x08004f35   Thumb Code   598  gpio.o(i.MX_GPIO_Init)
    MX_I2C2_Init                             0x080051ad   Thumb Code    76  i2c.o(i.MX_I2C2_Init)
    MX_RTC_Init                              0x08005205   Thumb Code    52  rtc.o(i.MX_RTC_Init)
    MX_SDADC2_Init                           0x08005241   Thumb Code   162  sdadc.o(i.MX_SDADC2_Init)
    MX_SPI1_Init                             0x080052f1   Thumb Code    70  spi.o(i.MX_SPI1_Init)
    MX_SPI2_Init                             0x08005341   Thumb Code    70  spi.o(i.MX_SPI2_Init)
    MX_TIM6_Init                             0x08005391   Thumb Code    62  tim.o(i.MX_TIM6_Init)
    MX_USART2_UART_Init                      0x080053d9   Thumb Code    52  usart.o(i.MX_USART2_UART_Init)
    MX_USART3_UART_Init                      0x08005415   Thumb Code    52  usart.o(i.MX_USART3_UART_Init)
    MemDetailScreen                          0x08005451   Thumb Code   888  display.o(i.MemDetailScreen)
    MemManage_Handler                        0x0800588d   Thumb Code     2  stm32f3xx_it.o(i.MemManage_Handler)
    MemoryDisplay                            0x08005891   Thumb Code   166  display.o(i.MemoryDisplay)
    NMI_Handler                              0x0800594d   Thumb Code     2  stm32f3xx_it.o(i.NMI_Handler)
    PendSV_Handler                           0x0800594f   Thumb Code     2  stm32f3xx_it.o(i.PendSV_Handler)
    RTC_Bcd2ToByte                           0x08005951   Thumb Code    18  stm32f3xx_hal_rtc.o(i.RTC_Bcd2ToByte)
    RTC_ByteToBcd2                           0x08005963   Thumb Code    22  stm32f3xx_hal_rtc.o(i.RTC_ByteToBcd2)
    RTC_EnterInitMode                        0x08005979   Thumb Code    58  stm32f3xx_hal_rtc.o(i.RTC_EnterInitMode)
    SDADC2_IRQHandler                        0x080059b5   Thumb Code     6  stm32f3xx_it.o(i.SDADC2_IRQHandler)
    SVC_Handler                              0x08005c47   Thumb Code     2  stm32f3xx_it.o(i.SVC_Handler)
    SaveBlcRef                               0x08005c49   Thumb Code    30  w25qxx.o(i.SaveBlcRef)
    SaveSpectrumToSector                     0x08005c6d   Thumb Code    90  w25qxx.o(i.SaveSpectrumToSector)
    SaveWhtRef                               0x08005cd1   Thumb Code    30  w25qxx.o(i.SaveWhtRef)
    SettingsDisplay                          0x08005cf5   Thumb Code   298  display.o(i.SettingsDisplay)
    SysInit                                  0x08005e29   Thumb Code   114  system.o(i.SysInit)
    SysTick_Handler                          0x08005eb5   Thumb Code     4  stm32f3xx_it.o(i.SysTick_Handler)
    SystemClock_Config                       0x08005eb9   Thumb Code   144  main.o(i.SystemClock_Config)
    SystemInit                               0x08005f51   Thumb Code    22  system_stm32f3xx.o(i.SystemInit)
    TIM_Base_SetConfig                       0x08005f6d   Thumb Code   158  stm32f3xx_hal_tim.o(i.TIM_Base_SetConfig)
    Touchscreen_Calibration                  0x08006035   Thumb Code    68  ts_calibration.o(i.Touchscreen_Calibration)
    Touchscreen_demo                         0x08006081   Thumb Code  2566  touchscreen.o(i.Touchscreen_demo)
    TransferData                             0x08006a91   Thumb Code   222  w25qxx.o(i.TransferData)
    UART_AdvFeatureConfig                    0x08006b85   Thumb Code   200  stm32f3xx_hal_uart.o(i.UART_AdvFeatureConfig)
    UART_CheckIdleState                      0x08006c4d   Thumb Code    88  stm32f3xx_hal_uart.o(i.UART_CheckIdleState)
    UART_SetConfig                           0x08006d75   Thumb Code   378  stm32f3xx_hal_uart.o(i.UART_SetConfig)
    UART_WaitOnFlagUntilTimeout              0x08006f85   Thumb Code   164  stm32f3xx_hal_uart.o(i.UART_WaitOnFlagUntilTimeout)
    USART2_IRQHandler                        0x08007029   Thumb Code     6  stm32f3xx_it.o(i.USART2_IRQHandler)
    USART3_IRQHandler                        0x08007035   Thumb Code     6  stm32f3xx_it.o(i.USART3_IRQHandler)
    UsageFault_Handler                       0x08007041   Thumb Code     2  stm32f3xx_it.o(i.UsageFault_Handler)
    W25qxx_BlockToPage                       0x08007045   Thumb Code    18  w25qxx.o(i.W25qxx_BlockToPage)
    W25qxx_EraseSector                       0x0800705d   Thumb Code   130  w25qxx.o(i.W25qxx_EraseSector)
    W25qxx_Init                              0x080070e9   Thumb Code   272  w25qxx.o(i.W25qxx_Init)
    W25qxx_ReadBlock                         0x08007201   Thumb Code   102  w25qxx.o(i.W25qxx_ReadBlock)
    W25qxx_ReadByte                          0x0800726d   Thumb Code   122  w25qxx.o(i.W25qxx_ReadByte)
    W25qxx_ReadID                            0x080072f1   Thumb Code    68  w25qxx.o(i.W25qxx_ReadID)
    W25qxx_ReadPage                          0x08007339   Thumb Code   160  w25qxx.o(i.W25qxx_ReadPage)
    W25qxx_ReadSector                        0x080073e5   Thumb Code   102  w25qxx.o(i.W25qxx_ReadSector)
    W25qxx_ReadStatusRegister                0x08007451   Thumb Code    98  w25qxx.o(i.W25qxx_ReadStatusRegister)
    W25qxx_ReadUniqID                        0x080074bd   Thumb Code    72  w25qxx.o(i.W25qxx_ReadUniqID)
    W25qxx_SectorToPage                      0x0800750d   Thumb Code    18  w25qxx.o(i.W25qxx_SectorToPage)
    W25qxx_Spi                               0x08007525   Thumb Code    26  w25qxx.o(i.W25qxx_Spi)
    W25qxx_WaitForWriteEnd                   0x08007545   Thumb Code    70  w25qxx.o(i.W25qxx_WaitForWriteEnd)
    W25qxx_WriteByte                         0x08007595   Thumb Code   126  w25qxx.o(i.W25qxx_WriteByte)
    W25qxx_WriteEnable                       0x0800761d   Thumb Code    42  w25qxx.o(i.W25qxx_WriteEnable)
    W25qxx_WritePage                         0x0800764d   Thumb Code   174  w25qxx.o(i.W25qxx_WritePage)
    W25qxx_WriteSector                       0x08007709   Thumb Code   102  w25qxx.o(i.W25qxx_WriteSector)
    __0sprintf                               0x08007775   Thumb Code    34  printfa.o(i.__0sprintf)
    __1sprintf                               0x08007775   Thumb Code     0  printfa.o(i.__0sprintf)
    __2sprintf                               0x08007775   Thumb Code     0  printfa.o(i.__0sprintf)
    __c89sprintf                             0x08007775   Thumb Code     0  printfa.o(i.__0sprintf)
    sprintf                                  0x08007775   Thumb Code     0  printfa.o(i.__0sprintf)
    __scatterload_copy                       0x080077e1   Thumb Code    14  handlers.o(i.__scatterload_copy)
    __scatterload_null                       0x080077ef   Thumb Code     2  handlers.o(i.__scatterload_null)
    __scatterload_zeroinit                   0x080077f1   Thumb Code    14  handlers.o(i.__scatterload_zeroinit)
    backApplyScreen                          0x080080bd   Thumb Code    64  display.o(i.backApplyScreen)
    backSetScreen                            0x08008101   Thumb Code    64  display.o(i.backSetScreen)
    batteryLevel                             0x08008145   Thumb Code   450  system.o(i.batteryLevel)
    dataSettings                             0x08008315   Thumb Code   134  display.o(i.dataSettings)
    getCalender                              0x080083cd   Thumb Code   160  calender.o(i.getCalender)
    getpatientNum                            0x08008491   Thumb Code   122  display.o(i.getpatientNum)
    main                                     0x08008525   Thumb Code   120  main.o(i.main)
    mainScreenDisplay                        0x080085b1   Thumb Code   194  display.o(i.mainScreenDisplay)
    malloc                                   0x0800867d   Thumb Code    92  malloc.o(i.malloc)
    measurementNum                           0x080086e9   Thumb Code    60  display.o(i.measurementNum)
    memoryPageDisplay                        0x08008731   Thumb Code   234  display.o(i.memoryPageDisplay)
    movingAvarage                            0x08008841   Thumb Code    78  calculation.o(i.movingAvarage)
    printBilirubinVal_mg_dL                  0x08008895   Thumb Code    98  display.o(i.printBilirubinVal_mg_dL)
    printBilirubinVal_umol_L                 0x0800890d   Thumb Code    90  display.o(i.printBilirubinVal_umol_L)
    printbilirubinAsGraph                    0x08008979   Thumb Code   138  display.o(i.printbilirubinAsGraph)
    readSpectrometer                         0x08008a25   Thumb Code   590  c12666ma.o(i.readSpectrometer)
    setDate                                  0x08008c81   Thumb Code    50  calender.o(i.setDate)
    setDateDsp                               0x08008cc1   Thumb Code   118  calender.o(i.setDateDsp)
    setDateScreen                            0x08008d49   Thumb Code   220  display.o(i.setDateScreen)
    setTime                                  0x08008e2d   Thumb Code    46  calender.o(i.setTime)
    setTimeDsp                               0x08008e69   Thumb Code    98  calender.o(i.setTimeDsp)
    setTimeScreen                            0x08008ee1   Thumb Code   168  display.o(i.setTimeScreen)
    sleepCounterReset                        0x08008f91   Thumb Code     8  system.o(i.sleepCounterReset)
    stmpe811_ClearGlobalIT                   0x08008f9d   Thumb Code    10  stmpe811.o(i.stmpe811_ClearGlobalIT)
    stmpe811_DisableGlobalIT                 0x08008fa7   Thumb Code    28  stmpe811.o(i.stmpe811_DisableGlobalIT)
    stmpe811_DisableITSource                 0x08008fc3   Thumb Code    30  stmpe811.o(i.stmpe811_DisableITSource)
    stmpe811_EnableGlobalIT                  0x08008fe1   Thumb Code    28  stmpe811.o(i.stmpe811_EnableGlobalIT)
    stmpe811_EnableITSource                  0x08008ffd   Thumb Code    30  stmpe811.o(i.stmpe811_EnableITSource)
    stmpe811_IO_EnableAF                     0x08009039   Thumb Code    30  stmpe811.o(i.stmpe811_IO_EnableAF)
    stmpe811_Init                            0x08009059   Thumb Code    42  stmpe811.o(i.stmpe811_Init)
    stmpe811_ReadID                          0x08009089   Thumb Code    32  stmpe811.o(i.stmpe811_ReadID)
    stmpe811_Reset                           0x080090a9   Thumb Code    40  stmpe811.o(i.stmpe811_Reset)
    stmpe811_TS_ClearIT                      0x080090d1   Thumb Code     6  stmpe811.o(i.stmpe811_TS_ClearIT)
    stmpe811_TS_DetectTouch                  0x080090d7   Thumb Code    54  stmpe811.o(i.stmpe811_TS_DetectTouch)
    stmpe811_TS_DisableIT                    0x0800910d   Thumb Code    20  stmpe811.o(i.stmpe811_TS_DisableIT)
    stmpe811_TS_EnableIT                     0x08009121   Thumb Code    26  stmpe811.o(i.stmpe811_TS_EnableIT)
    stmpe811_TS_GetXY                        0x0800913b   Thumb Code    62  stmpe811.o(i.stmpe811_TS_GetXY)
    stmpe811_TS_ITStatus                     0x08009179   Thumb Code    16  stmpe811.o(i.stmpe811_TS_ITStatus)
    stmpe811_TS_Start                        0x08009189   Thumb Code   162  stmpe811.o(i.stmpe811_TS_Start)
    testCalDisplay                           0x0800922d   Thumb Code   108  display.o(i.testCalDisplay)
    testIntroDisplay                         0x080092f9   Thumb Code   280  display.o(i.testIntroDisplay)
    testSavedDisplay                         0x08009415   Thumb Code   298  display.o(i.testSavedDisplay)
    testScreenDisplay                        0x080095c9   Thumb Code   280  display.o(i.testScreenDisplay)
    writeBilirubintoMemory                   0x080096ed   Thumb Code   128  w25qxx.o(i.writeBilirubintoMemory)
    writeCalendertoMemory                    0x08009775   Thumb Code   136  calender.o(i.writeCalendertoMemory)
    image_data_aymedLogo                     0x0800c02c   Data       31200  system.o(.constdata)
    aPLLMULFactorTable                       0x08013a0c   Data          16  stm32f3xx_hal_rcc.o(.constdata)
    aPredivFactorTable                       0x08013a1c   Data          16  stm32f3xx_hal_rcc.o(.constdata)
    AHBPrescTable                            0x08013a2c   Data          16  system_stm32f3xx.o(.constdata)
    APBPrescTable                            0x08013a3c   Data           8  system_stm32f3xx.o(.constdata)
    Region$$Table$$Base                      0x08013a44   Number         0  anon$$obj.o(Region$$Table)
    Region$$Table$$Limit                     0x08013a64   Number         0  anon$$obj.o(Region$$Table)
    displayState                             0x20000000   Data           1  display.o(.data)
    memPos                                   0x20000001   Data           1  display.o(.data)
    pageNumber                               0x20000002   Data           1  display.o(.data)
    memNo                                    0x20000004   Data           2  display.o(.data)
    TotPatNo                                 0x20000006   Data           2  display.o(.data)
    measurementNumber                        0x20000008   Data           2  display.o(.data)
    PTNi                                     0x2000000c   Data           4  display.o(.data)
    displayBuff                              0x20000010   Data          16  display.o(.data)
    redBarFlag                               0x20000020   Data           5  display.o(.data)
    Font_7x10                                0x20000028   Data           8  fonts.o(.data)
    Font_11x18                               0x20000030   Data           8  fonts.o(.data)
    Font_16x26                               0x20000038   Data           8  fonts.o(.data)
    PatientCounter                           0x20000040   Data           2  w25qxx.o(.data)
    id                                       0x20000044   Data           4  w25qxx.o(.data)
    C12666MA_VIDEO                           0x20000048   Data           2  c12666ma.o(.data)
    InjectedConvData                         0x2000004a   Data           2  c12666ma.o(.data)
    InjChannel                               0x2000004c   Data           4  c12666ma.o(.data)
    Video_data                               0x20000050   Data           4  c12666ma.o(.data)
    max                                      0x20000054   Data           2  calculation.o(.data)
    VID_53_56                                0x20000058   Data           4  calculation.o(.data)
    VID_95_01                                0x2000005c   Data           4  calculation.o(.data)
    Bil                                      0x20000060   Data           4  calculation.o(.data)
    BilResult                                0x20000064   Data           4  calculation.o(.data)
    RefSpect                                 0x20000068   Data        1024  calculation.o(.data)
    stmpe811_ts_drv                          0x20000468   Data          40  stmpe811.o(.data)
    stmpe811                                 0x20000490   Data           2  stmpe811.o(.data)
    battState                                0x20000494   Data           1  system.o(.data)
    BtCounter                                0x20000495   Data           1  system.o(.data)
    PowerState                               0x20000496   Data           1  system.o(.data)
    sleepCounter                             0x20000498   Data           4  system.o(.data)
    battery1Val                              0x2000049c   Data           4  system.o(.data)
    I2cxTimeout                              0x200004a4   Data           4  touchscreen.o(.data)
    hour2                                    0x200004c6   Data           1  calender.o(.data)
    minute2                                  0x200004c7   Data           1  calender.o(.data)
    day2                                     0x200004c8   Data           1  calender.o(.data)
    month2                                   0x200004c9   Data           1  calender.o(.data)
    year2                                    0x200004ca   Data           1  calender.o(.data)
    second3                                  0x200004cb   Data           1  calender.o(.data)
    hour3                                    0x200004cc   Data           1  calender.o(.data)
    minute3                                  0x200004cd   Data           1  calender.o(.data)
    day3                                     0x200004ce   Data           1  calender.o(.data)
    month3                                   0x200004cf   Data           1  calender.o(.data)
    year3                                    0x200004d0   Data           1  calender.o(.data)
    sDate                                    0x200004d1   Data           4  calender.o(.data)
    hour1                                    0x200004d5   Data           5  calender.o(.data)
    minute1                                  0x200004da   Data           5  calender.o(.data)
    second1                                  0x200004df   Data           5  calender.o(.data)
    day1                                     0x200004e4   Data           5  calender.o(.data)
    month1                                   0x200004e9   Data           5  calender.o(.data)
    year1                                    0x200004ee   Data           5  calender.o(.data)
    B_Status                                 0x200004f3   Data           1  main.o(.data)
    uwTickFreq                               0x200004f4   Data           1  stm32f3xx_hal.o(.data)
    uwTickPrio                               0x200004f8   Data           4  stm32f3xx_hal.o(.data)
    uwTick                                   0x200004fc   Data           4  stm32f3xx_hal.o(.data)
    SystemCoreClock                          0x20000500   Data           4  system_stm32f3xx.o(.data)
    __microlib_freelist                      0x20000504   Data           4  mvars.o(.data)
    __microlib_freelist_initialised          0x20000508   Data           4  mvars.o(.data)
    ImageBuffer                              0x2000050c   Data       12000  display.o(.bss)
    PatientAscii                             0x200033ec   Data          10  w25qxx.o(.bss)
    ReadSectorBuffer                         0x200033f6   Data         512  w25qxx.o(.bss)
    w25qxx                                   0x200035f6   Data          39  w25qxx.o(.bss)
    VIDEO_DATA                               0x2000361e   Data         512  c12666ma.o(.bss)
    movAvData                                0x20003820   Data        1024  calculation.o(.bss)
    Reflectance                              0x20003c20   Data        1024  calculation.o(.bss)
    rx_buff                                  0x20004020   Data          20  system.o(.bss)
    I2cHandle                                0x20004034   Data          76  touchscreen.o(.bss)
    sTime                                    0x20004080   Data          20  calender.o(.bss)
    date                                     0x20004094   Data          16  calender.o(.bss)
    time                                     0x200040a4   Data          16  calender.o(.bss)
    patientFr                                0x200040b4   Data         539  patient.o(.bss)
    readPtn                                  0x200042cf   Data         539  patient.o(.bss)
    hadc1                                    0x200044ec   Data          48  adc.o(.bss)
    hdma_adc1                                0x2000451c   Data          68  adc.o(.bss)
    hi2c2                                    0x20004560   Data          76  i2c.o(.bss)
    hrtc                                     0x200045ac   Data          32  rtc.o(.bss)
    hsdadc2                                  0x200045cc   Data          68  sdadc.o(.bss)
    hspi1                                    0x20004610   Data         100  spi.o(.bss)
    hspi2                                    0x20004674   Data         100  spi.o(.bss)
    htim6                                    0x200046d8   Data          64  tim.o(.bss)
    huart2                                   0x20004718   Data         128  usart.o(.bss)
    huart3                                   0x20004798   Data         128  usart.o(.bss)
    hdma_usart2_rx                           0x20004818   Data          68  usart.o(.bss)
    hdma_usart3_rx                           0x2000485c   Data          68  usart.o(.bss)
    hdma_usart3_tx                           0x200048a0   Data          68  usart.o(.bss)
    __heap_base                              0x200048e8   Data           0  startup_stm32f373xc.o(HEAP)
    __heap_limit                             0x20004ae8   Data           0  startup_stm32f373xc.o(HEAP)
    __initial_sp                             0x20004ee8   Data           0  startup_stm32f373xc.o(STACK)



==============================================================================

Memory Map of the image

  Image Entry point : 0x08000189

  Load Region LR_IROM1 (Base: 0x08000000, Size: 0x00013f70, Max: 0x00020000, ABSOLUTE, COMPRESSED[0x00013ebc])

    Execution Region ER_IROM1 (Exec base: 0x08000000, Load base: 0x08000000, Size: 0x00013a64, Max: 0x00020000, ABSOLUTE)

    Exec Addr    Load Addr    Size         Type   Attr      Idx    E Section Name        Object

    0x08000000   0x08000000   0x00000188   Data   RO            3    RESET               startup_stm32f373xc.o
    0x08000188   0x08000188   0x00000000   Code   RO         6585  * .ARM.Collect$$$$00000000  mc_w.l(entry.o)
    0x08000188   0x08000188   0x00000004   Code   RO         6901    .ARM.Collect$$$$00000001  mc_w.l(entry2.o)
    0x0800018c   0x0800018c   0x00000004   Code   RO         6904    .ARM.Collect$$$$00000004  mc_w.l(entry5.o)
    0x08000190   0x08000190   0x00000000   Code   RO         6906    .ARM.Collect$$$$00000008  mc_w.l(entry7b.o)
    0x08000190   0x08000190   0x00000000   Code   RO         6908    .ARM.Collect$$$$0000000A  mc_w.l(entry8b.o)
    0x08000190   0x08000190   0x00000008   Code   RO         6909    .ARM.Collect$$$$0000000B  mc_w.l(entry9a.o)
    0x08000198   0x08000198   0x00000000   Code   RO         6911    .ARM.Collect$$$$0000000D  mc_w.l(entry10a.o)
    0x08000198   0x08000198   0x00000000   Code   RO         6913    .ARM.Collect$$$$0000000F  mc_w.l(entry11a.o)
    0x08000198   0x08000198   0x00000004   Code   RO         6902    .ARM.Collect$$$$00002712  mc_w.l(entry2.o)
    0x0800019c   0x0800019c   0x00000024   Code   RO            4    .text               startup_stm32f373xc.o
    0x080001c0   0x080001c0   0x00000062   Code   RO         6588    .text               mc_w.l(uldiv.o)
    0x08000222   0x08000222   0x00000020   Code   RO         6590    .text               mc_w.l(llushr.o)
    0x08000242   0x08000242   0x00000024   Code   RO         6596    .text               mc_w.l(memseta.o)
    0x08000266   0x08000266   0x0000014e   Code   RO         6887    .text               mf_w.l(dadd.o)
    0x080003b4   0x080003b4   0x000000e4   Code   RO         6889    .text               mf_w.l(dmul.o)
    0x08000498   0x08000498   0x000000de   Code   RO         6891    .text               mf_w.l(ddiv.o)
    0x08000576   0x08000576   0x0000001a   Code   RO         6893    .text               mf_w.l(dfltui.o)
    0x08000590   0x08000590   0x00000032   Code   RO         6895    .text               mf_w.l(dfixui.o)
    0x080005c2   0x080005c2   0x00000026   Code   RO         6897    .text               mf_w.l(f2d.o)
    0x080005e8   0x080005e8   0x00000038   Code   RO         6899    .text               mf_w.l(d2f.o)
    0x08000620   0x08000620   0x0000002c   Code   RO         6918    .text               mc_w.l(uidiv.o)
    0x0800064c   0x0800064c   0x0000001e   Code   RO         6922    .text               mc_w.l(llshl.o)
    0x0800066a   0x0800066a   0x00000024   Code   RO         6924    .text               mc_w.l(llsshr.o)
    0x0800068e   0x0800068e   0x00000000   Code   RO         6932    .text               mc_w.l(iusefp.o)
    0x0800068e   0x0800068e   0x0000006e   Code   RO         6933    .text               mf_w.l(fepilogue.o)
    0x080006fc   0x080006fc   0x000000ba   Code   RO         6935    .text               mf_w.l(depilogue.o)
    0x080007b6   0x080007b6   0x00000030   Code   RO         6937    .text               mf_w.l(dfixul.o)
    0x080007e6   0x080007e6   0x00000002   PAD
    0x080007e8   0x080007e8   0x00000030   Code   RO         6939    .text               mf_w.l(cdrcmple.o)
    0x08000818   0x08000818   0x00000024   Code   RO         6941    .text               mc_w.l(init.o)
    0x0800083c   0x0800083c   0x00000056   Code   RO         6953    .text               mc_w.l(__dczerorl2.o)
    0x08000892   0x08000892   0x00000002   PAD
    0x08000894   0x08000894   0x0000004c   Code   RO         2382    i.ADC_ConversionStop_Disable  stm32f3xx_hal_adc_ex.o
    0x080008e0   0x080008e0   0x00000070   Code   RO         2386    i.ADC_Enable        stm32f3xx_hal_adc_ex.o
    0x08000950   0x08000950   0x000000b0   Code   RO         1268    i.BSP_TS_GetState   touchscreen.o
    0x08000a00   0x08000a00   0x00000038   Code   RO         1272    i.BSP_TS_Init       touchscreen.o
    0x08000a38   0x08000a38   0x000001f4   Code   RO          882    i.BilCalculation    calculation.o
    0x08000c2c   0x08000c2c   0x00000002   Code   RO         2073    i.BusFault_Handler  stm32f3xx_it.o
    0x08000c2e   0x08000c2e   0x00000030   Code   RO         1173    i.BuzzerBip         system.o
    0x08000c5e   0x08000c5e   0x00000002   PAD
    0x08000c60   0x08000c60   0x00000038   Code   RO          834    i.C12666MA_Init     c12666ma.o
    0x08000c98   0x08000c98   0x000000fc   Code   RO           13    i.CalDisplay1       display.o
    0x08000d94   0x08000d94   0x00000080   Code   RO           14    i.CalDisplay2       display.o
    0x08000e14   0x08000e14   0x00000080   Code   RO           15    i.CalDisplay3       display.o
    0x08000e94   0x08000e94   0x00000080   Code   RO           16    i.CalDisplay4       display.o
    0x08000f14   0x08000f14   0x00000020   Code   RO         1388    i.Calibration_GetX  ts_calibration.o
    0x08000f34   0x08000f34   0x00000020   Code   RO         1389    i.Calibration_GetY  ts_calibration.o
    0x08000f54   0x08000f54   0x000000a4   Code   RO         1174    i.CheckPushBt       system.o
    0x08000ff8   0x08000ff8   0x0000000c   Code   RO         2074    i.DMA1_Channel1_IRQHandler  stm32f3xx_it.o
    0x08001004   0x08001004   0x0000000c   Code   RO         2075    i.DMA1_Channel2_IRQHandler  stm32f3xx_it.o
    0x08001010   0x08001010   0x0000000c   Code   RO         2076    i.DMA1_Channel3_IRQHandler  stm32f3xx_it.o
    0x0800101c   0x0800101c   0x0000000c   Code   RO         2077    i.DMA1_Channel6_IRQHandler  stm32f3xx_it.o
    0x08001028   0x08001028   0x0000003c   Code   RO         2949    i.DMA_CalcBaseAndBitshift  stm32f3xx_hal_dma.o
    0x08001064   0x08001064   0x0000002a   Code   RO         2950    i.DMA_SetConfig     stm32f3xx_hal_dma.o
    0x0800108e   0x0800108e   0x00000002   PAD
    0x08001090   0x08001090   0x00000044   Code   RO          935    i.DWT_Delay_Init    dwt_stm32_delay.o
    0x080010d4   0x080010d4   0x0000002c   Code   RO          586    i.DWT_Delay_us      w25qxx.o
    0x08001100   0x08001100   0x0000002c   Code   RO          835    i.DWT_Delay_us      c12666ma.o
    0x0800112c   0x0800112c   0x0000002c   Code   RO         1175    i.DWT_Delay_us      system.o
    0x08001158   0x08001158   0x00000002   Code   RO         2078    i.DebugMon_Handler  stm32f3xx_it.o
    0x0800115a   0x0800115a   0x00000002   PAD
    0x0800115c   0x0800115c   0x000001a4   Code   RO           17    i.DetailScreen      display.o
    0x08001300   0x08001300   0x000000a8   Code   RO           18    i.DltMemDisplay     display.o
    0x080013a8   0x080013a8   0x0000008e   Code   RO          478    i.Draw_rectangle    ili9341.o
    0x08001436   0x08001436   0x00000008   Code   RO         2079    i.EXTI15_10_IRQHandler  stm32f3xx_it.o
    0x0800143e   0x0800143e   0x00000006   Code   RO         2080    i.EXTI2_TSC_IRQHandler  stm32f3xx_it.o
    0x08001444   0x08001444   0x00000008   Code   RO         2081    i.EXTI9_5_IRQHandler  stm32f3xx_it.o
    0x0800144c   0x0800144c   0x00000058   Code   RO          587    i.EraseSectors      w25qxx.o
    0x080014a4   0x080014a4   0x00000084   Code   RO           19    i.ErrorDisplay3     display.o
    0x08001528   0x08001528   0x00000002   Code   RO         1666    i.Error_Handler     main.o
    0x0800152a   0x0800152a   0x00000002   PAD
    0x0800152c   0x0800152c   0x000000f8   Code   RO         2397    i.HAL_ADC_ConfigChannel  stm32f3xx_hal_adc_ex.o
    0x08001624   0x08001624   0x00000006   Code   RO         2399    i.HAL_ADC_GetValue  stm32f3xx_hal_adc_ex.o
    0x0800162a   0x0800162a   0x00000002   PAD
    0x0800162c   0x0800162c   0x0000011c   Code   RO         2401    i.HAL_ADC_Init      stm32f3xx_hal_adc_ex.o
    0x08001748   0x08001748   0x00000090   Code   RO         1730    i.HAL_ADC_MspInit   adc.o
    0x080017d8   0x080017d8   0x0000013c   Code   RO         2402    i.HAL_ADC_PollForConversion  stm32f3xx_hal_adc_ex.o
    0x08001914   0x08001914   0x00000082   Code   RO         2404    i.HAL_ADC_Start     stm32f3xx_hal_adc_ex.o
    0x08001996   0x08001996   0x00000034   Code   RO         2407    i.HAL_ADC_Stop      stm32f3xx_hal_adc_ex.o
    0x080019ca   0x080019ca   0x0000004a   Code   RO         2952    i.HAL_DMA_Abort_IT  stm32f3xx_hal_dma.o
    0x08001a14   0x08001a14   0x000000a8   Code   RO         2956    i.HAL_DMA_IRQHandler  stm32f3xx_hal_dma.o
    0x08001abc   0x08001abc   0x0000004e   Code   RO         2957    i.HAL_DMA_Init      stm32f3xx_hal_dma.o
    0x08001b0a   0x08001b0a   0x00000070   Code   RO         2961    i.HAL_DMA_Start_IT  stm32f3xx_hal_dma.o
    0x08001b7a   0x08001b7a   0x00000002   PAD
    0x08001b7c   0x08001b7c   0x00000024   Code   RO         2570    i.HAL_Delay         stm32f3xx_hal.o
    0x08001ba0   0x08001ba0   0x00000138   Code   RO         2883    i.HAL_GPIO_DeInit   stm32f3xx_hal_gpio.o
    0x08001cd8   0x08001cd8   0x000001a4   Code   RO         1176    i.HAL_GPIO_EXTI_Callback  system.o
    0x08001e7c   0x08001e7c   0x00000018   Code   RO         2885    i.HAL_GPIO_EXTI_IRQHandler  stm32f3xx_hal_gpio.o
    0x08001e94   0x08001e94   0x00000188   Code   RO         2886    i.HAL_GPIO_Init     stm32f3xx_hal_gpio.o
    0x0800201c   0x0800201c   0x0000000a   Code   RO         2888    i.HAL_GPIO_ReadPin  stm32f3xx_hal_gpio.o
    0x08002026   0x08002026   0x0000000a   Code   RO         2890    i.HAL_GPIO_WritePin  stm32f3xx_hal_gpio.o
    0x08002030   0x08002030   0x0000000c   Code   RO         2574    i.HAL_GetTick       stm32f3xx_hal.o
    0x0800203c   0x0800203c   0x00000056   Code   RO         3979    i.HAL_I2CEx_ConfigAnalogFilter  stm32f3xx_hal_i2c_ex.o
    0x08002092   0x08002092   0x00000052   Code   RO         3980    i.HAL_I2CEx_ConfigDigitalFilter  stm32f3xx_hal_i2c_ex.o
    0x080020e4   0x080020e4   0x00000028   Code   RO         3983    i.HAL_I2CEx_EnableFastModePlus  stm32f3xx_hal_i2c_ex.o
    0x0800210c   0x0800210c   0x00000032   Code   RO         3524    i.HAL_I2C_DeInit    stm32f3xx_hal_i2c.o
    0x0800213e   0x0800213e   0x00000002   PAD
    0x08002140   0x08002140   0x000000b8   Code   RO         3533    i.HAL_I2C_Init      stm32f3xx_hal_i2c.o
    0x080021f8   0x080021f8   0x00000164   Code   RO         3551    i.HAL_I2C_Mem_Read  stm32f3xx_hal_i2c.o
    0x0800235c   0x0800235c   0x00000158   Code   RO         3554    i.HAL_I2C_Mem_Write  stm32f3xx_hal_i2c.o
    0x080024b4   0x080024b4   0x00000028   Code   RO         1796    i.HAL_I2C_MspDeInit  i2c.o
    0x080024dc   0x080024dc   0x00000064   Code   RO         1797    i.HAL_I2C_MspInit   i2c.o
    0x08002540   0x08002540   0x00000010   Code   RO         2580    i.HAL_IncTick       stm32f3xx_hal.o
    0x08002550   0x08002550   0x00000024   Code   RO         2581    i.HAL_Init          stm32f3xx_hal.o
    0x08002574   0x08002574   0x00000040   Code   RO         2582    i.HAL_InitTick      stm32f3xx_hal.o
    0x080025b4   0x080025b4   0x0000002c   Code   RO         2208    i.HAL_MspInit       stm32f3xx_hal_msp.o
    0x080025e0   0x080025e0   0x0000001a   Code   RO         3054    i.HAL_NVIC_EnableIRQ  stm32f3xx_hal_cortex.o
    0x080025fa   0x080025fa   0x00000002   PAD
    0x080025fc   0x080025fc   0x00000040   Code   RO         3060    i.HAL_NVIC_SetPriority  stm32f3xx_hal_cortex.o
    0x0800263c   0x0800263c   0x00000024   Code   RO         3061    i.HAL_NVIC_SetPriorityGrouping  stm32f3xx_hal_cortex.o
    0x08002660   0x08002660   0x00000028   Code   RO         3275    i.HAL_PWREx_EnableSDADC  stm32f3xx_hal_pwr_ex.o
    0x08002688   0x08002688   0x00000010   Code   RO         3189    i.HAL_PWR_EnableBkUpAccess  stm32f3xx_hal_pwr.o
    0x08002698   0x08002698   0x000001d0   Code   RO         2844    i.HAL_RCCEx_PeriphCLKConfig  stm32f3xx_hal_rcc_ex.o
    0x08002868   0x08002868   0x00000148   Code   RO         2738    i.HAL_RCC_ClockConfig  stm32f3xx_hal_rcc.o
    0x080029b0   0x080029b0   0x0000000c   Code   RO         2743    i.HAL_RCC_GetHCLKFreq  stm32f3xx_hal_rcc.o
    0x080029bc   0x080029bc   0x00000030   Code   RO         2745    i.HAL_RCC_GetPCLK1Freq  stm32f3xx_hal_rcc.o
    0x080029ec   0x080029ec   0x00000030   Code   RO         2746    i.HAL_RCC_GetPCLK2Freq  stm32f3xx_hal_rcc.o
    0x08002a1c   0x08002a1c   0x0000006c   Code   RO         2747    i.HAL_RCC_GetSysClockFreq  stm32f3xx_hal_rcc.o
    0x08002a88   0x08002a88   0x000005c8   Code   RO         2750    i.HAL_RCC_OscConfig  stm32f3xx_hal_rcc.o
    0x08003050   0x08003050   0x00000044   Code   RO         4110    i.HAL_RTC_GetDate   stm32f3xx_hal_rtc.o
    0x08003094   0x08003094   0x00000058   Code   RO         4112    i.HAL_RTC_GetTime   stm32f3xx_hal_rtc.o
    0x080030ec   0x080030ec   0x000000ac   Code   RO         4113    i.HAL_RTC_Init      stm32f3xx_hal_rtc.o
    0x08003198   0x08003198   0x00000028   Code   RO         1836    i.HAL_RTC_MspInit   rtc.o
    0x080031c0   0x080031c0   0x000000c8   Code   RO         4119    i.HAL_RTC_SetDate   stm32f3xx_hal_rtc.o
    0x08003288   0x08003288   0x000000ec   Code   RO         4120    i.HAL_RTC_SetTime   stm32f3xx_hal_rtc.o
    0x08003374   0x08003374   0x00000036   Code   RO         4121    i.HAL_RTC_WaitForSynchro  stm32f3xx_hal_rtc.o
    0x080033aa   0x080033aa   0x00000002   PAD
    0x080033ac   0x080033ac   0x00000064   Code   RO         4470    i.HAL_SDADC_AssociateChannelConfig  stm32f3xx_hal_sdadc.o
    0x08003410   0x08003410   0x00000002   Code   RO         4471    i.HAL_SDADC_CalibrationCpltCallback  stm32f3xx_hal_sdadc.o
    0x08003412   0x08003412   0x00000052   Code   RO         4472    i.HAL_SDADC_CalibrationStart  stm32f3xx_hal_sdadc.o
    0x08003464   0x08003464   0x00000002   Code   RO         4475    i.HAL_SDADC_ConvCpltCallback  stm32f3xx_hal_sdadc.o
    0x08003466   0x08003466   0x00000002   Code   RO         4478    i.HAL_SDADC_ErrorCallback  stm32f3xx_hal_sdadc.o
    0x08003468   0x08003468   0x000000e8   Code   RO         4482    i.HAL_SDADC_IRQHandler  stm32f3xx_hal_sdadc.o
    0x08003550   0x08003550   0x00000098   Code   RO         4483    i.HAL_SDADC_Init    stm32f3xx_hal_sdadc.o
    0x080035e8   0x080035e8   0x00000048   Code   RO         4484    i.HAL_SDADC_InjectedConfigChannel  stm32f3xx_hal_sdadc.o
    0x08003630   0x08003630   0x00000024   Code   RO          836    i.HAL_SDADC_InjectedConvCpltCallback  c12666ma.o
    0x08003654   0x08003654   0x0000000e   Code   RO         4487    i.HAL_SDADC_InjectedGetValue  stm32f3xx_hal_sdadc.o
    0x08003662   0x08003662   0x0000001e   Code   RO         4494    i.HAL_SDADC_InjectedStart_IT  stm32f3xx_hal_sdadc.o
    0x08003680   0x08003680   0x0000006c   Code   RO         1875    i.HAL_SDADC_MspInit  sdadc.o
    0x080036ec   0x080036ec   0x0000004a   Code   RO         4504    i.HAL_SDADC_PollForCalibEvent  stm32f3xx_hal_sdadc.o
    0x08003736   0x08003736   0x00000050   Code   RO         4507    i.HAL_SDADC_PrepareChannelConfig  stm32f3xx_hal_sdadc.o
    0x08003786   0x08003786   0x00000042   Code   RO         4508    i.HAL_SDADC_SelectInjectedDelay  stm32f3xx_hal_sdadc.o
    0x080037c8   0x080037c8   0x00000030   Code   RO         4510    i.HAL_SDADC_SelectInjectedTrigger  stm32f3xx_hal_sdadc.o
    0x080037f8   0x080037f8   0x000000b6   Code   RO         4842    i.HAL_SPI_Init      stm32f3xx_hal_spi.o
    0x080038ae   0x080038ae   0x00000002   PAD
    0x080038b0   0x080038b0   0x000000e0   Code   RO         1914    i.HAL_SPI_MspInit   spi.o
    0x08003990   0x08003990   0x0000017e   Code   RO         4845    i.HAL_SPI_Receive   stm32f3xx_hal_spi.o
    0x08003b0e   0x08003b0e   0x0000017e   Code   RO         4850    i.HAL_SPI_Transmit  stm32f3xx_hal_spi.o
    0x08003c8c   0x08003c8c   0x00000262   Code   RO         4851    i.HAL_SPI_TransmitReceive  stm32f3xx_hal_spi.o
    0x08003eee   0x08003eee   0x00000028   Code   RO         3065    i.HAL_SYSTICK_Config  stm32f3xx_hal_cortex.o
    0x08003f16   0x08003f16   0x00000002   PAD
    0x08003f18   0x08003f18   0x00000088   Code   RO         5889    i.HAL_TIMEx_MasterConfigSynchronization  stm32f3xx_hal_tim_ex.o
    0x08003fa0   0x08003fa0   0x00000036   Code   RO         5184    i.HAL_TIM_Base_Init  stm32f3xx_hal_tim.o
    0x08003fd6   0x08003fd6   0x00000002   PAD
    0x08003fd8   0x08003fd8   0x00000028   Code   RO         1986    i.HAL_TIM_Base_MspInit  tim.o
    0x08004000   0x08004000   0x00000002   Code   RO         6501    i.HAL_UARTEx_WakeupCallback  stm32f3xx_hal_uart_ex.o
    0x08004002   0x08004002   0x00000002   Code   RO         6146    i.HAL_UART_ErrorCallback  stm32f3xx_hal_uart.o
    0x08004004   0x08004004   0x00000160   Code   RO         6149    i.HAL_UART_IRQHandler  stm32f3xx_hal_uart.o
    0x08004164   0x08004164   0x00000066   Code   RO         6150    i.HAL_UART_Init     stm32f3xx_hal_uart.o
    0x080041ca   0x080041ca   0x00000002   PAD
    0x080041cc   0x080041cc   0x00000184   Code   RO         2025    i.HAL_UART_MspInit  usart.o
    0x08004350   0x08004350   0x0000009c   Code   RO         6154    i.HAL_UART_Receive_DMA  stm32f3xx_hal_uart.o
    0x080043ec   0x080043ec   0x00000048   Code   RO         1433    i.HAL_UART_RxCpltCallback  barcode.o
    0x08004434   0x08004434   0x00000002   Code   RO         6158    i.HAL_UART_RxHalfCpltCallback  stm32f3xx_hal_uart.o
    0x08004436   0x08004436   0x00000002   PAD
    0x08004438   0x08004438   0x00000064   Code   RO         6161    i.HAL_UART_Transmit_IT  stm32f3xx_hal_uart.o
    0x0800449c   0x0800449c   0x00000002   Code   RO         6162    i.HAL_UART_TxCpltCallback  stm32f3xx_hal_uart.o
    0x0800449e   0x0800449e   0x00000002   Code   RO         2082    i.HardFault_Handler  stm32f3xx_it.o
    0x080044a0   0x080044a0   0x00000022   Code   RO         3580    i.I2C_Flush_TXDR    stm32f3xx_hal_i2c.o
    0x080044c2   0x080044c2   0x00000002   PAD
    0x080044c4   0x080044c4   0x00000084   Code   RO         3588    i.I2C_IsAcknowledgeFailed  stm32f3xx_hal_i2c.o
    0x08004548   0x08004548   0x00000064   Code   RO         3591    i.I2C_RequestMemoryRead  stm32f3xx_hal_i2c.o
    0x080045ac   0x080045ac   0x00000064   Code   RO         3592    i.I2C_RequestMemoryWrite  stm32f3xx_hal_i2c.o
    0x08004610   0x08004610   0x0000002c   Code   RO         3595    i.I2C_TransferConfig  stm32f3xx_hal_i2c.o
    0x0800463c   0x0800463c   0x00000058   Code   RO         3596    i.I2C_WaitOnFlagUntilTimeout  stm32f3xx_hal_i2c.o
    0x08004694   0x08004694   0x0000004c   Code   RO         3598    i.I2C_WaitOnSTOPFlagUntilTimeout  stm32f3xx_hal_i2c.o
    0x080046e0   0x080046e0   0x00000050   Code   RO         3599    i.I2C_WaitOnTXISFlagUntilTimeout  stm32f3xx_hal_i2c.o
    0x08004730   0x08004730   0x00000014   Code   RO         1273    i.I2Cx_Error        touchscreen.o
    0x08004744   0x08004744   0x00000060   Code   RO         1274    i.I2Cx_Init         touchscreen.o
    0x080047a4   0x080047a4   0x0000009c   Code   RO         1275    i.I2Cx_MspInit      touchscreen.o
    0x08004840   0x08004840   0x0000005c   Code   RO          479    i.ILI9341_DrawImage  ili9341.o
    0x0800489c   0x0800489c   0x0000003e   Code   RO          480    i.ILI9341_DrawPixel  ili9341.o
    0x080048da   0x080048da   0x00000002   PAD
    0x080048dc   0x080048dc   0x000000a0   Code   RO          481    i.ILI9341_FillRectangle  ili9341.o
    0x0800497c   0x0800497c   0x00000014   Code   RO          482    i.ILI9341_FillScreen  ili9341.o
    0x08004990   0x08004990   0x00000230   Code   RO          483    i.ILI9341_Init      ili9341.o
    0x08004bc0   0x08004bc0   0x0000000e   Code   RO          485    i.ILI9341_Select    ili9341.o
    0x08004bce   0x08004bce   0x00000058   Code   RO          486    i.ILI9341_SetAddressWindow  ili9341.o
    0x08004c26   0x08004c26   0x0000000c   Code   RO          487    i.ILI9341_Unselect  ili9341.o
    0x08004c32   0x08004c32   0x00000002   PAD
    0x08004c34   0x08004c34   0x0000008c   Code   RO          488    i.ILI9341_WriteChar  ili9341.o
    0x08004cc0   0x08004cc0   0x00000028   Code   RO          489    i.ILI9341_WriteCommand  ili9341.o
    0x08004ce8   0x08004ce8   0x00000048   Code   RO          490    i.ILI9341_WriteData  ili9341.o
    0x08004d30   0x08004d30   0x00000060   Code   RO          491    i.ILI9341_WriteString  ili9341.o
    0x08004d90   0x08004d90   0x00000004   Code   RO         1276    i.IOE_Delay         touchscreen.o
    0x08004d94   0x08004d94   0x00000050   Code   RO         1277    i.IOE_ITConfig      touchscreen.o
    0x08004de4   0x08004de4   0x00000004   Code   RO         1278    i.IOE_Init          touchscreen.o
    0x08004de8   0x08004de8   0x00000034   Code   RO         1279    i.IOE_Read          touchscreen.o
    0x08004e1c   0x08004e1c   0x00000030   Code   RO         1280    i.IOE_ReadMultiple  touchscreen.o
    0x08004e4c   0x08004e4c   0x00000030   Code   RO         1281    i.IOE_Write         touchscreen.o
    0x08004e7c   0x08004e7c   0x0000000c   Code   RO         1390    i.IsCalibrationDone  ts_calibration.o
    0x08004e88   0x08004e88   0x00000050   Code   RO         1731    i.MX_ADC1_Init      adc.o
    0x08004ed8   0x08004ed8   0x0000005c   Code   RO         1772    i.MX_DMA_Init       dma.o
    0x08004f34   0x08004f34   0x00000278   Code   RO         1705    i.MX_GPIO_Init      gpio.o
    0x080051ac   0x080051ac   0x00000058   Code   RO         1798    i.MX_I2C2_Init      i2c.o
    0x08005204   0x08005204   0x0000003c   Code   RO         1837    i.MX_RTC_Init       rtc.o
    0x08005240   0x08005240   0x000000b0   Code   RO         1876    i.MX_SDADC2_Init    sdadc.o
    0x080052f0   0x080052f0   0x00000050   Code   RO         1915    i.MX_SPI1_Init      spi.o
    0x08005340   0x08005340   0x00000050   Code   RO         1916    i.MX_SPI2_Init      spi.o
    0x08005390   0x08005390   0x00000048   Code   RO         1987    i.MX_TIM6_Init      tim.o
    0x080053d8   0x080053d8   0x0000003c   Code   RO         2026    i.MX_USART2_UART_Init  usart.o
    0x08005414   0x08005414   0x0000003c   Code   RO         2027    i.MX_USART3_UART_Init  usart.o
    0x08005450   0x08005450   0x0000043c   Code   RO           20    i.MemDetailScreen   display.o
    0x0800588c   0x0800588c   0x00000002   Code   RO         2083    i.MemManage_Handler  stm32f3xx_it.o
    0x0800588e   0x0800588e   0x00000002   PAD
    0x08005890   0x08005890   0x000000bc   Code   RO           21    i.MemoryDisplay     display.o
    0x0800594c   0x0800594c   0x00000002   Code   RO         2084    i.NMI_Handler       stm32f3xx_it.o
    0x0800594e   0x0800594e   0x00000002   Code   RO         2085    i.PendSV_Handler    stm32f3xx_it.o
    0x08005950   0x08005950   0x00000012   Code   RO         4122    i.RTC_Bcd2ToByte    stm32f3xx_hal_rtc.o
    0x08005962   0x08005962   0x00000016   Code   RO         4123    i.RTC_ByteToBcd2    stm32f3xx_hal_rtc.o
    0x08005978   0x08005978   0x0000003a   Code   RO         4124    i.RTC_EnterInitMode  stm32f3xx_hal_rtc.o
    0x080059b2   0x080059b2   0x00000002   PAD
    0x080059b4   0x080059b4   0x0000000c   Code   RO         2086    i.SDADC2_IRQHandler  stm32f3xx_it.o
    0x080059c0   0x080059c0   0x00000032   Code   RO         4523    i.SDADC_EnterInitMode  stm32f3xx_hal_sdadc.o
    0x080059f2   0x080059f2   0x0000000c   Code   RO         4524    i.SDADC_ExitInitMode  stm32f3xx_hal_sdadc.o
    0x080059fe   0x080059fe   0x00000062   Code   RO         4525    i.SDADC_InjConvStart  stm32f3xx_hal_sdadc.o
    0x08005a60   0x08005a60   0x00000074   Code   RO         4879    i.SPI_EndRxTransaction  stm32f3xx_hal_spi.o
    0x08005ad4   0x08005ad4   0x00000048   Code   RO         4880    i.SPI_EndRxTxTransaction  stm32f3xx_hal_spi.o
    0x08005b1c   0x08005b1c   0x00000096   Code   RO         4885    i.SPI_WaitFifoStateUntilTimeout  stm32f3xx_hal_spi.o
    0x08005bb2   0x08005bb2   0x00000094   Code   RO         4886    i.SPI_WaitFlagStateUntilTimeout  stm32f3xx_hal_spi.o
    0x08005c46   0x08005c46   0x00000002   Code   RO         2087    i.SVC_Handler       stm32f3xx_it.o
    0x08005c48   0x08005c48   0x00000024   Code   RO          588    i.SaveBlcRef        w25qxx.o
    0x08005c6c   0x08005c6c   0x00000064   Code   RO          589    i.SaveSpectrumToSector  w25qxx.o
    0x08005cd0   0x08005cd0   0x00000024   Code   RO          590    i.SaveWhtRef        w25qxx.o
    0x08005cf4   0x08005cf4   0x00000134   Code   RO           22    i.SettingsDisplay   display.o
    0x08005e28   0x08005e28   0x0000008c   Code   RO         1177    i.SysInit           system.o
    0x08005eb4   0x08005eb4   0x00000004   Code   RO         2088    i.SysTick_Handler   stm32f3xx_it.o
    0x08005eb8   0x08005eb8   0x00000098   Code   RO         1667    i.SystemClock_Config  main.o
    0x08005f50   0x08005f50   0x0000001c   Code   RO         6551    i.SystemInit        system_stm32f3xx.o
    0x08005f6c   0x08005f6c   0x000000c8   Code   RO         5274    i.TIM_Base_SetConfig  stm32f3xx_hal_tim.o
    0x08006034   0x08006034   0x0000004c   Code   RO         1391    i.Touchscreen_Calibration  ts_calibration.o
    0x08006080   0x08006080   0x00000a10   Code   RO         1283    i.Touchscreen_demo  touchscreen.o
    0x08006a90   0x08006a90   0x000000f4   Code   RO          591    i.TransferData      w25qxx.o
    0x08006b84   0x08006b84   0x000000c8   Code   RO         6164    i.UART_AdvFeatureConfig  stm32f3xx_hal_uart.o
    0x08006c4c   0x08006c4c   0x00000058   Code   RO         6165    i.UART_CheckIdleState  stm32f3xx_hal_uart.o
    0x08006ca4   0x08006ca4   0x00000014   Code   RO         6166    i.UART_DMAAbortOnError  stm32f3xx_hal_uart.o
    0x08006cb8   0x08006cb8   0x00000048   Code   RO         6167    i.UART_DMAError     stm32f3xx_hal_uart.o
    0x08006d00   0x08006d00   0x0000003a   Code   RO         6168    i.UART_DMAReceiveCplt  stm32f3xx_hal_uart.o
    0x08006d3a   0x08006d3a   0x0000000a   Code   RO         6170    i.UART_DMARxHalfCplt  stm32f3xx_hal_uart.o
    0x08006d44   0x08006d44   0x0000001e   Code   RO         6176    i.UART_EndRxTransfer  stm32f3xx_hal_uart.o
    0x08006d62   0x08006d62   0x00000010   Code   RO         6177    i.UART_EndTxTransfer  stm32f3xx_hal_uart.o
    0x08006d72   0x08006d72   0x00000002   PAD
    0x08006d74   0x08006d74   0x00000194   Code   RO         6180    i.UART_SetConfig    stm32f3xx_hal_uart.o
    0x08006f08   0x08006f08   0x00000040   Code   RO         6181    i.UART_TxISR_16BIT  stm32f3xx_hal_uart.o
    0x08006f48   0x08006f48   0x0000003c   Code   RO         6182    i.UART_TxISR_8BIT   stm32f3xx_hal_uart.o
    0x08006f84   0x08006f84   0x000000a4   Code   RO         6183    i.UART_WaitOnFlagUntilTimeout  stm32f3xx_hal_uart.o
    0x08007028   0x08007028   0x0000000c   Code   RO         2089    i.USART2_IRQHandler  stm32f3xx_it.o
    0x08007034   0x08007034   0x0000000c   Code   RO         2090    i.USART3_IRQHandler  stm32f3xx_it.o
    0x08007040   0x08007040   0x00000002   Code   RO         2091    i.UsageFault_Handler  stm32f3xx_it.o
    0x08007042   0x08007042   0x00000002   PAD
    0x08007044   0x08007044   0x00000018   Code   RO          592    i.W25qxx_BlockToPage  w25qxx.o
    0x0800705c   0x0800705c   0x0000008c   Code   RO          595    i.W25qxx_EraseSector  w25qxx.o
    0x080070e8   0x080070e8   0x00000118   Code   RO          596    i.W25qxx_Init       w25qxx.o
    0x08007200   0x08007200   0x0000006c   Code   RO          602    i.W25qxx_ReadBlock  w25qxx.o
    0x0800726c   0x0800726c   0x00000084   Code   RO          603    i.W25qxx_ReadByte   w25qxx.o
    0x080072f0   0x080072f0   0x00000048   Code   RO          605    i.W25qxx_ReadID     w25qxx.o
    0x08007338   0x08007338   0x000000ac   Code   RO          606    i.W25qxx_ReadPage   w25qxx.o
    0x080073e4   0x080073e4   0x0000006c   Code   RO          607    i.W25qxx_ReadSector  w25qxx.o
    0x08007450   0x08007450   0x0000006c   Code   RO          608    i.W25qxx_ReadStatusRegister  w25qxx.o
    0x080074bc   0x080074bc   0x00000050   Code   RO          609    i.W25qxx_ReadUniqID  w25qxx.o
    0x0800750c   0x0800750c   0x00000018   Code   RO          611    i.W25qxx_SectorToPage  w25qxx.o
    0x08007524   0x08007524   0x00000020   Code   RO          612    i.W25qxx_Spi        w25qxx.o
    0x08007544   0x08007544   0x00000050   Code   RO          613    i.W25qxx_WaitForWriteEnd  w25qxx.o
    0x08007594   0x08007594   0x00000088   Code   RO          615    i.W25qxx_WriteByte  w25qxx.o
    0x0800761c   0x0800761c   0x00000030   Code   RO          617    i.W25qxx_WriteEnable  w25qxx.o
    0x0800764c   0x0800764c   0x000000bc   Code   RO          618    i.W25qxx_WritePage  w25qxx.o
    0x08007708   0x08007708   0x0000006c   Code   RO          619    i.W25qxx_WriteSector  w25qxx.o
    0x08007774   0x08007774   0x00000028   Code   RO         6833    i.__0sprintf        mc_w.l(printfa.o)
    0x0800779c   0x0800779c   0x00000020   Code   RO         3067    i.__NVIC_SetPriority  stm32f3xx_hal_cortex.o
    0x080077bc   0x080077bc   0x00000024   Code   RO         1178    i.__NVIC_SystemReset  system.o
    0x080077e0   0x080077e0   0x0000000e   Code   RO         6947    i.__scatterload_copy  mc_w.l(handlers.o)
    0x080077ee   0x080077ee   0x00000002   Code   RO         6948    i.__scatterload_null  mc_w.l(handlers.o)
    0x080077f0   0x080077f0   0x0000000e   Code   RO         6949    i.__scatterload_zeroinit  mc_w.l(handlers.o)
    0x080077fe   0x080077fe   0x00000002   PAD
    0x08007800   0x08007800   0x00000184   Code   RO         6838    i._fp_digits        mc_w.l(printfa.o)
    0x08007984   0x08007984   0x000006dc   Code   RO         6839    i._printf_core      mc_w.l(printfa.o)
    0x08008060   0x08008060   0x00000024   Code   RO         6840    i._printf_post_padding  mc_w.l(printfa.o)
    0x08008084   0x08008084   0x0000002e   Code   RO         6841    i._printf_pre_padding  mc_w.l(printfa.o)
    0x080080b2   0x080080b2   0x0000000a   Code   RO         6843    i._sputc            mc_w.l(printfa.o)
    0x080080bc   0x080080bc   0x00000044   Code   RO           23    i.backApplyScreen   display.o
    0x08008100   0x08008100   0x00000044   Code   RO           24    i.backSetScreen     display.o
    0x08008144   0x08008144   0x000001d0   Code   RO         1179    i.batteryLevel      system.o
    0x08008314   0x08008314   0x000000b8   Code   RO           26    i.dataSettings      display.o
    0x080083cc   0x080083cc   0x000000c4   Code   RO         1552    i.getCalender       calender.o
    0x08008490   0x08008490   0x00000094   Code   RO           27    i.getpatientNum     display.o
    0x08008524   0x08008524   0x0000008c   Code   RO         1668    i.main              main.o
    0x080085b0   0x080085b0   0x000000cc   Code   RO           29    i.mainScreenDisplay  display.o
    0x0800867c   0x0800867c   0x0000006c   Code   RO         6860    i.malloc            mc_w.l(malloc.o)
    0x080086e8   0x080086e8   0x00000048   Code   RO           30    i.measurementNum    display.o
    0x08008730   0x08008730   0x00000110   Code   RO           31    i.memoryPageDisplay  display.o
    0x08008840   0x08008840   0x00000054   Code   RO          885    i.movingAvarage     calculation.o
    0x08008894   0x08008894   0x00000078   Code   RO           32    i.printBilirubinVal_mg_dL  display.o
    0x0800890c   0x0800890c   0x0000006c   Code   RO           33    i.printBilirubinVal_umol_L  display.o
    0x08008978   0x08008978   0x000000ac   Code   RO           35    i.printbilirubinAsGraph  display.o
    0x08008a24   0x08008a24   0x0000025c   Code   RO          837    i.readSpectrometer  c12666ma.o
    0x08008c80   0x08008c80   0x00000040   Code   RO         1554    i.setDate           calender.o
    0x08008cc0   0x08008cc0   0x00000088   Code   RO         1555    i.setDateDsp        calender.o
    0x08008d48   0x08008d48   0x000000e4   Code   RO           36    i.setDateScreen     display.o
    0x08008e2c   0x08008e2c   0x0000003c   Code   RO         1556    i.setTime           calender.o
    0x08008e68   0x08008e68   0x00000078   Code   RO         1557    i.setTimeDsp        calender.o
    0x08008ee0   0x08008ee0   0x000000b0   Code   RO           37    i.setTimeScreen     display.o
    0x08008f90   0x08008f90   0x0000000c   Code   RO         1182    i.sleepCounterReset  system.o
    0x08008f9c   0x08008f9c   0x0000000a   Code   RO          959    i.stmpe811_ClearGlobalIT  stmpe811.o
    0x08008fa6   0x08008fa6   0x0000001c   Code   RO          960    i.stmpe811_DisableGlobalIT  stmpe811.o
    0x08008fc2   0x08008fc2   0x0000001e   Code   RO          961    i.stmpe811_DisableITSource  stmpe811.o
    0x08008fe0   0x08008fe0   0x0000001c   Code   RO          962    i.stmpe811_EnableGlobalIT  stmpe811.o
    0x08008ffc   0x08008ffc   0x0000001e   Code   RO          963    i.stmpe811_EnableITSource  stmpe811.o
    0x0800901a   0x0800901a   0x00000002   PAD
    0x0800901c   0x0800901c   0x0000001c   Code   RO          964    i.stmpe811_GetInstance  stmpe811.o
    0x08009038   0x08009038   0x0000001e   Code   RO          971    i.stmpe811_IO_EnableAF  stmpe811.o
    0x08009056   0x08009056   0x00000002   PAD
    0x08009058   0x08009058   0x00000030   Code   RO          980    i.stmpe811_Init     stmpe811.o
    0x08009088   0x08009088   0x00000020   Code   RO          982    i.stmpe811_ReadID   stmpe811.o
    0x080090a8   0x080090a8   0x00000028   Code   RO          983    i.stmpe811_Reset    stmpe811.o
    0x080090d0   0x080090d0   0x00000006   Code   RO          986    i.stmpe811_TS_ClearIT  stmpe811.o
    0x080090d6   0x080090d6   0x00000036   Code   RO          987    i.stmpe811_TS_DetectTouch  stmpe811.o
    0x0800910c   0x0800910c   0x00000014   Code   RO          988    i.stmpe811_TS_DisableIT  stmpe811.o
    0x08009120   0x08009120   0x0000001a   Code   RO          989    i.stmpe811_TS_EnableIT  stmpe811.o
    0x0800913a   0x0800913a   0x0000003e   Code   RO          990    i.stmpe811_TS_GetXY  stmpe811.o
    0x08009178   0x08009178   0x00000010   Code   RO          991    i.stmpe811_TS_ITStatus  stmpe811.o
    0x08009188   0x08009188   0x000000a2   Code   RO          992    i.stmpe811_TS_Start  stmpe811.o
    0x0800922a   0x0800922a   0x00000002   PAD
    0x0800922c   0x0800922c   0x000000cc   Code   RO           38    i.testCalDisplay    display.o
    0x080092f8   0x080092f8   0x0000011c   Code   RO           39    i.testIntroDisplay  display.o
    0x08009414   0x08009414   0x000001b4   Code   RO           40    i.testSavedDisplay  display.o
    0x080095c8   0x080095c8   0x00000124   Code   RO           41    i.testScreenDisplay  display.o
    0x080096ec   0x080096ec   0x00000088   Code   RO          621    i.writeBilirubintoMemory  w25qxx.o
    0x08009774   0x08009774   0x0000009c   Code   RO         1558    i.writeCalendertoMemory  calender.o
    0x08009810   0x08009810   0x00000008   Data   RO           43    .constdata          display.o
    0x08009818   0x08009818   0x0000076c   Data   RO          457    .constdata          fonts.o
    0x08009f84   0x08009f84   0x00000d5c   Data   RO          458    .constdata          fonts.o
    0x0800ace0   0x0800ace0   0x0000134c   Data   RO          459    .constdata          fonts.o
    0x0800c02c   0x0800c02c   0x000079e0   Data   RO         1184    .constdata          system.o
    0x08013a0c   0x08013a0c   0x00000020   Data   RO         2751    .constdata          stm32f3xx_hal_rcc.o
    0x08013a2c   0x08013a2c   0x00000010   Data   RO         6552    .constdata          system_stm32f3xx.o
    0x08013a3c   0x08013a3c   0x00000008   Data   RO         6553    .constdata          system_stm32f3xx.o
    0x08013a44   0x08013a44   0x00000020   Data   RO         6945    Region$$Table       anon$$obj.o


    Execution Region RW_IRAM1 (Exec base: 0x20000000, Load base: 0x08013a64, Size: 0x00004ee8, Max: 0x00006000, ABSOLUTE, COMPRESSED[0x00000458])

    Exec Addr    Load Addr    Size         Type   Attr      Idx    E Section Name        Object

    0x20000000   COMPRESSED   0x00000020   Data   RW           44    .data               display.o
    0x20000020   COMPRESSED   0x00000005   Data   RW           46    .data               display.o
    0x20000025   COMPRESSED   0x00000003   PAD
    0x20000028   COMPRESSED   0x00000008   Data   RW          460    .data               fonts.o
    0x20000030   COMPRESSED   0x00000008   Data   RW          461    .data               fonts.o
    0x20000038   COMPRESSED   0x00000008   Data   RW          463    .data               fonts.o
    0x20000040   COMPRESSED   0x00000008   Data   RW          624    .data               w25qxx.o
    0x20000048   COMPRESSED   0x0000000c   Data   RW          839    .data               c12666ma.o
    0x20000054   COMPRESSED   0x00000414   Data   RW          889    .data               calculation.o
    0x20000468   COMPRESSED   0x00000028   Data   RW          993    .data               stmpe811.o
    0x20000490   COMPRESSED   0x00000002   Data   RW          995    .data               stmpe811.o
    0x20000492   COMPRESSED   0x00000002   PAD
    0x20000494   COMPRESSED   0x0000000c   Data   RW         1185    .data               system.o
    0x200004a0   COMPRESSED   0x0000001c   Data   RW         1285    .data               touchscreen.o
    0x200004bc   COMPRESSED   0x0000000a   Data   RW         1392    .data               ts_calibration.o
    0x200004c6   COMPRESSED   0x0000002d   Data   RW         1560    .data               calender.o
    0x200004f3   COMPRESSED   0x00000001   Data   RW         1669    .data               main.o
    0x200004f4   COMPRESSED   0x0000000c   Data   RW         2588    .data               stm32f3xx_hal.o
    0x20000500   COMPRESSED   0x00000004   Data   RW         6554    .data               system_stm32f3xx.o
    0x20000504   COMPRESSED   0x00000004   Data   RW         6930    .data               mc_w.l(mvars.o)
    0x20000508   COMPRESSED   0x00000004   Data   RW         6931    .data               mc_w.l(mvars.o)
    0x2000050c        -       0x00002ee0   Zero   RW           42    .bss                display.o
    0x200033ec        -       0x0000000a   Zero   RW          622    .bss                w25qxx.o
    0x200033f6        -       0x00000227   Zero   RW          623    .bss                w25qxx.o
    0x2000361d   COMPRESSED   0x00000001   PAD
    0x2000361e        -       0x00000200   Zero   RW          838    .bss                c12666ma.o
    0x2000381e   COMPRESSED   0x00000002   PAD
    0x20003820        -       0x00000800   Zero   RW          886    .bss                calculation.o
    0x20004020        -       0x00000014   Zero   RW         1183    .bss                system.o
    0x20004034        -       0x0000004c   Zero   RW         1284    .bss                touchscreen.o
    0x20004080        -       0x00000034   Zero   RW         1559    .bss                calender.o
    0x200040b4        -       0x00000436   Zero   RW         1627    .bss                patient.o
    0x200044ea   COMPRESSED   0x00000002   PAD
    0x200044ec        -       0x00000074   Zero   RW         1732    .bss                adc.o
    0x20004560        -       0x0000004c   Zero   RW         1799    .bss                i2c.o
    0x200045ac        -       0x00000020   Zero   RW         1838    .bss                rtc.o
    0x200045cc        -       0x00000044   Zero   RW         1877    .bss                sdadc.o
    0x20004610        -       0x000000c8   Zero   RW         1917    .bss                spi.o
    0x200046d8        -       0x00000040   Zero   RW         1988    .bss                tim.o
    0x20004718        -       0x000001cc   Zero   RW         2028    .bss                usart.o
    0x200048e4   COMPRESSED   0x00000004   PAD
    0x200048e8        -       0x00000200   Zero   RW            2    HEAP                startup_stm32f373xc.o
    0x20004ae8        -       0x00000400   Zero   RW            1    STACK               startup_stm32f373xc.o


==============================================================================

Image component sizes


      Code (inc. data)   RO Data    RW Data    ZI Data      Debug   Object Name

       224         28          0          0        116       1871   adc.o
        72         14          0          0          0        934   barcode.o
       740         42          0         12        512       3635   c12666ma.o
       584         46          0       1044       2048       2621   calculation.o
       732        124          0         45         52       4584   calender.o
      5972        862          8         37      12000     591713   display.o
        92          4          0          0          0        854   dma.o
        68         10          0          0          0        601   dwt_stm32_delay.o
         0          0      10260         24          0       1125   fonts.o
       632         34          0          0          0       1307   gpio.o
       228         28          0          0         76       2353   i2c.o
      1498        128          0          0          0      11387   ili9341.o
       294         28          0          1          0       2443   main.o
         0          0          0          0       1078       1024   patient.o
       100         16          0          0         32       1615   rtc.o
       284         26          0          0         68       1903   sdadc.o
       384         44          0          0        200       2602   spi.o
        36          8        392          0       1536        860   startup_stm32f373xc.o
       164         28          0         12          0      13137   stm32f3xx_hal.o
      1224         46          0          0          0       8257   stm32f3xx_hal_adc_ex.o
       198         14          0          0          0      34103   stm32f3xx_hal_cortex.o
       534         12          0          0          0       5146   stm32f3xx_hal_dma.o
       748         60          0          0          0       4696   stm32f3xx_hal_gpio.o
      1588         40          0          0          0      12739   stm32f3xx_hal_i2c.o
       208         10          0          0          0       2698   stm32f3xx_hal_i2c_ex.o
        44          6          0          0          0        906   stm32f3xx_hal_msp.o
        16          4          0          0          0        571   stm32f3xx_hal_pwr.o
        40         10          0          0          0       1200   stm32f3xx_hal_pwr_ex.o
      2024         82         32          0          0       6508   stm32f3xx_hal_rcc.o
       464         14          0          0          0       1588   stm32f3xx_hal_rcc_ex.o
       916         30          0          0          0       7764   stm32f3xx_hal_rtc.o
      1116         14          0          0          0      14064   stm32f3xx_hal_sdadc.o
      2042          0          0          0          0       9886   stm32f3xx_hal_spi.o
       254         42          0          0          0       3171   stm32f3xx_hal_tim.o
       136         26          0          0          0       1400   stm32f3xx_hal_tim_ex.o
      1902         72          0          0          0      15018   stm32f3xx_hal_uart.o
         2          0          0          0          0       1056   stm32f3xx_hal_uart_ex.o
       126         42          0          0          0       9417   stm32f3xx_it.o
       650         10          0         42          0      14007   stmpe811.o
      1328        128      31200         12         20      36402   system.o
        28          6         24          4          0       1235   system_stm32f3xx.o
       112         20          0          0         64       1674   tim.o
      3316        144          0         28         76      12399   touchscreen.o
       152         26          0         10          0       2524   ts_calibration.o
       508         44          0          0        460       2860   usart.o
      2524        210          0          8        561      18442   w25qxx.o

    ----------------------------------------------------------------------
     34352       2582      41948       1284      18908     876300   Object Totals
         0          0         32          0          0          0   (incl. Generated)
        48          0          0          5          9          0   (incl. Padding)

    ----------------------------------------------------------------------

      Code (inc. data)   RO Data    RW Data    ZI Data      Debug   Library Member Name

        86          0          0          0          0          0   __dczerorl2.o
         0          0          0          0          0          0   entry.o
         0          0          0          0          0          0   entry10a.o
         0          0          0          0          0          0   entry11a.o
         8          4          0          0          0          0   entry2.o
         4          0          0          0          0          0   entry5.o
         0          0          0          0          0          0   entry7b.o
         0          0          0          0          0          0   entry8b.o
         8          4          0          0          0          0   entry9a.o
        30          0          0          0          0          0   handlers.o
        36          8          0          0          0         68   init.o
         0          0          0          0          0          0   iusefp.o
        30          0          0          0          0         68   llshl.o
        36          0          0          0          0         68   llsshr.o
        32          0          0          0          0         68   llushr.o
       108         16          0          0          0         84   malloc.o
        36          0          0          0          0        108   memseta.o
         0          0          0          8          0          0   mvars.o
      2276         86          0          0          0        520   printfa.o
        44          0          0          0          0         80   uidiv.o
        98          0          0          0          0         92   uldiv.o
        48          0          0          0          0         68   cdrcmple.o
        56          0          0          0          0         88   d2f.o
       334          0          0          0          0        148   dadd.o
       222          0          0          0          0        100   ddiv.o
       186          0          0          0          0        176   depilogue.o
        50          0          0          0          0         76   dfixui.o
        48          0          0          0          0         68   dfixul.o
        26          0          0          0          0         76   dfltui.o
       228          0          0          0          0         96   dmul.o
        38          0          0          0          0         68   f2d.o
       110          0          0          0          0        168   fepilogue.o

    ----------------------------------------------------------------------
      4184        118          0          8          0       2288   Library Totals
         6          0          0          0          0          0   (incl. Padding)

    ----------------------------------------------------------------------

      Code (inc. data)   RO Data    RW Data    ZI Data      Debug   Library Name

      2832        118          0          8          0       1156   mc_w.l
      1346          0          0          0          0       1132   mf_w.l

    ----------------------------------------------------------------------
      4184        118          0          8          0       2288   Library Totals

    ----------------------------------------------------------------------

==============================================================================


      Code (inc. data)   RO Data    RW Data    ZI Data      Debug   

     38536       2700      41948       1292      18908     851528   Grand Totals
     38536       2700      41948       1112      18908     851528   ELF Image Totals (compressed)
     38536       2700      41948       1112          0          0   ROM Totals

==============================================================================

    Total RO  Size (Code + RO Data)                80484 (  78.60kB)
    Total RW  Size (RW Data + ZI Data)             20200 (  19.73kB)
    Total ROM Size (Code + RO Data + RW Data)      81596 (  79.68kB)

==============================================================================

