<html>
<body>
<pre>
<h1>µVision Build Log</h1>
<h2>Tool Versions:</h2>
IDE-Version: µVision V5.29.0.0
Copyright (C) 2019 ARM Ltd and ARM Germany GmbH. All rights reserved.
License Information: abc def, ghj, LIC=WHYH9-47YPY-ARUXW-QLAVR-96MJL-G6QC9
 
Tool Versions:
Toolchain:       MDK-ARM Plus  Version: 5.29.0.0
Toolchain Path:  C:\Keil_v5\ARM\ARMCC\Bin
C Compiler:      Armcc.exe V5.06 update 6 (build 750)
Assembler:       Armasm.exe V5.06 update 6 (build 750)
Linker/Locator:  ArmLink.exe V5.06 update 6 (build 750)
Library Manager: ArmAr.exe V5.06 update 6 (build 750)
Hex Converter:   FromElf.exe V5.06 update 6 (build 750)
CPU DLL:         SARMCM3.DLL V5.29.0.0
Dialog DLL:      DCM.DLL V1.17.3.0
Target DLL:      STLink\ST-LINKIII-KEIL_SWO.dll V3.0.7.0
Dialog DLL:      TCM.DLL V1.36.5.0
 
<h2>Project:</h2>
C:\Users\pc\Desktop\Vishne yazýlým_2\Ana Kod\BilirubinmeterV2\MDK-ARM\BilirubinmeterV2.uvprojx
Project File Date:  04/22/2022

<h2>Output:</h2>
*** Using Compiler 'V5.06 update 6 (build 750)', folder: 'C:\Keil_v5\ARM\ARMCC\Bin'
Build target 'BilirubinmeterV2'
compiling calculation.c...
.\user_files\calender.h(36): warning:  #1-D: last line of file ends without a newline
  #endif // __CALENDER_H__
.\user_files\DMA_CIRCULAR.h(10): warning:  #1-D: last line of file ends without a newline
  uint8_t check_for (char *string);
user_files\calculation.c(57): warning:  #550-D: variable "index"  was set but never used
  	uint16_t  	c, index;
user_files\calculation.c(113): warning:  #1035-D: single-precision operand implicitly converted to double-precision
  	BilResult[0]=(1.7016*Bil*Bil)-(20.6755*Bil)+(66.9023);
user_files\calculation.c(113): warning:  #1035-D: single-precision operand implicitly converted to double-precision
  	BilResult[0]=(1.7016*Bil*Bil)-(20.6755*Bil)+(66.9023);
user_files\calculation.c(75): warning:  #177-D: variable "calVideoData"  was declared but never referenced
  	uint16_t calVideoData[256];
user_files\calculation.c: 6 warnings, 0 errors
linking...
Program Size: Code=38536 RO-data=41948 RW-data=1292 ZI-data=18908  
FromELF: creating hex file...
"BilirubinmeterV2\BilirubinmeterV2.axf" - 0 Error(s), 6 Warning(s).

<h2>Software Packages used:</h2>

Package Vendor: ARM
                http://www.keil.com/pack/ARM.CMSIS.5.7.0.pack
                ARM.CMSIS.5.7.0
                CMSIS (Cortex Microcontroller Software Interface Standard)
   * Component: CORE Version: 5.4.0

Package Vendor: Keil
                http://www.keil.com/pack/Keil.STM32F3xx_DFP.2.1.0.pack
                Keil.STM32F3xx_DFP.2.1.0
                STMicroelectronics STM32F3 Series Device Support and Examples

<h2>Collection of Component include folders:</h2>
  .\RTE\_BilirubinmeterV2
  C:\Users\pc\AppData\Local\Arm\Packs\ARM\CMSIS\5.7.0\CMSIS\Core\Include
  C:\Users\pc\AppData\Local\Arm\Packs\Keil\STM32F3xx_DFP\2.1.0\Drivers\CMSIS\Device\ST\STM32F3xx\Include

<h2>Collection of Component Files used:</h2>

   * Component: ARM::CMSIS:CORE:5.4.0
Build Time Elapsed:  00:00:02
</pre>
</body>
</html>
