<!doctype html public "-//w3c//dtd html 4.0 transitional//en">
<html><head>
<title>Static Call Graph - [BilirubinmeterV2\BilirubinmeterV2.axf]</title></head>
<body><HR>
<H1>Static Call Graph for image BilirubinmeterV2\BilirubinmeterV2.axf</H1><HR>
<BR><P>#&#060CALLGRAPH&#062# ARM Linker, 5060750: Last Updated: Tue Sep 12 16:03:45 2023
<BR><P>
<H3>Maximum Stack Usage =       1280 bytes + Unknown(Cycles, Untraceable Function Pointers)</H3><H3>
Call chain for Maximum Stack Depth:</H3>
EXTI15_10_IRQHandler &rArr; HAL_GPIO_EXTI_IRQHandler &rArr; HAL_GPIO_EXTI_Callback &rArr; BilCalculation &rArr; W25qxx_ReadSector &rArr; W25qxx_ReadPage &rArr; HAL_SPI_Receive &rArr; HAL_SPI_TransmitReceive &rArr; SPI_EndRxTxTransaction &rArr; SPI_WaitFifoStateUntilTimeout
<P>
<H3>
Mutually Recursive functions
</H3> <LI><a href="#[26]">ADC1_IRQHandler</a>&nbsp;&nbsp;&nbsp;&rArr;&nbsp;&nbsp;&nbsp;<a href="#[26]">ADC1_IRQHandler</a><BR>
 <LI><a href="#[e]">BusFault_Handler</a>&nbsp;&nbsp;&nbsp;&rArr;&nbsp;&nbsp;&nbsp;<a href="#[e]">BusFault_Handler</a><BR>
 <LI><a href="#[c]">HardFault_Handler</a>&nbsp;&nbsp;&nbsp;&rArr;&nbsp;&nbsp;&nbsp;<a href="#[c]">HardFault_Handler</a><BR>
 <LI><a href="#[d]">MemManage_Handler</a>&nbsp;&nbsp;&nbsp;&rArr;&nbsp;&nbsp;&nbsp;<a href="#[d]">MemManage_Handler</a><BR>
 <LI><a href="#[f]">UsageFault_Handler</a>&nbsp;&nbsp;&nbsp;&rArr;&nbsp;&nbsp;&nbsp;<a href="#[f]">UsageFault_Handler</a><BR>
</UL>
<P>
<H3>
Function Pointers
</H3><UL>
 <LI><a href="#[26]">ADC1_IRQHandler</a> from startup_stm32f373xc.o(.text) referenced from startup_stm32f373xc.o(RESET)
 <LI><a href="#[e]">BusFault_Handler</a> from stm32f3xx_it.o(i.BusFault_Handler) referenced from startup_stm32f373xc.o(RESET)
 <LI><a href="#[28]">CAN_RX0_IRQHandler</a> from startup_stm32f373xc.o(.text) referenced from startup_stm32f373xc.o(RESET)
 <LI><a href="#[29]">CAN_RX1_IRQHandler</a> from startup_stm32f373xc.o(.text) referenced from startup_stm32f373xc.o(RESET)
 <LI><a href="#[2a]">CAN_SCE_IRQHandler</a> from startup_stm32f373xc.o(.text) referenced from startup_stm32f373xc.o(RESET)
 <LI><a href="#[27]">CAN_TX_IRQHandler</a> from startup_stm32f373xc.o(.text) referenced from startup_stm32f373xc.o(RESET)
 <LI><a href="#[3e]">CEC_IRQHandler</a> from startup_stm32f373xc.o(.text) referenced from startup_stm32f373xc.o(RESET)
 <LI><a href="#[4e]">COMP1_2_IRQHandler</a> from startup_stm32f373xc.o(.text) referenced from startup_stm32f373xc.o(RESET)
 <LI><a href="#[1f]">DMA1_Channel1_IRQHandler</a> from stm32f3xx_it.o(i.DMA1_Channel1_IRQHandler) referenced from startup_stm32f373xc.o(RESET)
 <LI><a href="#[20]">DMA1_Channel2_IRQHandler</a> from stm32f3xx_it.o(i.DMA1_Channel2_IRQHandler) referenced from startup_stm32f373xc.o(RESET)
 <LI><a href="#[21]">DMA1_Channel3_IRQHandler</a> from stm32f3xx_it.o(i.DMA1_Channel3_IRQHandler) referenced from startup_stm32f373xc.o(RESET)
 <LI><a href="#[22]">DMA1_Channel4_IRQHandler</a> from startup_stm32f373xc.o(.text) referenced from startup_stm32f373xc.o(RESET)
 <LI><a href="#[23]">DMA1_Channel5_IRQHandler</a> from startup_stm32f373xc.o(.text) referenced from startup_stm32f373xc.o(RESET)
 <LI><a href="#[24]">DMA1_Channel6_IRQHandler</a> from stm32f3xx_it.o(i.DMA1_Channel6_IRQHandler) referenced from startup_stm32f373xc.o(RESET)
 <LI><a href="#[25]">DMA1_Channel7_IRQHandler</a> from startup_stm32f373xc.o(.text) referenced from startup_stm32f373xc.o(RESET)
 <LI><a href="#[46]">DMA2_Channel1_IRQHandler</a> from startup_stm32f373xc.o(.text) referenced from startup_stm32f373xc.o(RESET)
 <LI><a href="#[47]">DMA2_Channel2_IRQHandler</a> from startup_stm32f373xc.o(.text) referenced from startup_stm32f373xc.o(RESET)
 <LI><a href="#[48]">DMA2_Channel3_IRQHandler</a> from startup_stm32f373xc.o(.text) referenced from startup_stm32f373xc.o(RESET)
 <LI><a href="#[49]">DMA2_Channel4_IRQHandler</a> from startup_stm32f373xc.o(.text) referenced from startup_stm32f373xc.o(RESET)
 <LI><a href="#[4a]">DMA2_Channel5_IRQHandler</a> from startup_stm32f373xc.o(.text) referenced from startup_stm32f373xc.o(RESET)
 <LI><a href="#[11]">DebugMon_Handler</a> from stm32f3xx_it.o(i.DebugMon_Handler) referenced from startup_stm32f373xc.o(RESET)
 <LI><a href="#[1a]">EXTI0_IRQHandler</a> from startup_stm32f373xc.o(.text) referenced from startup_stm32f373xc.o(RESET)
 <LI><a href="#[3c]">EXTI15_10_IRQHandler</a> from stm32f3xx_it.o(i.EXTI15_10_IRQHandler) referenced from startup_stm32f373xc.o(RESET)
 <LI><a href="#[1b]">EXTI1_IRQHandler</a> from startup_stm32f373xc.o(.text) referenced from startup_stm32f373xc.o(RESET)
 <LI><a href="#[1c]">EXTI2_TSC_IRQHandler</a> from stm32f3xx_it.o(i.EXTI2_TSC_IRQHandler) referenced from startup_stm32f373xc.o(RESET)
 <LI><a href="#[1d]">EXTI3_IRQHandler</a> from startup_stm32f373xc.o(.text) referenced from startup_stm32f373xc.o(RESET)
 <LI><a href="#[1e]">EXTI4_IRQHandler</a> from startup_stm32f373xc.o(.text) referenced from startup_stm32f373xc.o(RESET)
 <LI><a href="#[2b]">EXTI9_5_IRQHandler</a> from stm32f3xx_it.o(i.EXTI9_5_IRQHandler) referenced from startup_stm32f373xc.o(RESET)
 <LI><a href="#[18]">FLASH_IRQHandler</a> from startup_stm32f373xc.o(.text) referenced from startup_stm32f373xc.o(RESET)
 <LI><a href="#[53]">FPU_IRQHandler</a> from startup_stm32f373xc.o(.text) referenced from startup_stm32f373xc.o(RESET)
 <LI><a href="#[c]">HardFault_Handler</a> from stm32f3xx_it.o(i.HardFault_Handler) referenced from startup_stm32f373xc.o(RESET)
 <LI><a href="#[34]">I2C1_ER_IRQHandler</a> from startup_stm32f373xc.o(.text) referenced from startup_stm32f373xc.o(RESET)
 <LI><a href="#[33]">I2C1_EV_IRQHandler</a> from startup_stm32f373xc.o(.text) referenced from startup_stm32f373xc.o(RESET)
 <LI><a href="#[36]">I2C2_ER_IRQHandler</a> from startup_stm32f373xc.o(.text) referenced from startup_stm32f373xc.o(RESET)
 <LI><a href="#[35]">I2C2_EV_IRQHandler</a> from startup_stm32f373xc.o(.text) referenced from startup_stm32f373xc.o(RESET)
 <LI><a href="#[d]">MemManage_Handler</a> from stm32f3xx_it.o(i.MemManage_Handler) referenced from startup_stm32f373xc.o(RESET)
 <LI><a href="#[b]">NMI_Handler</a> from stm32f3xx_it.o(i.NMI_Handler) referenced from startup_stm32f373xc.o(RESET)
 <LI><a href="#[15]">PVD_IRQHandler</a> from startup_stm32f373xc.o(.text) referenced from startup_stm32f373xc.o(RESET)
 <LI><a href="#[12]">PendSV_Handler</a> from stm32f3xx_it.o(i.PendSV_Handler) referenced from startup_stm32f373xc.o(RESET)
 <LI><a href="#[19]">RCC_IRQHandler</a> from startup_stm32f373xc.o(.text) referenced from startup_stm32f373xc.o(RESET)
 <LI><a href="#[3d]">RTC_Alarm_IRQHandler</a> from startup_stm32f373xc.o(.text) referenced from startup_stm32f373xc.o(RESET)
 <LI><a href="#[17]">RTC_WKUP_IRQHandler</a> from startup_stm32f373xc.o(.text) referenced from startup_stm32f373xc.o(RESET)
 <LI><a href="#[a]">Reset_Handler</a> from startup_stm32f373xc.o(.text) referenced from startup_stm32f373xc.o(RESET)
 <LI><a href="#[4b]">SDADC1_IRQHandler</a> from startup_stm32f373xc.o(.text) referenced from startup_stm32f373xc.o(RESET)
 <LI><a href="#[4c]">SDADC2_IRQHandler</a> from stm32f3xx_it.o(i.SDADC2_IRQHandler) referenced from startup_stm32f373xc.o(RESET)
 <LI><a href="#[4d]">SDADC3_IRQHandler</a> from startup_stm32f373xc.o(.text) referenced from startup_stm32f373xc.o(RESET)
 <LI><a href="#[37]">SPI1_IRQHandler</a> from startup_stm32f373xc.o(.text) referenced from startup_stm32f373xc.o(RESET)
 <LI><a href="#[38]">SPI2_IRQHandler</a> from startup_stm32f373xc.o(.text) referenced from startup_stm32f373xc.o(RESET)
 <LI><a href="#[43]">SPI3_IRQHandler</a> from startup_stm32f373xc.o(.text) referenced from startup_stm32f373xc.o(RESET)
 <LI><a href="#[10]">SVC_Handler</a> from stm32f3xx_it.o(i.SVC_Handler) referenced from startup_stm32f373xc.o(RESET)
 <LI><a href="#[13]">SysTick_Handler</a> from stm32f3xx_it.o(i.SysTick_Handler) referenced from startup_stm32f373xc.o(RESET)
 <LI><a href="#[55]">SystemInit</a> from system_stm32f3xx.o(i.SystemInit) referenced from startup_stm32f373xc.o(.text)
 <LI><a href="#[16]">TAMP_STAMP_IRQHandler</a> from startup_stm32f373xc.o(.text) referenced from startup_stm32f373xc.o(RESET)
 <LI><a href="#[3f]">TIM12_IRQHandler</a> from startup_stm32f373xc.o(.text) referenced from startup_stm32f373xc.o(RESET)
 <LI><a href="#[40]">TIM13_IRQHandler</a> from startup_stm32f373xc.o(.text) referenced from startup_stm32f373xc.o(RESET)
 <LI><a href="#[41]">TIM14_IRQHandler</a> from startup_stm32f373xc.o(.text) referenced from startup_stm32f373xc.o(RESET)
 <LI><a href="#[2c]">TIM15_IRQHandler</a> from startup_stm32f373xc.o(.text) referenced from startup_stm32f373xc.o(RESET)
 <LI><a href="#[2d]">TIM16_IRQHandler</a> from startup_stm32f373xc.o(.text) referenced from startup_stm32f373xc.o(RESET)
 <LI><a href="#[2e]">TIM17_IRQHandler</a> from startup_stm32f373xc.o(.text) referenced from startup_stm32f373xc.o(RESET)
 <LI><a href="#[2f]">TIM18_DAC2_IRQHandler</a> from startup_stm32f373xc.o(.text) referenced from startup_stm32f373xc.o(RESET)
 <LI><a href="#[52]">TIM19_IRQHandler</a> from startup_stm32f373xc.o(.text) referenced from startup_stm32f373xc.o(RESET)
 <LI><a href="#[30]">TIM2_IRQHandler</a> from startup_stm32f373xc.o(.text) referenced from startup_stm32f373xc.o(RESET)
 <LI><a href="#[31]">TIM3_IRQHandler</a> from startup_stm32f373xc.o(.text) referenced from startup_stm32f373xc.o(RESET)
 <LI><a href="#[32]">TIM4_IRQHandler</a> from startup_stm32f373xc.o(.text) referenced from startup_stm32f373xc.o(RESET)
 <LI><a href="#[42]">TIM5_IRQHandler</a> from startup_stm32f373xc.o(.text) referenced from startup_stm32f373xc.o(RESET)
 <LI><a href="#[44]">TIM6_DAC1_IRQHandler</a> from startup_stm32f373xc.o(.text) referenced from startup_stm32f373xc.o(RESET)
 <LI><a href="#[45]">TIM7_IRQHandler</a> from startup_stm32f373xc.o(.text) referenced from startup_stm32f373xc.o(RESET)
 <LI><a href="#[57]">UART_DMAAbortOnError</a> from stm32f3xx_hal_uart.o(i.UART_DMAAbortOnError) referenced from stm32f3xx_hal_uart.o(i.HAL_UART_IRQHandler)
 <LI><a href="#[5a]">UART_DMAError</a> from stm32f3xx_hal_uart.o(i.UART_DMAError) referenced from stm32f3xx_hal_uart.o(i.HAL_UART_Receive_DMA)
 <LI><a href="#[58]">UART_DMAReceiveCplt</a> from stm32f3xx_hal_uart.o(i.UART_DMAReceiveCplt) referenced from stm32f3xx_hal_uart.o(i.HAL_UART_Receive_DMA)
 <LI><a href="#[59]">UART_DMARxHalfCplt</a> from stm32f3xx_hal_uart.o(i.UART_DMARxHalfCplt) referenced from stm32f3xx_hal_uart.o(i.HAL_UART_Receive_DMA)
 <LI><a href="#[5c]">UART_TxISR_16BIT</a> from stm32f3xx_hal_uart.o(i.UART_TxISR_16BIT) referenced from stm32f3xx_hal_uart.o(i.HAL_UART_Transmit_IT)
 <LI><a href="#[5b]">UART_TxISR_8BIT</a> from stm32f3xx_hal_uart.o(i.UART_TxISR_8BIT) referenced from stm32f3xx_hal_uart.o(i.HAL_UART_Transmit_IT)
 <LI><a href="#[39]">USART1_IRQHandler</a> from startup_stm32f373xc.o(.text) referenced from startup_stm32f373xc.o(RESET)
 <LI><a href="#[3a]">USART2_IRQHandler</a> from stm32f3xx_it.o(i.USART2_IRQHandler) referenced from startup_stm32f373xc.o(RESET)
 <LI><a href="#[3b]">USART3_IRQHandler</a> from stm32f3xx_it.o(i.USART3_IRQHandler) referenced from startup_stm32f373xc.o(RESET)
 <LI><a href="#[51]">USBWakeUp_IRQHandler</a> from startup_stm32f373xc.o(.text) referenced from startup_stm32f373xc.o(RESET)
 <LI><a href="#[4f]">USB_HP_IRQHandler</a> from startup_stm32f373xc.o(.text) referenced from startup_stm32f373xc.o(RESET)
 <LI><a href="#[50]">USB_LP_IRQHandler</a> from startup_stm32f373xc.o(.text) referenced from startup_stm32f373xc.o(RESET)
 <LI><a href="#[f]">UsageFault_Handler</a> from stm32f3xx_it.o(i.UsageFault_Handler) referenced from startup_stm32f373xc.o(RESET)
 <LI><a href="#[14]">WWDG_IRQHandler</a> from startup_stm32f373xc.o(.text) referenced from startup_stm32f373xc.o(RESET)
 <LI><a href="#[56]">__main</a> from entry.o(.ARM.Collect$$$$00000000) referenced from startup_stm32f373xc.o(.text)
 <LI><a href="#[5d]">_sputc</a> from printfa.o(i._sputc) referenced from printfa.o(i.__0sprintf)
 <LI><a href="#[54]">main</a> from main.o(i.main) referenced from entry9a.o(.ARM.Collect$$$$0000000B)
 <LI><a href="#[0]">stmpe811_Init</a> from stmpe811.o(i.stmpe811_Init) referenced 2 times from stmpe811.o(.data)
 <LI><a href="#[1]">stmpe811_ReadID</a> from stmpe811.o(i.stmpe811_ReadID) referenced 2 times from stmpe811.o(.data)
 <LI><a href="#[2]">stmpe811_Reset</a> from stmpe811.o(i.stmpe811_Reset) referenced 2 times from stmpe811.o(.data)
 <LI><a href="#[7]">stmpe811_TS_ClearIT</a> from stmpe811.o(i.stmpe811_TS_ClearIT) referenced 2 times from stmpe811.o(.data)
 <LI><a href="#[4]">stmpe811_TS_DetectTouch</a> from stmpe811.o(i.stmpe811_TS_DetectTouch) referenced 2 times from stmpe811.o(.data)
 <LI><a href="#[9]">stmpe811_TS_DisableIT</a> from stmpe811.o(i.stmpe811_TS_DisableIT) referenced 2 times from stmpe811.o(.data)
 <LI><a href="#[6]">stmpe811_TS_EnableIT</a> from stmpe811.o(i.stmpe811_TS_EnableIT) referenced 2 times from stmpe811.o(.data)
 <LI><a href="#[5]">stmpe811_TS_GetXY</a> from stmpe811.o(i.stmpe811_TS_GetXY) referenced 2 times from stmpe811.o(.data)
 <LI><a href="#[8]">stmpe811_TS_ITStatus</a> from stmpe811.o(i.stmpe811_TS_ITStatus) referenced 2 times from stmpe811.o(.data)
 <LI><a href="#[3]">stmpe811_TS_Start</a> from stmpe811.o(i.stmpe811_TS_Start) referenced 2 times from stmpe811.o(.data)
</UL>
<P>
<H3>
Global Symbols
</H3>
<P><STRONG><a name="[56]"></a>__main</STRONG> (Thumb, 0 bytes, Stack size unknown bytes, entry.o(.ARM.Collect$$$$00000000))
<BR>[Address Reference Count : 1]<UL><LI> startup_stm32f373xc.o(.text)
</UL>
<P><STRONG><a name="[169]"></a>_main_stk</STRONG> (Thumb, 0 bytes, Stack size unknown bytes, entry2.o(.ARM.Collect$$$$00000001))

<P><STRONG><a name="[5e]"></a>_main_scatterload</STRONG> (Thumb, 0 bytes, Stack size unknown bytes, entry5.o(.ARM.Collect$$$$00000004))
<BR><BR>[Calls]<UL><LI><a href="#[5f]">&gt;&gt;</a>&nbsp;&nbsp;&nbsp;__scatterload
</UL>

<P><STRONG><a name="[73]"></a>__main_after_scatterload</STRONG> (Thumb, 0 bytes, Stack size unknown bytes, entry5.o(.ARM.Collect$$$$00000004))
<BR><BR>[Called By]<UL><LI><a href="#[5f]">&gt;&gt;</a>&nbsp;&nbsp;&nbsp;__scatterload
</UL>

<P><STRONG><a name="[16a]"></a>_main_clock</STRONG> (Thumb, 0 bytes, Stack size unknown bytes, entry7b.o(.ARM.Collect$$$$00000008))

<P><STRONG><a name="[16b]"></a>_main_cpp_init</STRONG> (Thumb, 0 bytes, Stack size unknown bytes, entry8b.o(.ARM.Collect$$$$0000000A))

<P><STRONG><a name="[16c]"></a>_main_init</STRONG> (Thumb, 0 bytes, Stack size unknown bytes, entry9a.o(.ARM.Collect$$$$0000000B))

<P><STRONG><a name="[16d]"></a>__rt_final_cpp</STRONG> (Thumb, 0 bytes, Stack size unknown bytes, entry10a.o(.ARM.Collect$$$$0000000D))

<P><STRONG><a name="[16e]"></a>__rt_final_exit</STRONG> (Thumb, 0 bytes, Stack size unknown bytes, entry11a.o(.ARM.Collect$$$$0000000F))

<P><STRONG><a name="[a]"></a>Reset_Handler</STRONG> (Thumb, 8 bytes, Stack size 0 bytes, startup_stm32f373xc.o(.text))
<BR>[Address Reference Count : 1]<UL><LI> startup_stm32f373xc.o(RESET)
</UL>
<P><STRONG><a name="[26]"></a>ADC1_IRQHandler</STRONG> (Thumb, 0 bytes, Stack size 0 bytes, startup_stm32f373xc.o(.text))
<BR><BR>[Calls]<UL><LI><a href="#[26]">&gt;&gt;</a>&nbsp;&nbsp;&nbsp;ADC1_IRQHandler
</UL>
<BR>[Called By]<UL><LI><a href="#[26]">&gt;&gt;</a>&nbsp;&nbsp;&nbsp;ADC1_IRQHandler
</UL>
<BR>[Address Reference Count : 1]<UL><LI> startup_stm32f373xc.o(RESET)
</UL>
<P><STRONG><a name="[28]"></a>CAN_RX0_IRQHandler</STRONG> (Thumb, 0 bytes, Stack size 0 bytes, startup_stm32f373xc.o(.text))
<BR>[Address Reference Count : 1]<UL><LI> startup_stm32f373xc.o(RESET)
</UL>
<P><STRONG><a name="[29]"></a>CAN_RX1_IRQHandler</STRONG> (Thumb, 0 bytes, Stack size 0 bytes, startup_stm32f373xc.o(.text))
<BR>[Address Reference Count : 1]<UL><LI> startup_stm32f373xc.o(RESET)
</UL>
<P><STRONG><a name="[2a]"></a>CAN_SCE_IRQHandler</STRONG> (Thumb, 0 bytes, Stack size 0 bytes, startup_stm32f373xc.o(.text))
<BR>[Address Reference Count : 1]<UL><LI> startup_stm32f373xc.o(RESET)
</UL>
<P><STRONG><a name="[27]"></a>CAN_TX_IRQHandler</STRONG> (Thumb, 0 bytes, Stack size 0 bytes, startup_stm32f373xc.o(.text))
<BR>[Address Reference Count : 1]<UL><LI> startup_stm32f373xc.o(RESET)
</UL>
<P><STRONG><a name="[3e]"></a>CEC_IRQHandler</STRONG> (Thumb, 0 bytes, Stack size 0 bytes, startup_stm32f373xc.o(.text))
<BR>[Address Reference Count : 1]<UL><LI> startup_stm32f373xc.o(RESET)
</UL>
<P><STRONG><a name="[4e]"></a>COMP1_2_IRQHandler</STRONG> (Thumb, 0 bytes, Stack size 0 bytes, startup_stm32f373xc.o(.text))
<BR>[Address Reference Count : 1]<UL><LI> startup_stm32f373xc.o(RESET)
</UL>
<P><STRONG><a name="[22]"></a>DMA1_Channel4_IRQHandler</STRONG> (Thumb, 0 bytes, Stack size 0 bytes, startup_stm32f373xc.o(.text))
<BR>[Address Reference Count : 1]<UL><LI> startup_stm32f373xc.o(RESET)
</UL>
<P><STRONG><a name="[23]"></a>DMA1_Channel5_IRQHandler</STRONG> (Thumb, 0 bytes, Stack size 0 bytes, startup_stm32f373xc.o(.text))
<BR>[Address Reference Count : 1]<UL><LI> startup_stm32f373xc.o(RESET)
</UL>
<P><STRONG><a name="[25]"></a>DMA1_Channel7_IRQHandler</STRONG> (Thumb, 0 bytes, Stack size 0 bytes, startup_stm32f373xc.o(.text))
<BR>[Address Reference Count : 1]<UL><LI> startup_stm32f373xc.o(RESET)
</UL>
<P><STRONG><a name="[46]"></a>DMA2_Channel1_IRQHandler</STRONG> (Thumb, 0 bytes, Stack size 0 bytes, startup_stm32f373xc.o(.text))
<BR>[Address Reference Count : 1]<UL><LI> startup_stm32f373xc.o(RESET)
</UL>
<P><STRONG><a name="[47]"></a>DMA2_Channel2_IRQHandler</STRONG> (Thumb, 0 bytes, Stack size 0 bytes, startup_stm32f373xc.o(.text))
<BR>[Address Reference Count : 1]<UL><LI> startup_stm32f373xc.o(RESET)
</UL>
<P><STRONG><a name="[48]"></a>DMA2_Channel3_IRQHandler</STRONG> (Thumb, 0 bytes, Stack size 0 bytes, startup_stm32f373xc.o(.text))
<BR>[Address Reference Count : 1]<UL><LI> startup_stm32f373xc.o(RESET)
</UL>
<P><STRONG><a name="[49]"></a>DMA2_Channel4_IRQHandler</STRONG> (Thumb, 0 bytes, Stack size 0 bytes, startup_stm32f373xc.o(.text))
<BR>[Address Reference Count : 1]<UL><LI> startup_stm32f373xc.o(RESET)
</UL>
<P><STRONG><a name="[4a]"></a>DMA2_Channel5_IRQHandler</STRONG> (Thumb, 0 bytes, Stack size 0 bytes, startup_stm32f373xc.o(.text))
<BR>[Address Reference Count : 1]<UL><LI> startup_stm32f373xc.o(RESET)
</UL>
<P><STRONG><a name="[1a]"></a>EXTI0_IRQHandler</STRONG> (Thumb, 0 bytes, Stack size 0 bytes, startup_stm32f373xc.o(.text))
<BR>[Address Reference Count : 1]<UL><LI> startup_stm32f373xc.o(RESET)
</UL>
<P><STRONG><a name="[1b]"></a>EXTI1_IRQHandler</STRONG> (Thumb, 0 bytes, Stack size 0 bytes, startup_stm32f373xc.o(.text))
<BR>[Address Reference Count : 1]<UL><LI> startup_stm32f373xc.o(RESET)
</UL>
<P><STRONG><a name="[1d]"></a>EXTI3_IRQHandler</STRONG> (Thumb, 0 bytes, Stack size 0 bytes, startup_stm32f373xc.o(.text))
<BR>[Address Reference Count : 1]<UL><LI> startup_stm32f373xc.o(RESET)
</UL>
<P><STRONG><a name="[1e]"></a>EXTI4_IRQHandler</STRONG> (Thumb, 0 bytes, Stack size 0 bytes, startup_stm32f373xc.o(.text))
<BR>[Address Reference Count : 1]<UL><LI> startup_stm32f373xc.o(RESET)
</UL>
<P><STRONG><a name="[18]"></a>FLASH_IRQHandler</STRONG> (Thumb, 0 bytes, Stack size 0 bytes, startup_stm32f373xc.o(.text))
<BR>[Address Reference Count : 1]<UL><LI> startup_stm32f373xc.o(RESET)
</UL>
<P><STRONG><a name="[53]"></a>FPU_IRQHandler</STRONG> (Thumb, 0 bytes, Stack size 0 bytes, startup_stm32f373xc.o(.text))
<BR>[Address Reference Count : 1]<UL><LI> startup_stm32f373xc.o(RESET)
</UL>
<P><STRONG><a name="[34]"></a>I2C1_ER_IRQHandler</STRONG> (Thumb, 0 bytes, Stack size 0 bytes, startup_stm32f373xc.o(.text))
<BR>[Address Reference Count : 1]<UL><LI> startup_stm32f373xc.o(RESET)
</UL>
<P><STRONG><a name="[33]"></a>I2C1_EV_IRQHandler</STRONG> (Thumb, 0 bytes, Stack size 0 bytes, startup_stm32f373xc.o(.text))
<BR>[Address Reference Count : 1]<UL><LI> startup_stm32f373xc.o(RESET)
</UL>
<P><STRONG><a name="[36]"></a>I2C2_ER_IRQHandler</STRONG> (Thumb, 0 bytes, Stack size 0 bytes, startup_stm32f373xc.o(.text))
<BR>[Address Reference Count : 1]<UL><LI> startup_stm32f373xc.o(RESET)
</UL>
<P><STRONG><a name="[35]"></a>I2C2_EV_IRQHandler</STRONG> (Thumb, 0 bytes, Stack size 0 bytes, startup_stm32f373xc.o(.text))
<BR>[Address Reference Count : 1]<UL><LI> startup_stm32f373xc.o(RESET)
</UL>
<P><STRONG><a name="[15]"></a>PVD_IRQHandler</STRONG> (Thumb, 0 bytes, Stack size 0 bytes, startup_stm32f373xc.o(.text))
<BR>[Address Reference Count : 1]<UL><LI> startup_stm32f373xc.o(RESET)
</UL>
<P><STRONG><a name="[19]"></a>RCC_IRQHandler</STRONG> (Thumb, 0 bytes, Stack size 0 bytes, startup_stm32f373xc.o(.text))
<BR>[Address Reference Count : 1]<UL><LI> startup_stm32f373xc.o(RESET)
</UL>
<P><STRONG><a name="[3d]"></a>RTC_Alarm_IRQHandler</STRONG> (Thumb, 0 bytes, Stack size 0 bytes, startup_stm32f373xc.o(.text))
<BR>[Address Reference Count : 1]<UL><LI> startup_stm32f373xc.o(RESET)
</UL>
<P><STRONG><a name="[17]"></a>RTC_WKUP_IRQHandler</STRONG> (Thumb, 0 bytes, Stack size 0 bytes, startup_stm32f373xc.o(.text))
<BR>[Address Reference Count : 1]<UL><LI> startup_stm32f373xc.o(RESET)
</UL>
<P><STRONG><a name="[4b]"></a>SDADC1_IRQHandler</STRONG> (Thumb, 0 bytes, Stack size 0 bytes, startup_stm32f373xc.o(.text))
<BR>[Address Reference Count : 1]<UL><LI> startup_stm32f373xc.o(RESET)
</UL>
<P><STRONG><a name="[4d]"></a>SDADC3_IRQHandler</STRONG> (Thumb, 0 bytes, Stack size 0 bytes, startup_stm32f373xc.o(.text))
<BR>[Address Reference Count : 1]<UL><LI> startup_stm32f373xc.o(RESET)
</UL>
<P><STRONG><a name="[37]"></a>SPI1_IRQHandler</STRONG> (Thumb, 0 bytes, Stack size 0 bytes, startup_stm32f373xc.o(.text))
<BR>[Address Reference Count : 1]<UL><LI> startup_stm32f373xc.o(RESET)
</UL>
<P><STRONG><a name="[38]"></a>SPI2_IRQHandler</STRONG> (Thumb, 0 bytes, Stack size 0 bytes, startup_stm32f373xc.o(.text))
<BR>[Address Reference Count : 1]<UL><LI> startup_stm32f373xc.o(RESET)
</UL>
<P><STRONG><a name="[43]"></a>SPI3_IRQHandler</STRONG> (Thumb, 0 bytes, Stack size 0 bytes, startup_stm32f373xc.o(.text))
<BR>[Address Reference Count : 1]<UL><LI> startup_stm32f373xc.o(RESET)
</UL>
<P><STRONG><a name="[16]"></a>TAMP_STAMP_IRQHandler</STRONG> (Thumb, 0 bytes, Stack size 0 bytes, startup_stm32f373xc.o(.text))
<BR>[Address Reference Count : 1]<UL><LI> startup_stm32f373xc.o(RESET)
</UL>
<P><STRONG><a name="[3f]"></a>TIM12_IRQHandler</STRONG> (Thumb, 0 bytes, Stack size 0 bytes, startup_stm32f373xc.o(.text))
<BR>[Address Reference Count : 1]<UL><LI> startup_stm32f373xc.o(RESET)
</UL>
<P><STRONG><a name="[40]"></a>TIM13_IRQHandler</STRONG> (Thumb, 0 bytes, Stack size 0 bytes, startup_stm32f373xc.o(.text))
<BR>[Address Reference Count : 1]<UL><LI> startup_stm32f373xc.o(RESET)
</UL>
<P><STRONG><a name="[41]"></a>TIM14_IRQHandler</STRONG> (Thumb, 0 bytes, Stack size 0 bytes, startup_stm32f373xc.o(.text))
<BR>[Address Reference Count : 1]<UL><LI> startup_stm32f373xc.o(RESET)
</UL>
<P><STRONG><a name="[2c]"></a>TIM15_IRQHandler</STRONG> (Thumb, 0 bytes, Stack size 0 bytes, startup_stm32f373xc.o(.text))
<BR>[Address Reference Count : 1]<UL><LI> startup_stm32f373xc.o(RESET)
</UL>
<P><STRONG><a name="[2d]"></a>TIM16_IRQHandler</STRONG> (Thumb, 0 bytes, Stack size 0 bytes, startup_stm32f373xc.o(.text))
<BR>[Address Reference Count : 1]<UL><LI> startup_stm32f373xc.o(RESET)
</UL>
<P><STRONG><a name="[2e]"></a>TIM17_IRQHandler</STRONG> (Thumb, 0 bytes, Stack size 0 bytes, startup_stm32f373xc.o(.text))
<BR>[Address Reference Count : 1]<UL><LI> startup_stm32f373xc.o(RESET)
</UL>
<P><STRONG><a name="[2f]"></a>TIM18_DAC2_IRQHandler</STRONG> (Thumb, 0 bytes, Stack size 0 bytes, startup_stm32f373xc.o(.text))
<BR>[Address Reference Count : 1]<UL><LI> startup_stm32f373xc.o(RESET)
</UL>
<P><STRONG><a name="[52]"></a>TIM19_IRQHandler</STRONG> (Thumb, 0 bytes, Stack size 0 bytes, startup_stm32f373xc.o(.text))
<BR>[Address Reference Count : 1]<UL><LI> startup_stm32f373xc.o(RESET)
</UL>
<P><STRONG><a name="[30]"></a>TIM2_IRQHandler</STRONG> (Thumb, 0 bytes, Stack size 0 bytes, startup_stm32f373xc.o(.text))
<BR>[Address Reference Count : 1]<UL><LI> startup_stm32f373xc.o(RESET)
</UL>
<P><STRONG><a name="[31]"></a>TIM3_IRQHandler</STRONG> (Thumb, 0 bytes, Stack size 0 bytes, startup_stm32f373xc.o(.text))
<BR>[Address Reference Count : 1]<UL><LI> startup_stm32f373xc.o(RESET)
</UL>
<P><STRONG><a name="[32]"></a>TIM4_IRQHandler</STRONG> (Thumb, 0 bytes, Stack size 0 bytes, startup_stm32f373xc.o(.text))
<BR>[Address Reference Count : 1]<UL><LI> startup_stm32f373xc.o(RESET)
</UL>
<P><STRONG><a name="[42]"></a>TIM5_IRQHandler</STRONG> (Thumb, 0 bytes, Stack size 0 bytes, startup_stm32f373xc.o(.text))
<BR>[Address Reference Count : 1]<UL><LI> startup_stm32f373xc.o(RESET)
</UL>
<P><STRONG><a name="[44]"></a>TIM6_DAC1_IRQHandler</STRONG> (Thumb, 0 bytes, Stack size 0 bytes, startup_stm32f373xc.o(.text))
<BR>[Address Reference Count : 1]<UL><LI> startup_stm32f373xc.o(RESET)
</UL>
<P><STRONG><a name="[45]"></a>TIM7_IRQHandler</STRONG> (Thumb, 0 bytes, Stack size 0 bytes, startup_stm32f373xc.o(.text))
<BR>[Address Reference Count : 1]<UL><LI> startup_stm32f373xc.o(RESET)
</UL>
<P><STRONG><a name="[39]"></a>USART1_IRQHandler</STRONG> (Thumb, 0 bytes, Stack size 0 bytes, startup_stm32f373xc.o(.text))
<BR>[Address Reference Count : 1]<UL><LI> startup_stm32f373xc.o(RESET)
</UL>
<P><STRONG><a name="[51]"></a>USBWakeUp_IRQHandler</STRONG> (Thumb, 0 bytes, Stack size 0 bytes, startup_stm32f373xc.o(.text))
<BR>[Address Reference Count : 1]<UL><LI> startup_stm32f373xc.o(RESET)
</UL>
<P><STRONG><a name="[4f]"></a>USB_HP_IRQHandler</STRONG> (Thumb, 0 bytes, Stack size 0 bytes, startup_stm32f373xc.o(.text))
<BR>[Address Reference Count : 1]<UL><LI> startup_stm32f373xc.o(RESET)
</UL>
<P><STRONG><a name="[50]"></a>USB_LP_IRQHandler</STRONG> (Thumb, 0 bytes, Stack size 0 bytes, startup_stm32f373xc.o(.text))
<BR>[Address Reference Count : 1]<UL><LI> startup_stm32f373xc.o(RESET)
</UL>
<P><STRONG><a name="[14]"></a>WWDG_IRQHandler</STRONG> (Thumb, 0 bytes, Stack size 0 bytes, startup_stm32f373xc.o(.text))
<BR>[Address Reference Count : 1]<UL><LI> startup_stm32f373xc.o(RESET)
</UL>
<P><STRONG><a name="[60]"></a>__aeabi_uldivmod</STRONG> (Thumb, 98 bytes, Stack size 40 bytes, uldiv.o(.text))
<BR><BR>[Stack]<UL><LI>Max Depth = 40<LI>Call Chain = __aeabi_uldivmod
</UL>
<BR>[Calls]<UL><LI><a href="#[61]">&gt;&gt;</a>&nbsp;&nbsp;&nbsp;__aeabi_llsr
<LI><a href="#[62]">&gt;&gt;</a>&nbsp;&nbsp;&nbsp;__aeabi_llsl
</UL>
<BR>[Called By]<UL><LI><a href="#[c2]">&gt;&gt;</a>&nbsp;&nbsp;&nbsp;HAL_RCC_GetSysClockFreq
<LI><a href="#[158]">&gt;&gt;</a>&nbsp;&nbsp;&nbsp;_printf_core
<LI><a href="#[159]">&gt;&gt;</a>&nbsp;&nbsp;&nbsp;_fp_digits
</UL>

<P><STRONG><a name="[61]"></a>__aeabi_llsr</STRONG> (Thumb, 32 bytes, Stack size 0 bytes, llushr.o(.text))
<BR><BR>[Called By]<UL><LI><a href="#[6f]">&gt;&gt;</a>&nbsp;&nbsp;&nbsp;__aeabi_d2uiz
<LI><a href="#[72]">&gt;&gt;</a>&nbsp;&nbsp;&nbsp;__aeabi_d2ulz
<LI><a href="#[60]">&gt;&gt;</a>&nbsp;&nbsp;&nbsp;__aeabi_uldivmod
<LI><a href="#[68]">&gt;&gt;</a>&nbsp;&nbsp;&nbsp;_double_epilogue
</UL>

<P><STRONG><a name="[16f]"></a>_ll_ushift_r</STRONG> (Thumb, 0 bytes, Stack size 0 bytes, llushr.o(.text), UNUSED)

<P><STRONG><a name="[64]"></a>__aeabi_memset</STRONG> (Thumb, 14 bytes, Stack size 0 bytes, memseta.o(.text), UNUSED)
<BR><BR>[Called By]<UL><LI><a href="#[65]">&gt;&gt;</a>&nbsp;&nbsp;&nbsp;_memset$wrapper
<LI><a href="#[63]">&gt;&gt;</a>&nbsp;&nbsp;&nbsp;__aeabi_memclr
</UL>

<P><STRONG><a name="[170]"></a>__aeabi_memset4</STRONG> (Thumb, 0 bytes, Stack size 0 bytes, memseta.o(.text), UNUSED)

<P><STRONG><a name="[171]"></a>__aeabi_memset8</STRONG> (Thumb, 0 bytes, Stack size 0 bytes, memseta.o(.text), UNUSED)

<P><STRONG><a name="[63]"></a>__aeabi_memclr</STRONG> (Thumb, 4 bytes, Stack size 0 bytes, memseta.o(.text), UNUSED)
<BR><BR>[Calls]<UL><LI><a href="#[64]">&gt;&gt;</a>&nbsp;&nbsp;&nbsp;__aeabi_memset
</UL>

<P><STRONG><a name="[9c]"></a>__aeabi_memclr4</STRONG> (Thumb, 0 bytes, Stack size 0 bytes, memseta.o(.text))
<BR><BR>[Called By]<UL><LI><a href="#[91]">&gt;&gt;</a>&nbsp;&nbsp;&nbsp;printBilirubinVal_umol_L
<LI><a href="#[120]">&gt;&gt;</a>&nbsp;&nbsp;&nbsp;printBilirubinVal_mg_dL
<LI><a href="#[f1]">&gt;&gt;</a>&nbsp;&nbsp;&nbsp;HAL_UART_MspInit
<LI><a href="#[e1]">&gt;&gt;</a>&nbsp;&nbsp;&nbsp;HAL_SPI_MspInit
<LI><a href="#[d8]">&gt;&gt;</a>&nbsp;&nbsp;&nbsp;HAL_SDADC_MspInit
<LI><a href="#[af]">&gt;&gt;</a>&nbsp;&nbsp;&nbsp;HAL_I2C_MspInit
<LI><a href="#[9b]">&gt;&gt;</a>&nbsp;&nbsp;&nbsp;HAL_ADC_MspInit
<LI><a href="#[112]">&gt;&gt;</a>&nbsp;&nbsp;&nbsp;MX_RTC_Init
<LI><a href="#[10f]">&gt;&gt;</a>&nbsp;&nbsp;&nbsp;MX_GPIO_Init
<LI><a href="#[12e]">&gt;&gt;</a>&nbsp;&nbsp;&nbsp;SystemClock_Config
</UL>

<P><STRONG><a name="[172]"></a>__aeabi_memclr8</STRONG> (Thumb, 0 bytes, Stack size 0 bytes, memseta.o(.text), UNUSED)

<P><STRONG><a name="[65]"></a>_memset$wrapper</STRONG> (Thumb, 18 bytes, Stack size 8 bytes, memseta.o(.text), UNUSED)
<BR><BR>[Calls]<UL><LI><a href="#[64]">&gt;&gt;</a>&nbsp;&nbsp;&nbsp;__aeabi_memset
</UL>

<P><STRONG><a name="[66]"></a>__aeabi_dadd</STRONG> (Thumb, 322 bytes, Stack size 48 bytes, dadd.o(.text))
<BR><BR>[Stack]<UL><LI>Max Depth = 88<LI>Call Chain = __aeabi_dadd &rArr; _double_epilogue &rArr; _double_round
</UL>
<BR>[Calls]<UL><LI><a href="#[67]">&gt;&gt;</a>&nbsp;&nbsp;&nbsp;__aeabi_lasr
<LI><a href="#[62]">&gt;&gt;</a>&nbsp;&nbsp;&nbsp;__aeabi_llsl
<LI><a href="#[69]">&gt;&gt;</a>&nbsp;&nbsp;&nbsp;_double_round
<LI><a href="#[68]">&gt;&gt;</a>&nbsp;&nbsp;&nbsp;_double_epilogue
</UL>
<BR>[Called By]<UL><LI><a href="#[92]">&gt;&gt;</a>&nbsp;&nbsp;&nbsp;printbilirubinAsGraph
<LI><a href="#[11c]">&gt;&gt;</a>&nbsp;&nbsp;&nbsp;MemDetailScreen
<LI><a href="#[6a]">&gt;&gt;</a>&nbsp;&nbsp;&nbsp;__aeabi_dsub
<LI><a href="#[77]">&gt;&gt;</a>&nbsp;&nbsp;&nbsp;BilCalculation
<LI><a href="#[159]">&gt;&gt;</a>&nbsp;&nbsp;&nbsp;_fp_digits
<LI><a href="#[6b]">&gt;&gt;</a>&nbsp;&nbsp;&nbsp;__aeabi_drsub
</UL>

<P><STRONG><a name="[6a]"></a>__aeabi_dsub</STRONG> (Thumb, 6 bytes, Stack size 0 bytes, dadd.o(.text))
<BR><BR>[Stack]<UL><LI>Max Depth = 88<LI>Call Chain = __aeabi_dsub &rArr; __aeabi_dadd &rArr; _double_epilogue &rArr; _double_round
</UL>
<BR>[Calls]<UL><LI><a href="#[66]">&gt;&gt;</a>&nbsp;&nbsp;&nbsp;__aeabi_dadd
</UL>
<BR>[Called By]<UL><LI><a href="#[77]">&gt;&gt;</a>&nbsp;&nbsp;&nbsp;BilCalculation
</UL>

<P><STRONG><a name="[6b]"></a>__aeabi_drsub</STRONG> (Thumb, 6 bytes, Stack size 0 bytes, dadd.o(.text), UNUSED)
<BR><BR>[Calls]<UL><LI><a href="#[66]">&gt;&gt;</a>&nbsp;&nbsp;&nbsp;__aeabi_dadd
</UL>

<P><STRONG><a name="[6c]"></a>__aeabi_dmul</STRONG> (Thumb, 228 bytes, Stack size 48 bytes, dmul.o(.text))
<BR><BR>[Stack]<UL><LI>Max Depth = 88<LI>Call Chain = __aeabi_dmul &rArr; _double_epilogue &rArr; _double_round
</UL>
<BR>[Calls]<UL><LI><a href="#[68]">&gt;&gt;</a>&nbsp;&nbsp;&nbsp;_double_epilogue
</UL>
<BR>[Called By]<UL><LI><a href="#[11c]">&gt;&gt;</a>&nbsp;&nbsp;&nbsp;MemDetailScreen
<LI><a href="#[77]">&gt;&gt;</a>&nbsp;&nbsp;&nbsp;BilCalculation
<LI><a href="#[159]">&gt;&gt;</a>&nbsp;&nbsp;&nbsp;_fp_digits
</UL>

<P><STRONG><a name="[6d]"></a>__aeabi_ddiv</STRONG> (Thumb, 222 bytes, Stack size 32 bytes, ddiv.o(.text))
<BR><BR>[Stack]<UL><LI>Max Depth = 40<LI>Call Chain = __aeabi_ddiv &rArr; _double_round
</UL>
<BR>[Calls]<UL><LI><a href="#[69]">&gt;&gt;</a>&nbsp;&nbsp;&nbsp;_double_round
</UL>
<BR>[Called By]<UL><LI><a href="#[92]">&gt;&gt;</a>&nbsp;&nbsp;&nbsp;printbilirubinAsGraph
<LI><a href="#[159]">&gt;&gt;</a>&nbsp;&nbsp;&nbsp;_fp_digits
</UL>

<P><STRONG><a name="[6e]"></a>__aeabi_ui2d</STRONG> (Thumb, 26 bytes, Stack size 16 bytes, dfltui.o(.text))
<BR><BR>[Stack]<UL><LI>Max Depth = 56<LI>Call Chain = __aeabi_ui2d &rArr; _double_epilogue &rArr; _double_round
</UL>
<BR>[Calls]<UL><LI><a href="#[68]">&gt;&gt;</a>&nbsp;&nbsp;&nbsp;_double_epilogue
</UL>
<BR>[Called By]<UL><LI><a href="#[92]">&gt;&gt;</a>&nbsp;&nbsp;&nbsp;printbilirubinAsGraph
<LI><a href="#[11c]">&gt;&gt;</a>&nbsp;&nbsp;&nbsp;MemDetailScreen
</UL>

<P><STRONG><a name="[6f]"></a>__aeabi_d2uiz</STRONG> (Thumb, 50 bytes, Stack size 8 bytes, dfixui.o(.text))
<BR><BR>[Stack]<UL><LI>Max Depth = 8<LI>Call Chain = __aeabi_d2uiz
</UL>
<BR>[Calls]<UL><LI><a href="#[61]">&gt;&gt;</a>&nbsp;&nbsp;&nbsp;__aeabi_llsr
</UL>
<BR>[Called By]<UL><LI><a href="#[92]">&gt;&gt;</a>&nbsp;&nbsp;&nbsp;printbilirubinAsGraph
</UL>

<P><STRONG><a name="[7a]"></a>__aeabi_f2d</STRONG> (Thumb, 38 bytes, Stack size 0 bytes, f2d.o(.text))
<BR><BR>[Called By]<UL><LI><a href="#[91]">&gt;&gt;</a>&nbsp;&nbsp;&nbsp;printBilirubinVal_umol_L
<LI><a href="#[120]">&gt;&gt;</a>&nbsp;&nbsp;&nbsp;printBilirubinVal_mg_dL
<LI><a href="#[11c]">&gt;&gt;</a>&nbsp;&nbsp;&nbsp;MemDetailScreen
<LI><a href="#[77]">&gt;&gt;</a>&nbsp;&nbsp;&nbsp;BilCalculation
</UL>

<P><STRONG><a name="[70]"></a>__aeabi_d2f</STRONG> (Thumb, 56 bytes, Stack size 8 bytes, d2f.o(.text))
<BR><BR>[Stack]<UL><LI>Max Depth = 8<LI>Call Chain = __aeabi_d2f
</UL>
<BR>[Calls]<UL><LI><a href="#[71]">&gt;&gt;</a>&nbsp;&nbsp;&nbsp;_float_round
</UL>
<BR>[Called By]<UL><LI><a href="#[11c]">&gt;&gt;</a>&nbsp;&nbsp;&nbsp;MemDetailScreen
<LI><a href="#[77]">&gt;&gt;</a>&nbsp;&nbsp;&nbsp;BilCalculation
</UL>

<P><STRONG><a name="[173]"></a>__aeabi_uidiv</STRONG> (Thumb, 0 bytes, Stack size 12 bytes, uidiv.o(.text), UNUSED)

<P><STRONG><a name="[15d]"></a>__aeabi_uidivmod</STRONG> (Thumb, 44 bytes, Stack size 12 bytes, uidiv.o(.text), UNUSED)
<BR><BR>[Called By]<UL><LI><a href="#[158]">&gt;&gt;</a>&nbsp;&nbsp;&nbsp;_printf_core
</UL>

<P><STRONG><a name="[62]"></a>__aeabi_llsl</STRONG> (Thumb, 30 bytes, Stack size 0 bytes, llshl.o(.text))
<BR><BR>[Called By]<UL><LI><a href="#[66]">&gt;&gt;</a>&nbsp;&nbsp;&nbsp;__aeabi_dadd
<LI><a href="#[72]">&gt;&gt;</a>&nbsp;&nbsp;&nbsp;__aeabi_d2ulz
<LI><a href="#[60]">&gt;&gt;</a>&nbsp;&nbsp;&nbsp;__aeabi_uldivmod
<LI><a href="#[68]">&gt;&gt;</a>&nbsp;&nbsp;&nbsp;_double_epilogue
</UL>

<P><STRONG><a name="[174]"></a>_ll_shift_l</STRONG> (Thumb, 0 bytes, Stack size 0 bytes, llshl.o(.text), UNUSED)

<P><STRONG><a name="[67]"></a>__aeabi_lasr</STRONG> (Thumb, 36 bytes, Stack size 0 bytes, llsshr.o(.text))
<BR><BR>[Called By]<UL><LI><a href="#[66]">&gt;&gt;</a>&nbsp;&nbsp;&nbsp;__aeabi_dadd
</UL>

<P><STRONG><a name="[175]"></a>_ll_sshift_r</STRONG> (Thumb, 0 bytes, Stack size 0 bytes, llsshr.o(.text), UNUSED)

<P><STRONG><a name="[176]"></a>__I$use$fp</STRONG> (Thumb, 0 bytes, Stack size 0 bytes, iusefp.o(.text), UNUSED)

<P><STRONG><a name="[71]"></a>_float_round</STRONG> (Thumb, 18 bytes, Stack size 0 bytes, fepilogue.o(.text))
<BR><BR>[Called By]<UL><LI><a href="#[70]">&gt;&gt;</a>&nbsp;&nbsp;&nbsp;__aeabi_d2f
</UL>

<P><STRONG><a name="[177]"></a>_float_epilogue</STRONG> (Thumb, 92 bytes, Stack size 4 bytes, fepilogue.o(.text), UNUSED)

<P><STRONG><a name="[69]"></a>_double_round</STRONG> (Thumb, 30 bytes, Stack size 8 bytes, depilogue.o(.text))
<BR><BR>[Stack]<UL><LI>Max Depth = 8<LI>Call Chain = _double_round
</UL>
<BR>[Called By]<UL><LI><a href="#[6d]">&gt;&gt;</a>&nbsp;&nbsp;&nbsp;__aeabi_ddiv
<LI><a href="#[66]">&gt;&gt;</a>&nbsp;&nbsp;&nbsp;__aeabi_dadd
<LI><a href="#[68]">&gt;&gt;</a>&nbsp;&nbsp;&nbsp;_double_epilogue
</UL>

<P><STRONG><a name="[68]"></a>_double_epilogue</STRONG> (Thumb, 156 bytes, Stack size 32 bytes, depilogue.o(.text))
<BR><BR>[Stack]<UL><LI>Max Depth = 40<LI>Call Chain = _double_epilogue &rArr; _double_round
</UL>
<BR>[Calls]<UL><LI><a href="#[61]">&gt;&gt;</a>&nbsp;&nbsp;&nbsp;__aeabi_llsr
<LI><a href="#[62]">&gt;&gt;</a>&nbsp;&nbsp;&nbsp;__aeabi_llsl
<LI><a href="#[69]">&gt;&gt;</a>&nbsp;&nbsp;&nbsp;_double_round
</UL>
<BR>[Called By]<UL><LI><a href="#[6e]">&gt;&gt;</a>&nbsp;&nbsp;&nbsp;__aeabi_ui2d
<LI><a href="#[6c]">&gt;&gt;</a>&nbsp;&nbsp;&nbsp;__aeabi_dmul
<LI><a href="#[66]">&gt;&gt;</a>&nbsp;&nbsp;&nbsp;__aeabi_dadd
</UL>

<P><STRONG><a name="[72]"></a>__aeabi_d2ulz</STRONG> (Thumb, 48 bytes, Stack size 0 bytes, dfixul.o(.text), UNUSED)
<BR><BR>[Calls]<UL><LI><a href="#[61]">&gt;&gt;</a>&nbsp;&nbsp;&nbsp;__aeabi_llsr
<LI><a href="#[62]">&gt;&gt;</a>&nbsp;&nbsp;&nbsp;__aeabi_llsl
</UL>
<BR>[Called By]<UL><LI><a href="#[159]">&gt;&gt;</a>&nbsp;&nbsp;&nbsp;_fp_digits
</UL>

<P><STRONG><a name="[15a]"></a>__aeabi_cdrcmple</STRONG> (Thumb, 48 bytes, Stack size 0 bytes, cdrcmple.o(.text), UNUSED)
<BR><BR>[Called By]<UL><LI><a href="#[159]">&gt;&gt;</a>&nbsp;&nbsp;&nbsp;_fp_digits
</UL>

<P><STRONG><a name="[5f]"></a>__scatterload</STRONG> (Thumb, 28 bytes, Stack size 0 bytes, init.o(.text))
<BR><BR>[Calls]<UL><LI><a href="#[73]">&gt;&gt;</a>&nbsp;&nbsp;&nbsp;__main_after_scatterload
</UL>
<BR>[Called By]<UL><LI><a href="#[5e]">&gt;&gt;</a>&nbsp;&nbsp;&nbsp;_main_scatterload
</UL>

<P><STRONG><a name="[178]"></a>__scatterload_rt2</STRONG> (Thumb, 0 bytes, Stack size 0 bytes, init.o(.text), UNUSED)

<P><STRONG><a name="[179]"></a>__decompress</STRONG> (Thumb, 0 bytes, Stack size unknown bytes, __dczerorl2.o(.text), UNUSED)

<P><STRONG><a name="[17a]"></a>__decompress1</STRONG> (Thumb, 86 bytes, Stack size unknown bytes, __dczerorl2.o(.text), UNUSED)

<P><STRONG><a name="[136]"></a>BSP_TS_GetState</STRONG> (Thumb, 170 bytes, Stack size 24 bytes, touchscreen.o(i.BSP_TS_GetState))
<BR><BR>[Stack]<UL><LI>Max Depth = 24<LI>Call Chain = BSP_TS_GetState
</UL>
<BR>[Called By]<UL><LI><a href="#[12c]">&gt;&gt;</a>&nbsp;&nbsp;&nbsp;Touchscreen_demo
</UL>

<P><STRONG><a name="[132]"></a>BSP_TS_Init</STRONG> (Thumb, 48 bytes, Stack size 16 bytes, touchscreen.o(i.BSP_TS_Init))
<BR><BR>[Stack]<UL><LI>Max Depth = 16<LI>Call Chain = BSP_TS_Init
</UL>
<BR>[Called By]<UL><LI><a href="#[131]">&gt;&gt;</a>&nbsp;&nbsp;&nbsp;Touchscreen_Calibration
<LI><a href="#[12c]">&gt;&gt;</a>&nbsp;&nbsp;&nbsp;Touchscreen_demo
</UL>

<P><STRONG><a name="[77]"></a>BilCalculation</STRONG> (Thumb, 460 bytes, Stack size 1064 bytes, calculation.o(i.BilCalculation))
<BR><BR>[Stack]<UL><LI>Max Depth = 1256<LI>Call Chain = BilCalculation &rArr; W25qxx_ReadSector &rArr; W25qxx_ReadPage &rArr; HAL_SPI_Receive &rArr; HAL_SPI_TransmitReceive &rArr; SPI_EndRxTxTransaction &rArr; SPI_WaitFifoStateUntilTimeout
</UL>
<BR>[Calls]<UL><LI><a href="#[7a]">&gt;&gt;</a>&nbsp;&nbsp;&nbsp;__aeabi_f2d
<LI><a href="#[6c]">&gt;&gt;</a>&nbsp;&nbsp;&nbsp;__aeabi_dmul
<LI><a href="#[66]">&gt;&gt;</a>&nbsp;&nbsp;&nbsp;__aeabi_dadd
<LI><a href="#[70]">&gt;&gt;</a>&nbsp;&nbsp;&nbsp;__aeabi_d2f
<LI><a href="#[78]">&gt;&gt;</a>&nbsp;&nbsp;&nbsp;W25qxx_ReadSector
<LI><a href="#[6a]">&gt;&gt;</a>&nbsp;&nbsp;&nbsp;__aeabi_dsub
<LI><a href="#[79]">&gt;&gt;</a>&nbsp;&nbsp;&nbsp;movingAvarage
</UL>
<BR>[Called By]<UL><LI><a href="#[a6]">&gt;&gt;</a>&nbsp;&nbsp;&nbsp;HAL_GPIO_EXTI_Callback
</UL>

<P><STRONG><a name="[e]"></a>BusFault_Handler</STRONG> (Thumb, 2 bytes, Stack size 0 bytes, stm32f3xx_it.o(i.BusFault_Handler))
<BR><BR>[Calls]<UL><LI><a href="#[e]">&gt;&gt;</a>&nbsp;&nbsp;&nbsp;BusFault_Handler
</UL>
<BR>[Called By]<UL><LI><a href="#[e]">&gt;&gt;</a>&nbsp;&nbsp;&nbsp;BusFault_Handler
</UL>
<BR>[Address Reference Count : 1]<UL><LI> startup_stm32f373xc.o(RESET)
</UL>
<P><STRONG><a name="[7b]"></a>BuzzerBip</STRONG> (Thumb, 48 bytes, Stack size 16 bytes, system.o(i.BuzzerBip))
<BR><BR>[Stack]<UL><LI>Max Depth = 32<LI>Call Chain = BuzzerBip &rArr; DWT_Delay_us
</UL>
<BR>[Calls]<UL><LI><a href="#[7c]">&gt;&gt;</a>&nbsp;&nbsp;&nbsp;HAL_GPIO_WritePin
<LI><a href="#[7d]">&gt;&gt;</a>&nbsp;&nbsp;&nbsp;DWT_Delay_us
</UL>
<BR>[Called By]<UL><LI><a href="#[12c]">&gt;&gt;</a>&nbsp;&nbsp;&nbsp;Touchscreen_demo
<LI><a href="#[a6]">&gt;&gt;</a>&nbsp;&nbsp;&nbsp;HAL_GPIO_EXTI_Callback
<LI><a href="#[86]">&gt;&gt;</a>&nbsp;&nbsp;&nbsp;CheckPushBt
<LI><a href="#[f6]">&gt;&gt;</a>&nbsp;&nbsp;&nbsp;HAL_UART_RxCpltCallback
</UL>

<P><STRONG><a name="[7e]"></a>C12666MA_Init</STRONG> (Thumb, 48 bytes, Stack size 8 bytes, c12666ma.o(i.C12666MA_Init))
<BR><BR>[Stack]<UL><LI>Max Depth = 8<LI>Call Chain = C12666MA_Init
</UL>
<BR>[Calls]<UL><LI><a href="#[7c]">&gt;&gt;</a>&nbsp;&nbsp;&nbsp;HAL_GPIO_WritePin
</UL>
<BR>[Called By]<UL><LI><a href="#[129]">&gt;&gt;</a>&nbsp;&nbsp;&nbsp;SysInit
</UL>

<P><STRONG><a name="[7f]"></a>CalDisplay1</STRONG> (Thumb, 244 bytes, Stack size 16 bytes, display.o(i.CalDisplay1))
<BR><BR>[Stack]<UL><LI>Max Depth = 208<LI>Call Chain = CalDisplay1 &rArr; W25qxx_ReadBlock &rArr; W25qxx_ReadPage &rArr; HAL_SPI_Receive &rArr; HAL_SPI_TransmitReceive &rArr; SPI_EndRxTxTransaction &rArr; SPI_WaitFifoStateUntilTimeout
</UL>
<BR>[Calls]<UL><LI><a href="#[81]">&gt;&gt;</a>&nbsp;&nbsp;&nbsp;W25qxx_ReadBlock
<LI><a href="#[80]">&gt;&gt;</a>&nbsp;&nbsp;&nbsp;ILI9341_FillRectangle
<LI><a href="#[82]">&gt;&gt;</a>&nbsp;&nbsp;&nbsp;ILI9341_DrawImage
</UL>
<BR>[Called By]<UL><LI><a href="#[12c]">&gt;&gt;</a>&nbsp;&nbsp;&nbsp;Touchscreen_demo
</UL>

<P><STRONG><a name="[83]"></a>CalDisplay2</STRONG> (Thumb, 120 bytes, Stack size 16 bytes, display.o(i.CalDisplay2))
<BR><BR>[Stack]<UL><LI>Max Depth = 208<LI>Call Chain = CalDisplay2 &rArr; W25qxx_ReadBlock &rArr; W25qxx_ReadPage &rArr; HAL_SPI_Receive &rArr; HAL_SPI_TransmitReceive &rArr; SPI_EndRxTxTransaction &rArr; SPI_WaitFifoStateUntilTimeout
</UL>
<BR>[Calls]<UL><LI><a href="#[81]">&gt;&gt;</a>&nbsp;&nbsp;&nbsp;W25qxx_ReadBlock
<LI><a href="#[82]">&gt;&gt;</a>&nbsp;&nbsp;&nbsp;ILI9341_DrawImage
</UL>
<BR>[Called By]<UL><LI><a href="#[12c]">&gt;&gt;</a>&nbsp;&nbsp;&nbsp;Touchscreen_demo
</UL>

<P><STRONG><a name="[84]"></a>CalDisplay3</STRONG> (Thumb, 120 bytes, Stack size 16 bytes, display.o(i.CalDisplay3))
<BR><BR>[Stack]<UL><LI>Max Depth = 208<LI>Call Chain = CalDisplay3 &rArr; W25qxx_ReadBlock &rArr; W25qxx_ReadPage &rArr; HAL_SPI_Receive &rArr; HAL_SPI_TransmitReceive &rArr; SPI_EndRxTxTransaction &rArr; SPI_WaitFifoStateUntilTimeout
</UL>
<BR>[Calls]<UL><LI><a href="#[81]">&gt;&gt;</a>&nbsp;&nbsp;&nbsp;W25qxx_ReadBlock
<LI><a href="#[82]">&gt;&gt;</a>&nbsp;&nbsp;&nbsp;ILI9341_DrawImage
</UL>
<BR>[Called By]<UL><LI><a href="#[12c]">&gt;&gt;</a>&nbsp;&nbsp;&nbsp;Touchscreen_demo
</UL>

<P><STRONG><a name="[85]"></a>CalDisplay4</STRONG> (Thumb, 120 bytes, Stack size 16 bytes, display.o(i.CalDisplay4))
<BR><BR>[Stack]<UL><LI>Max Depth = 208<LI>Call Chain = CalDisplay4 &rArr; W25qxx_ReadBlock &rArr; W25qxx_ReadPage &rArr; HAL_SPI_Receive &rArr; HAL_SPI_TransmitReceive &rArr; SPI_EndRxTxTransaction &rArr; SPI_WaitFifoStateUntilTimeout
</UL>
<BR>[Calls]<UL><LI><a href="#[81]">&gt;&gt;</a>&nbsp;&nbsp;&nbsp;W25qxx_ReadBlock
<LI><a href="#[82]">&gt;&gt;</a>&nbsp;&nbsp;&nbsp;ILI9341_DrawImage
</UL>
<BR>[Called By]<UL><LI><a href="#[12c]">&gt;&gt;</a>&nbsp;&nbsp;&nbsp;Touchscreen_demo
</UL>

<P><STRONG><a name="[137]"></a>Calibration_GetX</STRONG> (Thumb, 26 bytes, Stack size 0 bytes, ts_calibration.o(i.Calibration_GetX))
<BR><BR>[Called By]<UL><LI><a href="#[12c]">&gt;&gt;</a>&nbsp;&nbsp;&nbsp;Touchscreen_demo
</UL>

<P><STRONG><a name="[138]"></a>Calibration_GetY</STRONG> (Thumb, 26 bytes, Stack size 0 bytes, ts_calibration.o(i.Calibration_GetY))
<BR><BR>[Called By]<UL><LI><a href="#[12c]">&gt;&gt;</a>&nbsp;&nbsp;&nbsp;Touchscreen_demo
</UL>

<P><STRONG><a name="[86]"></a>CheckPushBt</STRONG> (Thumb, 154 bytes, Stack size 32 bytes, system.o(i.CheckPushBt))
<BR><BR>[Stack]<UL><LI>Max Depth = 64<LI>Call Chain = CheckPushBt &rArr; BuzzerBip &rArr; DWT_Delay_us
</UL>
<BR>[Calls]<UL><LI><a href="#[7c]">&gt;&gt;</a>&nbsp;&nbsp;&nbsp;HAL_GPIO_WritePin
<LI><a href="#[88]">&gt;&gt;</a>&nbsp;&nbsp;&nbsp;HAL_Delay
<LI><a href="#[87]">&gt;&gt;</a>&nbsp;&nbsp;&nbsp;HAL_GPIO_ReadPin
<LI><a href="#[7b]">&gt;&gt;</a>&nbsp;&nbsp;&nbsp;BuzzerBip
<LI><a href="#[89]">&gt;&gt;</a>&nbsp;&nbsp;&nbsp;__NVIC_SystemReset
</UL>
<BR>[Called By]<UL><LI><a href="#[12c]">&gt;&gt;</a>&nbsp;&nbsp;&nbsp;Touchscreen_demo
</UL>

<P><STRONG><a name="[1f]"></a>DMA1_Channel1_IRQHandler</STRONG> (Thumb, 6 bytes, Stack size 0 bytes, stm32f3xx_it.o(i.DMA1_Channel1_IRQHandler))
<BR><BR>[Stack]<UL><LI>Max Depth = 16<LI>Call Chain = DMA1_Channel1_IRQHandler &rArr; HAL_DMA_IRQHandler
</UL>
<BR>[Calls]<UL><LI><a href="#[8a]">&gt;&gt;</a>&nbsp;&nbsp;&nbsp;HAL_DMA_IRQHandler
</UL>
<BR>[Address Reference Count : 1]<UL><LI> startup_stm32f373xc.o(RESET)
</UL>
<P><STRONG><a name="[20]"></a>DMA1_Channel2_IRQHandler</STRONG> (Thumb, 6 bytes, Stack size 0 bytes, stm32f3xx_it.o(i.DMA1_Channel2_IRQHandler))
<BR><BR>[Stack]<UL><LI>Max Depth = 16<LI>Call Chain = DMA1_Channel2_IRQHandler &rArr; HAL_DMA_IRQHandler
</UL>
<BR>[Calls]<UL><LI><a href="#[8a]">&gt;&gt;</a>&nbsp;&nbsp;&nbsp;HAL_DMA_IRQHandler
</UL>
<BR>[Address Reference Count : 1]<UL><LI> startup_stm32f373xc.o(RESET)
</UL>
<P><STRONG><a name="[21]"></a>DMA1_Channel3_IRQHandler</STRONG> (Thumb, 6 bytes, Stack size 0 bytes, stm32f3xx_it.o(i.DMA1_Channel3_IRQHandler))
<BR><BR>[Stack]<UL><LI>Max Depth = 16<LI>Call Chain = DMA1_Channel3_IRQHandler &rArr; HAL_DMA_IRQHandler
</UL>
<BR>[Calls]<UL><LI><a href="#[8a]">&gt;&gt;</a>&nbsp;&nbsp;&nbsp;HAL_DMA_IRQHandler
</UL>
<BR>[Address Reference Count : 1]<UL><LI> startup_stm32f373xc.o(RESET)
</UL>
<P><STRONG><a name="[24]"></a>DMA1_Channel6_IRQHandler</STRONG> (Thumb, 6 bytes, Stack size 0 bytes, stm32f3xx_it.o(i.DMA1_Channel6_IRQHandler))
<BR><BR>[Stack]<UL><LI>Max Depth = 16<LI>Call Chain = DMA1_Channel6_IRQHandler &rArr; HAL_DMA_IRQHandler
</UL>
<BR>[Calls]<UL><LI><a href="#[8a]">&gt;&gt;</a>&nbsp;&nbsp;&nbsp;HAL_DMA_IRQHandler
</UL>
<BR>[Address Reference Count : 1]<UL><LI> startup_stm32f373xc.o(RESET)
</UL>
<P><STRONG><a name="[12b]"></a>DWT_Delay_Init</STRONG> (Thumb, 58 bytes, Stack size 0 bytes, dwt_stm32_delay.o(i.DWT_Delay_Init))
<BR><BR>[Called By]<UL><LI><a href="#[129]">&gt;&gt;</a>&nbsp;&nbsp;&nbsp;SysInit
</UL>

<P><STRONG><a name="[11]"></a>DebugMon_Handler</STRONG> (Thumb, 2 bytes, Stack size 0 bytes, stm32f3xx_it.o(i.DebugMon_Handler))
<BR>[Address Reference Count : 1]<UL><LI> startup_stm32f373xc.o(RESET)
</UL>
<P><STRONG><a name="[8e]"></a>DetailScreen</STRONG> (Thumb, 382 bytes, Stack size 40 bytes, display.o(i.DetailScreen))
<BR><BR>[Stack]<UL><LI>Max Depth = 400<LI>Call Chain = DetailScreen &rArr; printBilirubinVal_umol_L &rArr; ILI9341_WriteString &rArr; ILI9341_WriteChar &rArr; ILI9341_SetAddressWindow &rArr; ILI9341_WriteData &rArr; HAL_SPI_Transmit &rArr; SPI_EndRxTxTransaction &rArr; SPI_WaitFifoStateUntilTimeout
</UL>
<BR>[Calls]<UL><LI><a href="#[81]">&gt;&gt;</a>&nbsp;&nbsp;&nbsp;W25qxx_ReadBlock
<LI><a href="#[8f]">&gt;&gt;</a>&nbsp;&nbsp;&nbsp;ILI9341_WriteString
<LI><a href="#[80]">&gt;&gt;</a>&nbsp;&nbsp;&nbsp;ILI9341_FillRectangle
<LI><a href="#[90]">&gt;&gt;</a>&nbsp;&nbsp;&nbsp;ILI9341_DrawPixel
<LI><a href="#[82]">&gt;&gt;</a>&nbsp;&nbsp;&nbsp;ILI9341_DrawImage
<LI><a href="#[92]">&gt;&gt;</a>&nbsp;&nbsp;&nbsp;printbilirubinAsGraph
<LI><a href="#[91]">&gt;&gt;</a>&nbsp;&nbsp;&nbsp;printBilirubinVal_umol_L
</UL>
<BR>[Called By]<UL><LI><a href="#[12c]">&gt;&gt;</a>&nbsp;&nbsp;&nbsp;Touchscreen_demo
</UL>

<P><STRONG><a name="[93]"></a>DltMemDisplay</STRONG> (Thumb, 138 bytes, Stack size 32 bytes, display.o(i.DltMemDisplay))
<BR><BR>[Stack]<UL><LI>Max Depth = 296<LI>Call Chain = DltMemDisplay &rArr; ILI9341_WriteString &rArr; ILI9341_WriteChar &rArr; ILI9341_SetAddressWindow &rArr; ILI9341_WriteData &rArr; HAL_SPI_Transmit &rArr; SPI_EndRxTxTransaction &rArr; SPI_WaitFifoStateUntilTimeout
</UL>
<BR>[Calls]<UL><LI><a href="#[8f]">&gt;&gt;</a>&nbsp;&nbsp;&nbsp;ILI9341_WriteString
<LI><a href="#[80]">&gt;&gt;</a>&nbsp;&nbsp;&nbsp;ILI9341_FillRectangle
</UL>
<BR>[Called By]<UL><LI><a href="#[12c]">&gt;&gt;</a>&nbsp;&nbsp;&nbsp;Touchscreen_demo
</UL>

<P><STRONG><a name="[94]"></a>Draw_rectangle</STRONG> (Thumb, 142 bytes, Stack size 40 bytes, ili9341.o(i.Draw_rectangle))
<BR><BR>[Stack]<UL><LI>Max Depth = 208<LI>Call Chain = Draw_rectangle &rArr; ILI9341_DrawPixel &rArr; ILI9341_SetAddressWindow &rArr; ILI9341_WriteData &rArr; HAL_SPI_Transmit &rArr; SPI_EndRxTxTransaction &rArr; SPI_WaitFifoStateUntilTimeout
</UL>
<BR>[Calls]<UL><LI><a href="#[90]">&gt;&gt;</a>&nbsp;&nbsp;&nbsp;ILI9341_DrawPixel
</UL>
<BR>[Called By]<UL><LI><a href="#[12c]">&gt;&gt;</a>&nbsp;&nbsp;&nbsp;Touchscreen_demo
</UL>

<P><STRONG><a name="[3c]"></a>EXTI15_10_IRQHandler</STRONG> (Thumb, 8 bytes, Stack size 0 bytes, stm32f3xx_it.o(i.EXTI15_10_IRQHandler))
<BR><BR>[Stack]<UL><LI>Max Depth = 1280<LI>Call Chain = EXTI15_10_IRQHandler &rArr; HAL_GPIO_EXTI_IRQHandler &rArr; HAL_GPIO_EXTI_Callback &rArr; BilCalculation &rArr; W25qxx_ReadSector &rArr; W25qxx_ReadPage &rArr; HAL_SPI_Receive &rArr; HAL_SPI_TransmitReceive &rArr; SPI_EndRxTxTransaction &rArr; SPI_WaitFifoStateUntilTimeout
</UL>
<BR>[Calls]<UL><LI><a href="#[95]">&gt;&gt;</a>&nbsp;&nbsp;&nbsp;HAL_GPIO_EXTI_IRQHandler
</UL>
<BR>[Address Reference Count : 1]<UL><LI> startup_stm32f373xc.o(RESET)
</UL>
<P><STRONG><a name="[1c]"></a>EXTI2_TSC_IRQHandler</STRONG> (Thumb, 6 bytes, Stack size 0 bytes, stm32f3xx_it.o(i.EXTI2_TSC_IRQHandler))
<BR><BR>[Stack]<UL><LI>Max Depth = 1280<LI>Call Chain = EXTI2_TSC_IRQHandler &rArr; HAL_GPIO_EXTI_IRQHandler &rArr; HAL_GPIO_EXTI_Callback &rArr; BilCalculation &rArr; W25qxx_ReadSector &rArr; W25qxx_ReadPage &rArr; HAL_SPI_Receive &rArr; HAL_SPI_TransmitReceive &rArr; SPI_EndRxTxTransaction &rArr; SPI_WaitFifoStateUntilTimeout
</UL>
<BR>[Calls]<UL><LI><a href="#[95]">&gt;&gt;</a>&nbsp;&nbsp;&nbsp;HAL_GPIO_EXTI_IRQHandler
</UL>
<BR>[Address Reference Count : 1]<UL><LI> startup_stm32f373xc.o(RESET)
</UL>
<P><STRONG><a name="[2b]"></a>EXTI9_5_IRQHandler</STRONG> (Thumb, 8 bytes, Stack size 0 bytes, stm32f3xx_it.o(i.EXTI9_5_IRQHandler))
<BR><BR>[Stack]<UL><LI>Max Depth = 1280<LI>Call Chain = EXTI9_5_IRQHandler &rArr; HAL_GPIO_EXTI_IRQHandler &rArr; HAL_GPIO_EXTI_Callback &rArr; BilCalculation &rArr; W25qxx_ReadSector &rArr; W25qxx_ReadPage &rArr; HAL_SPI_Receive &rArr; HAL_SPI_TransmitReceive &rArr; SPI_EndRxTxTransaction &rArr; SPI_WaitFifoStateUntilTimeout
</UL>
<BR>[Calls]<UL><LI><a href="#[95]">&gt;&gt;</a>&nbsp;&nbsp;&nbsp;HAL_GPIO_EXTI_IRQHandler
</UL>
<BR>[Address Reference Count : 1]<UL><LI> startup_stm32f373xc.o(RESET)
</UL>
<P><STRONG><a name="[96]"></a>EraseSectors</STRONG> (Thumb, 84 bytes, Stack size 24 bytes, w25qxx.o(i.EraseSectors))
<BR><BR>[Stack]<UL><LI>Max Depth = 216<LI>Call Chain = EraseSectors &rArr; W25qxx_ReadSector &rArr; W25qxx_ReadPage &rArr; HAL_SPI_Receive &rArr; HAL_SPI_TransmitReceive &rArr; SPI_EndRxTxTransaction &rArr; SPI_WaitFifoStateUntilTimeout
</UL>
<BR>[Calls]<UL><LI><a href="#[78]">&gt;&gt;</a>&nbsp;&nbsp;&nbsp;W25qxx_ReadSector
<LI><a href="#[98]">&gt;&gt;</a>&nbsp;&nbsp;&nbsp;W25qxx_WriteSector
<LI><a href="#[97]">&gt;&gt;</a>&nbsp;&nbsp;&nbsp;W25qxx_EraseSector
</UL>
<BR>[Called By]<UL><LI><a href="#[12c]">&gt;&gt;</a>&nbsp;&nbsp;&nbsp;Touchscreen_demo
</UL>

<P><STRONG><a name="[99]"></a>ErrorDisplay3</STRONG> (Thumb, 82 bytes, Stack size 24 bytes, display.o(i.ErrorDisplay3))
<BR><BR>[Stack]<UL><LI>Max Depth = 288<LI>Call Chain = ErrorDisplay3 &rArr; ILI9341_WriteString &rArr; ILI9341_WriteChar &rArr; ILI9341_SetAddressWindow &rArr; ILI9341_WriteData &rArr; HAL_SPI_Transmit &rArr; SPI_EndRxTxTransaction &rArr; SPI_WaitFifoStateUntilTimeout
</UL>
<BR>[Calls]<UL><LI><a href="#[8f]">&gt;&gt;</a>&nbsp;&nbsp;&nbsp;ILI9341_WriteString
<LI><a href="#[80]">&gt;&gt;</a>&nbsp;&nbsp;&nbsp;ILI9341_FillRectangle
</UL>
<BR>[Called By]<UL><LI><a href="#[a6]">&gt;&gt;</a>&nbsp;&nbsp;&nbsp;HAL_GPIO_EXTI_Callback
</UL>

<P><STRONG><a name="[9f]"></a>Error_Handler</STRONG> (Thumb, 2 bytes, Stack size 0 bytes, main.o(i.Error_Handler))
<BR><BR>[Called By]<UL><LI><a href="#[146]">&gt;&gt;</a>&nbsp;&nbsp;&nbsp;setTime
<LI><a href="#[144]">&gt;&gt;</a>&nbsp;&nbsp;&nbsp;setDate
<LI><a href="#[fa]">&gt;&gt;</a>&nbsp;&nbsp;&nbsp;I2Cx_Init
<LI><a href="#[f1]">&gt;&gt;</a>&nbsp;&nbsp;&nbsp;HAL_UART_MspInit
<LI><a href="#[9b]">&gt;&gt;</a>&nbsp;&nbsp;&nbsp;HAL_ADC_MspInit
<LI><a href="#[11b]">&gt;&gt;</a>&nbsp;&nbsp;&nbsp;MX_USART3_UART_Init
<LI><a href="#[11a]">&gt;&gt;</a>&nbsp;&nbsp;&nbsp;MX_USART2_UART_Init
<LI><a href="#[118]">&gt;&gt;</a>&nbsp;&nbsp;&nbsp;MX_TIM6_Init
<LI><a href="#[117]">&gt;&gt;</a>&nbsp;&nbsp;&nbsp;MX_SPI2_Init
<LI><a href="#[116]">&gt;&gt;</a>&nbsp;&nbsp;&nbsp;MX_SPI1_Init
<LI><a href="#[113]">&gt;&gt;</a>&nbsp;&nbsp;&nbsp;MX_SDADC2_Init
<LI><a href="#[112]">&gt;&gt;</a>&nbsp;&nbsp;&nbsp;MX_RTC_Init
<LI><a href="#[111]">&gt;&gt;</a>&nbsp;&nbsp;&nbsp;MX_I2C2_Init
<LI><a href="#[10c]">&gt;&gt;</a>&nbsp;&nbsp;&nbsp;MX_ADC1_Init
</UL>

<P><STRONG><a name="[10d]"></a>HAL_ADC_ConfigChannel</STRONG> (Thumb, 234 bytes, Stack size 24 bytes, stm32f3xx_hal_adc_ex.o(i.HAL_ADC_ConfigChannel))
<BR><BR>[Stack]<UL><LI>Max Depth = 24<LI>Call Chain = HAL_ADC_ConfigChannel
</UL>
<BR>[Called By]<UL><LI><a href="#[10c]">&gt;&gt;</a>&nbsp;&nbsp;&nbsp;MX_ADC1_Init
</UL>

<P><STRONG><a name="[160]"></a>HAL_ADC_GetValue</STRONG> (Thumb, 6 bytes, Stack size 0 bytes, stm32f3xx_hal_adc_ex.o(i.HAL_ADC_GetValue))
<BR><BR>[Called By]<UL><LI><a href="#[134]">&gt;&gt;</a>&nbsp;&nbsp;&nbsp;batteryLevel
</UL>

<P><STRONG><a name="[9a]"></a>HAL_ADC_Init</STRONG> (Thumb, 272 bytes, Stack size 24 bytes, stm32f3xx_hal_adc_ex.o(i.HAL_ADC_Init))
<BR><BR>[Stack]<UL><LI>Max Depth = 104<LI>Call Chain = HAL_ADC_Init &rArr; HAL_ADC_MspInit &rArr; HAL_GPIO_Init
</UL>
<BR>[Calls]<UL><LI><a href="#[9b]">&gt;&gt;</a>&nbsp;&nbsp;&nbsp;HAL_ADC_MspInit
<LI><a href="#[74]">&gt;&gt;</a>&nbsp;&nbsp;&nbsp;ADC_ConversionStop_Disable
</UL>
<BR>[Called By]<UL><LI><a href="#[10c]">&gt;&gt;</a>&nbsp;&nbsp;&nbsp;MX_ADC1_Init
</UL>

<P><STRONG><a name="[9b]"></a>HAL_ADC_MspInit</STRONG> (Thumb, 126 bytes, Stack size 40 bytes, adc.o(i.HAL_ADC_MspInit))
<BR><BR>[Stack]<UL><LI>Max Depth = 80<LI>Call Chain = HAL_ADC_MspInit &rArr; HAL_GPIO_Init
</UL>
<BR>[Calls]<UL><LI><a href="#[9d]">&gt;&gt;</a>&nbsp;&nbsp;&nbsp;HAL_GPIO_Init
<LI><a href="#[9f]">&gt;&gt;</a>&nbsp;&nbsp;&nbsp;Error_Handler
<LI><a href="#[9e]">&gt;&gt;</a>&nbsp;&nbsp;&nbsp;HAL_DMA_Init
<LI><a href="#[9c]">&gt;&gt;</a>&nbsp;&nbsp;&nbsp;__aeabi_memclr4
</UL>
<BR>[Called By]<UL><LI><a href="#[9a]">&gt;&gt;</a>&nbsp;&nbsp;&nbsp;HAL_ADC_Init
</UL>

<P><STRONG><a name="[a0]"></a>HAL_ADC_PollForConversion</STRONG> (Thumb, 304 bytes, Stack size 32 bytes, stm32f3xx_hal_adc_ex.o(i.HAL_ADC_PollForConversion))
<BR><BR>[Stack]<UL><LI>Max Depth = 32<LI>Call Chain = HAL_ADC_PollForConversion
</UL>
<BR>[Calls]<UL><LI><a href="#[75]">&gt;&gt;</a>&nbsp;&nbsp;&nbsp;HAL_GetTick
</UL>
<BR>[Called By]<UL><LI><a href="#[134]">&gt;&gt;</a>&nbsp;&nbsp;&nbsp;batteryLevel
</UL>

<P><STRONG><a name="[a1]"></a>HAL_ADC_Start</STRONG> (Thumb, 130 bytes, Stack size 8 bytes, stm32f3xx_hal_adc_ex.o(i.HAL_ADC_Start))
<BR><BR>[Stack]<UL><LI>Max Depth = 32<LI>Call Chain = HAL_ADC_Start &rArr; ADC_Enable
</UL>
<BR>[Calls]<UL><LI><a href="#[76]">&gt;&gt;</a>&nbsp;&nbsp;&nbsp;ADC_Enable
</UL>
<BR>[Called By]<UL><LI><a href="#[134]">&gt;&gt;</a>&nbsp;&nbsp;&nbsp;batteryLevel
</UL>

<P><STRONG><a name="[a2]"></a>HAL_ADC_Stop</STRONG> (Thumb, 52 bytes, Stack size 8 bytes, stm32f3xx_hal_adc_ex.o(i.HAL_ADC_Stop))
<BR><BR>[Stack]<UL><LI>Max Depth = 24<LI>Call Chain = HAL_ADC_Stop &rArr; ADC_ConversionStop_Disable
</UL>
<BR>[Calls]<UL><LI><a href="#[74]">&gt;&gt;</a>&nbsp;&nbsp;&nbsp;ADC_ConversionStop_Disable
</UL>
<BR>[Called By]<UL><LI><a href="#[134]">&gt;&gt;</a>&nbsp;&nbsp;&nbsp;batteryLevel
</UL>

<P><STRONG><a name="[ec]"></a>HAL_DMA_Abort_IT</STRONG> (Thumb, 74 bytes, Stack size 8 bytes, stm32f3xx_hal_dma.o(i.HAL_DMA_Abort_IT))
<BR><BR>[Stack]<UL><LI>Max Depth = 8<LI>Call Chain = HAL_DMA_Abort_IT
</UL>
<BR>[Called By]<UL><LI><a href="#[ea]">&gt;&gt;</a>&nbsp;&nbsp;&nbsp;HAL_UART_IRQHandler
</UL>

<P><STRONG><a name="[8a]"></a>HAL_DMA_IRQHandler</STRONG> (Thumb, 168 bytes, Stack size 16 bytes, stm32f3xx_hal_dma.o(i.HAL_DMA_IRQHandler))
<BR><BR>[Stack]<UL><LI>Max Depth = 16<LI>Call Chain = HAL_DMA_IRQHandler
</UL>
<BR>[Called By]<UL><LI><a href="#[24]">&gt;&gt;</a>&nbsp;&nbsp;&nbsp;DMA1_Channel6_IRQHandler
<LI><a href="#[21]">&gt;&gt;</a>&nbsp;&nbsp;&nbsp;DMA1_Channel3_IRQHandler
<LI><a href="#[20]">&gt;&gt;</a>&nbsp;&nbsp;&nbsp;DMA1_Channel2_IRQHandler
<LI><a href="#[1f]">&gt;&gt;</a>&nbsp;&nbsp;&nbsp;DMA1_Channel1_IRQHandler
</UL>

<P><STRONG><a name="[9e]"></a>HAL_DMA_Init</STRONG> (Thumb, 78 bytes, Stack size 16 bytes, stm32f3xx_hal_dma.o(i.HAL_DMA_Init))
<BR><BR>[Stack]<UL><LI>Max Depth = 16<LI>Call Chain = HAL_DMA_Init
</UL>
<BR>[Calls]<UL><LI><a href="#[a3]">&gt;&gt;</a>&nbsp;&nbsp;&nbsp;DMA_CalcBaseAndBitshift
</UL>
<BR>[Called By]<UL><LI><a href="#[f1]">&gt;&gt;</a>&nbsp;&nbsp;&nbsp;HAL_UART_MspInit
<LI><a href="#[9b]">&gt;&gt;</a>&nbsp;&nbsp;&nbsp;HAL_ADC_MspInit
</UL>

<P><STRONG><a name="[a4]"></a>HAL_DMA_Start_IT</STRONG> (Thumb, 112 bytes, Stack size 16 bytes, stm32f3xx_hal_dma.o(i.HAL_DMA_Start_IT))
<BR><BR>[Stack]<UL><LI>Max Depth = 28<LI>Call Chain = HAL_DMA_Start_IT &rArr; DMA_SetConfig
</UL>
<BR>[Calls]<UL><LI><a href="#[a5]">&gt;&gt;</a>&nbsp;&nbsp;&nbsp;DMA_SetConfig
</UL>
<BR>[Called By]<UL><LI><a href="#[f5]">&gt;&gt;</a>&nbsp;&nbsp;&nbsp;HAL_UART_Receive_DMA
</UL>

<P><STRONG><a name="[88]"></a>HAL_Delay</STRONG> (Thumb, 32 bytes, Stack size 16 bytes, stm32f3xx_hal.o(i.HAL_Delay))
<BR><BR>[Stack]<UL><LI>Max Depth = 16<LI>Call Chain = HAL_Delay
</UL>
<BR>[Calls]<UL><LI><a href="#[75]">&gt;&gt;</a>&nbsp;&nbsp;&nbsp;HAL_GetTick
</UL>
<BR>[Called By]<UL><LI><a href="#[103]">&gt;&gt;</a>&nbsp;&nbsp;&nbsp;ILI9341_Init
<LI><a href="#[140]">&gt;&gt;</a>&nbsp;&nbsp;&nbsp;testCalDisplay
<LI><a href="#[131]">&gt;&gt;</a>&nbsp;&nbsp;&nbsp;Touchscreen_Calibration
<LI><a href="#[12c]">&gt;&gt;</a>&nbsp;&nbsp;&nbsp;Touchscreen_demo
<LI><a href="#[129]">&gt;&gt;</a>&nbsp;&nbsp;&nbsp;SysInit
<LI><a href="#[a6]">&gt;&gt;</a>&nbsp;&nbsp;&nbsp;HAL_GPIO_EXTI_Callback
<LI><a href="#[86]">&gt;&gt;</a>&nbsp;&nbsp;&nbsp;CheckPushBt
<LI><a href="#[106]">&gt;&gt;</a>&nbsp;&nbsp;&nbsp;IOE_Delay
<LI><a href="#[142]">&gt;&gt;</a>&nbsp;&nbsp;&nbsp;TransferData
<LI><a href="#[d7]">&gt;&gt;</a>&nbsp;&nbsp;&nbsp;HAL_SDADC_Init
<LI><a href="#[54]">&gt;&gt;</a>&nbsp;&nbsp;&nbsp;main
</UL>

<P><STRONG><a name="[b8]"></a>HAL_GPIO_DeInit</STRONG> (Thumb, 286 bytes, Stack size 40 bytes, stm32f3xx_hal_gpio.o(i.HAL_GPIO_DeInit))
<BR><BR>[Stack]<UL><LI>Max Depth = 40<LI>Call Chain = HAL_GPIO_DeInit
</UL>
<BR>[Called By]<UL><LI><a href="#[ad]">&gt;&gt;</a>&nbsp;&nbsp;&nbsp;HAL_I2C_MspDeInit
</UL>

<P><STRONG><a name="[a6]"></a>HAL_GPIO_EXTI_Callback</STRONG> (Thumb, 366 bytes, Stack size 16 bytes, system.o(i.HAL_GPIO_EXTI_Callback))
<BR><BR>[Stack]<UL><LI>Max Depth = 1272<LI>Call Chain = HAL_GPIO_EXTI_Callback &rArr; BilCalculation &rArr; W25qxx_ReadSector &rArr; W25qxx_ReadPage &rArr; HAL_SPI_Receive &rArr; HAL_SPI_TransmitReceive &rArr; SPI_EndRxTxTransaction &rArr; SPI_WaitFifoStateUntilTimeout
</UL>
<BR>[Calls]<UL><LI><a href="#[7c]">&gt;&gt;</a>&nbsp;&nbsp;&nbsp;HAL_GPIO_WritePin
<LI><a href="#[88]">&gt;&gt;</a>&nbsp;&nbsp;&nbsp;HAL_Delay
<LI><a href="#[a9]">&gt;&gt;</a>&nbsp;&nbsp;&nbsp;testScreenDisplay
<LI><a href="#[a8]">&gt;&gt;</a>&nbsp;&nbsp;&nbsp;testIntroDisplay
<LI><a href="#[aa]">&gt;&gt;</a>&nbsp;&nbsp;&nbsp;mainScreenDisplay
<LI><a href="#[99]">&gt;&gt;</a>&nbsp;&nbsp;&nbsp;ErrorDisplay3
<LI><a href="#[7b]">&gt;&gt;</a>&nbsp;&nbsp;&nbsp;BuzzerBip
<LI><a href="#[7d]">&gt;&gt;</a>&nbsp;&nbsp;&nbsp;DWT_Delay_us
<LI><a href="#[77]">&gt;&gt;</a>&nbsp;&nbsp;&nbsp;BilCalculation
<LI><a href="#[a7]">&gt;&gt;</a>&nbsp;&nbsp;&nbsp;readSpectrometer
<LI><a href="#[ab]">&gt;&gt;</a>&nbsp;&nbsp;&nbsp;HAL_UART_Transmit_IT
</UL>
<BR>[Called By]<UL><LI><a href="#[95]">&gt;&gt;</a>&nbsp;&nbsp;&nbsp;HAL_GPIO_EXTI_IRQHandler
</UL>

<P><STRONG><a name="[95]"></a>HAL_GPIO_EXTI_IRQHandler</STRONG> (Thumb, 18 bytes, Stack size 8 bytes, stm32f3xx_hal_gpio.o(i.HAL_GPIO_EXTI_IRQHandler))
<BR><BR>[Stack]<UL><LI>Max Depth = 1280<LI>Call Chain = HAL_GPIO_EXTI_IRQHandler &rArr; HAL_GPIO_EXTI_Callback &rArr; BilCalculation &rArr; W25qxx_ReadSector &rArr; W25qxx_ReadPage &rArr; HAL_SPI_Receive &rArr; HAL_SPI_TransmitReceive &rArr; SPI_EndRxTxTransaction &rArr; SPI_WaitFifoStateUntilTimeout
</UL>
<BR>[Calls]<UL><LI><a href="#[a6]">&gt;&gt;</a>&nbsp;&nbsp;&nbsp;HAL_GPIO_EXTI_Callback
</UL>
<BR>[Called By]<UL><LI><a href="#[2b]">&gt;&gt;</a>&nbsp;&nbsp;&nbsp;EXTI9_5_IRQHandler
<LI><a href="#[1c]">&gt;&gt;</a>&nbsp;&nbsp;&nbsp;EXTI2_TSC_IRQHandler
<LI><a href="#[3c]">&gt;&gt;</a>&nbsp;&nbsp;&nbsp;EXTI15_10_IRQHandler
</UL>

<P><STRONG><a name="[9d]"></a>HAL_GPIO_Init</STRONG> (Thumb, 364 bytes, Stack size 40 bytes, stm32f3xx_hal_gpio.o(i.HAL_GPIO_Init))
<BR><BR>[Stack]<UL><LI>Max Depth = 40<LI>Call Chain = HAL_GPIO_Init
</UL>
<BR>[Called By]<UL><LI><a href="#[fd]">&gt;&gt;</a>&nbsp;&nbsp;&nbsp;I2Cx_MspInit
<LI><a href="#[107]">&gt;&gt;</a>&nbsp;&nbsp;&nbsp;IOE_ITConfig
<LI><a href="#[f1]">&gt;&gt;</a>&nbsp;&nbsp;&nbsp;HAL_UART_MspInit
<LI><a href="#[e1]">&gt;&gt;</a>&nbsp;&nbsp;&nbsp;HAL_SPI_MspInit
<LI><a href="#[d8]">&gt;&gt;</a>&nbsp;&nbsp;&nbsp;HAL_SDADC_MspInit
<LI><a href="#[af]">&gt;&gt;</a>&nbsp;&nbsp;&nbsp;HAL_I2C_MspInit
<LI><a href="#[9b]">&gt;&gt;</a>&nbsp;&nbsp;&nbsp;HAL_ADC_MspInit
<LI><a href="#[10f]">&gt;&gt;</a>&nbsp;&nbsp;&nbsp;MX_GPIO_Init
</UL>

<P><STRONG><a name="[87]"></a>HAL_GPIO_ReadPin</STRONG> (Thumb, 10 bytes, Stack size 0 bytes, stm32f3xx_hal_gpio.o(i.HAL_GPIO_ReadPin))
<BR><BR>[Called By]<UL><LI><a href="#[134]">&gt;&gt;</a>&nbsp;&nbsp;&nbsp;batteryLevel
<LI><a href="#[86]">&gt;&gt;</a>&nbsp;&nbsp;&nbsp;CheckPushBt
<LI><a href="#[54]">&gt;&gt;</a>&nbsp;&nbsp;&nbsp;main
</UL>

<P><STRONG><a name="[7c]"></a>HAL_GPIO_WritePin</STRONG> (Thumb, 10 bytes, Stack size 0 bytes, stm32f3xx_hal_gpio.o(i.HAL_GPIO_WritePin))
<BR><BR>[Called By]<UL><LI><a href="#[101]">&gt;&gt;</a>&nbsp;&nbsp;&nbsp;ILI9341_Unselect
<LI><a href="#[103]">&gt;&gt;</a>&nbsp;&nbsp;&nbsp;ILI9341_Init
<LI><a href="#[100]">&gt;&gt;</a>&nbsp;&nbsp;&nbsp;ILI9341_WriteData
<LI><a href="#[104]">&gt;&gt;</a>&nbsp;&nbsp;&nbsp;ILI9341_WriteCommand
<LI><a href="#[fe]">&gt;&gt;</a>&nbsp;&nbsp;&nbsp;ILI9341_Select
<LI><a href="#[11f]">&gt;&gt;</a>&nbsp;&nbsp;&nbsp;W25qxx_ReadByte
<LI><a href="#[80]">&gt;&gt;</a>&nbsp;&nbsp;&nbsp;ILI9341_FillRectangle
<LI><a href="#[131]">&gt;&gt;</a>&nbsp;&nbsp;&nbsp;Touchscreen_Calibration
<LI><a href="#[129]">&gt;&gt;</a>&nbsp;&nbsp;&nbsp;SysInit
<LI><a href="#[a6]">&gt;&gt;</a>&nbsp;&nbsp;&nbsp;HAL_GPIO_EXTI_Callback
<LI><a href="#[86]">&gt;&gt;</a>&nbsp;&nbsp;&nbsp;CheckPushBt
<LI><a href="#[7b]">&gt;&gt;</a>&nbsp;&nbsp;&nbsp;BuzzerBip
<LI><a href="#[a7]">&gt;&gt;</a>&nbsp;&nbsp;&nbsp;readSpectrometer
<LI><a href="#[7e]">&gt;&gt;</a>&nbsp;&nbsp;&nbsp;C12666MA_Init
<LI><a href="#[156]">&gt;&gt;</a>&nbsp;&nbsp;&nbsp;W25qxx_WritePage
<LI><a href="#[14d]">&gt;&gt;</a>&nbsp;&nbsp;&nbsp;W25qxx_WriteEnable
<LI><a href="#[155]">&gt;&gt;</a>&nbsp;&nbsp;&nbsp;W25qxx_WriteByte
<LI><a href="#[14c]">&gt;&gt;</a>&nbsp;&nbsp;&nbsp;W25qxx_WaitForWriteEnd
<LI><a href="#[150]">&gt;&gt;</a>&nbsp;&nbsp;&nbsp;W25qxx_ReadUniqID
<LI><a href="#[151]">&gt;&gt;</a>&nbsp;&nbsp;&nbsp;W25qxx_ReadStatusRegister
<LI><a href="#[153]">&gt;&gt;</a>&nbsp;&nbsp;&nbsp;W25qxx_ReadPage
<LI><a href="#[14f]">&gt;&gt;</a>&nbsp;&nbsp;&nbsp;W25qxx_ReadID
<LI><a href="#[97]">&gt;&gt;</a>&nbsp;&nbsp;&nbsp;W25qxx_EraseSector
<LI><a href="#[10f]">&gt;&gt;</a>&nbsp;&nbsp;&nbsp;MX_GPIO_Init
<LI><a href="#[54]">&gt;&gt;</a>&nbsp;&nbsp;&nbsp;main
</UL>

<P><STRONG><a name="[75]"></a>HAL_GetTick</STRONG> (Thumb, 6 bytes, Stack size 0 bytes, stm32f3xx_hal.o(i.HAL_GetTick))
<BR><BR>[Called By]<UL><LI><a href="#[e5]">&gt;&gt;</a>&nbsp;&nbsp;&nbsp;HAL_SPI_Transmit
<LI><a href="#[88]">&gt;&gt;</a>&nbsp;&nbsp;&nbsp;HAL_Delay
<LI><a href="#[b5]">&gt;&gt;</a>&nbsp;&nbsp;&nbsp;HAL_I2C_Mem_Write
<LI><a href="#[b0]">&gt;&gt;</a>&nbsp;&nbsp;&nbsp;HAL_I2C_Mem_Read
<LI><a href="#[e3]">&gt;&gt;</a>&nbsp;&nbsp;&nbsp;HAL_SPI_TransmitReceive
<LI><a href="#[e2]">&gt;&gt;</a>&nbsp;&nbsp;&nbsp;HAL_SPI_Receive
<LI><a href="#[12a]">&gt;&gt;</a>&nbsp;&nbsp;&nbsp;W25qxx_Init
<LI><a href="#[dd]">&gt;&gt;</a>&nbsp;&nbsp;&nbsp;HAL_SDADC_PollForCalibEvent
<LI><a href="#[c3]">&gt;&gt;</a>&nbsp;&nbsp;&nbsp;HAL_RCC_OscConfig
<LI><a href="#[c1]">&gt;&gt;</a>&nbsp;&nbsp;&nbsp;HAL_RCC_ClockConfig
<LI><a href="#[c0]">&gt;&gt;</a>&nbsp;&nbsp;&nbsp;HAL_RCCEx_PeriphCLKConfig
<LI><a href="#[a0]">&gt;&gt;</a>&nbsp;&nbsp;&nbsp;HAL_ADC_PollForConversion
<LI><a href="#[76]">&gt;&gt;</a>&nbsp;&nbsp;&nbsp;ADC_Enable
<LI><a href="#[74]">&gt;&gt;</a>&nbsp;&nbsp;&nbsp;ADC_ConversionStop_Disable
<LI><a href="#[b7]">&gt;&gt;</a>&nbsp;&nbsp;&nbsp;I2C_WaitOnTXISFlagUntilTimeout
<LI><a href="#[b4]">&gt;&gt;</a>&nbsp;&nbsp;&nbsp;I2C_WaitOnSTOPFlagUntilTimeout
<LI><a href="#[b1]">&gt;&gt;</a>&nbsp;&nbsp;&nbsp;I2C_WaitOnFlagUntilTimeout
<LI><a href="#[f7]">&gt;&gt;</a>&nbsp;&nbsp;&nbsp;I2C_IsAcknowledgeFailed
<LI><a href="#[cf]">&gt;&gt;</a>&nbsp;&nbsp;&nbsp;SDADC_EnterInitMode
<LI><a href="#[c9]">&gt;&gt;</a>&nbsp;&nbsp;&nbsp;RTC_EnterInitMode
<LI><a href="#[ca]">&gt;&gt;</a>&nbsp;&nbsp;&nbsp;HAL_RTC_WaitForSynchro
<LI><a href="#[123]">&gt;&gt;</a>&nbsp;&nbsp;&nbsp;SPI_WaitFlagStateUntilTimeout
<LI><a href="#[124]">&gt;&gt;</a>&nbsp;&nbsp;&nbsp;SPI_WaitFifoStateUntilTimeout
<LI><a href="#[147]">&gt;&gt;</a>&nbsp;&nbsp;&nbsp;UART_WaitOnFlagUntilTimeout
<LI><a href="#[f4]">&gt;&gt;</a>&nbsp;&nbsp;&nbsp;UART_CheckIdleState
</UL>

<P><STRONG><a name="[fb]"></a>HAL_I2CEx_ConfigAnalogFilter</STRONG> (Thumb, 86 bytes, Stack size 0 bytes, stm32f3xx_hal_i2c_ex.o(i.HAL_I2CEx_ConfigAnalogFilter))
<BR><BR>[Called By]<UL><LI><a href="#[fa]">&gt;&gt;</a>&nbsp;&nbsp;&nbsp;I2Cx_Init
<LI><a href="#[111]">&gt;&gt;</a>&nbsp;&nbsp;&nbsp;MX_I2C2_Init
</UL>

<P><STRONG><a name="[fc]"></a>HAL_I2CEx_ConfigDigitalFilter</STRONG> (Thumb, 82 bytes, Stack size 0 bytes, stm32f3xx_hal_i2c_ex.o(i.HAL_I2CEx_ConfigDigitalFilter))
<BR><BR>[Called By]<UL><LI><a href="#[fa]">&gt;&gt;</a>&nbsp;&nbsp;&nbsp;I2Cx_Init
<LI><a href="#[111]">&gt;&gt;</a>&nbsp;&nbsp;&nbsp;MX_I2C2_Init
</UL>

<P><STRONG><a name="[110]"></a>HAL_I2CEx_EnableFastModePlus</STRONG> (Thumb, 30 bytes, Stack size 8 bytes, stm32f3xx_hal_i2c_ex.o(i.HAL_I2CEx_EnableFastModePlus))
<BR><BR>[Stack]<UL><LI>Max Depth = 8<LI>Call Chain = HAL_I2CEx_EnableFastModePlus
</UL>
<BR>[Called By]<UL><LI><a href="#[10f]">&gt;&gt;</a>&nbsp;&nbsp;&nbsp;MX_GPIO_Init
</UL>

<P><STRONG><a name="[ac]"></a>HAL_I2C_DeInit</STRONG> (Thumb, 50 bytes, Stack size 8 bytes, stm32f3xx_hal_i2c.o(i.HAL_I2C_DeInit))
<BR><BR>[Stack]<UL><LI>Max Depth = 48<LI>Call Chain = HAL_I2C_DeInit &rArr; HAL_I2C_MspDeInit &rArr; HAL_GPIO_DeInit
</UL>
<BR>[Calls]<UL><LI><a href="#[ad]">&gt;&gt;</a>&nbsp;&nbsp;&nbsp;HAL_I2C_MspDeInit
</UL>
<BR>[Called By]<UL><LI><a href="#[f9]">&gt;&gt;</a>&nbsp;&nbsp;&nbsp;I2Cx_Error
</UL>

<P><STRONG><a name="[ae]"></a>HAL_I2C_Init</STRONG> (Thumb, 178 bytes, Stack size 16 bytes, stm32f3xx_hal_i2c.o(i.HAL_I2C_Init))
<BR><BR>[Stack]<UL><LI>Max Depth = 88<LI>Call Chain = HAL_I2C_Init &rArr; HAL_I2C_MspInit &rArr; HAL_GPIO_Init
</UL>
<BR>[Calls]<UL><LI><a href="#[af]">&gt;&gt;</a>&nbsp;&nbsp;&nbsp;HAL_I2C_MspInit
</UL>
<BR>[Called By]<UL><LI><a href="#[fa]">&gt;&gt;</a>&nbsp;&nbsp;&nbsp;I2Cx_Init
<LI><a href="#[111]">&gt;&gt;</a>&nbsp;&nbsp;&nbsp;MX_I2C2_Init
</UL>

<P><STRONG><a name="[b0]"></a>HAL_I2C_Mem_Read</STRONG> (Thumb, 346 bytes, Stack size 64 bytes, stm32f3xx_hal_i2c.o(i.HAL_I2C_Mem_Read))
<BR><BR>[Stack]<UL><LI>Max Depth = 136<LI>Call Chain = HAL_I2C_Mem_Read &rArr; I2C_RequestMemoryRead &rArr; I2C_WaitOnTXISFlagUntilTimeout &rArr; I2C_IsAcknowledgeFailed
</UL>
<BR>[Calls]<UL><LI><a href="#[75]">&gt;&gt;</a>&nbsp;&nbsp;&nbsp;HAL_GetTick
<LI><a href="#[b4]">&gt;&gt;</a>&nbsp;&nbsp;&nbsp;I2C_WaitOnSTOPFlagUntilTimeout
<LI><a href="#[b1]">&gt;&gt;</a>&nbsp;&nbsp;&nbsp;I2C_WaitOnFlagUntilTimeout
<LI><a href="#[b3]">&gt;&gt;</a>&nbsp;&nbsp;&nbsp;I2C_TransferConfig
<LI><a href="#[b2]">&gt;&gt;</a>&nbsp;&nbsp;&nbsp;I2C_RequestMemoryRead
</UL>
<BR>[Called By]<UL><LI><a href="#[10a]">&gt;&gt;</a>&nbsp;&nbsp;&nbsp;IOE_ReadMultiple
<LI><a href="#[109]">&gt;&gt;</a>&nbsp;&nbsp;&nbsp;IOE_Read
</UL>

<P><STRONG><a name="[b5]"></a>HAL_I2C_Mem_Write</STRONG> (Thumb, 340 bytes, Stack size 64 bytes, stm32f3xx_hal_i2c.o(i.HAL_I2C_Mem_Write))
<BR><BR>[Stack]<UL><LI>Max Depth = 136<LI>Call Chain = HAL_I2C_Mem_Write &rArr; I2C_RequestMemoryWrite &rArr; I2C_WaitOnTXISFlagUntilTimeout &rArr; I2C_IsAcknowledgeFailed
</UL>
<BR>[Calls]<UL><LI><a href="#[75]">&gt;&gt;</a>&nbsp;&nbsp;&nbsp;HAL_GetTick
<LI><a href="#[b7]">&gt;&gt;</a>&nbsp;&nbsp;&nbsp;I2C_WaitOnTXISFlagUntilTimeout
<LI><a href="#[b4]">&gt;&gt;</a>&nbsp;&nbsp;&nbsp;I2C_WaitOnSTOPFlagUntilTimeout
<LI><a href="#[b1]">&gt;&gt;</a>&nbsp;&nbsp;&nbsp;I2C_WaitOnFlagUntilTimeout
<LI><a href="#[b3]">&gt;&gt;</a>&nbsp;&nbsp;&nbsp;I2C_TransferConfig
<LI><a href="#[b6]">&gt;&gt;</a>&nbsp;&nbsp;&nbsp;I2C_RequestMemoryWrite
</UL>
<BR>[Called By]<UL><LI><a href="#[10b]">&gt;&gt;</a>&nbsp;&nbsp;&nbsp;IOE_Write
</UL>

<P><STRONG><a name="[ad]"></a>HAL_I2C_MspDeInit</STRONG> (Thumb, 32 bytes, Stack size 0 bytes, i2c.o(i.HAL_I2C_MspDeInit))
<BR><BR>[Stack]<UL><LI>Max Depth = 40<LI>Call Chain = HAL_I2C_MspDeInit &rArr; HAL_GPIO_DeInit
</UL>
<BR>[Calls]<UL><LI><a href="#[b8]">&gt;&gt;</a>&nbsp;&nbsp;&nbsp;HAL_GPIO_DeInit
</UL>
<BR>[Called By]<UL><LI><a href="#[ac]">&gt;&gt;</a>&nbsp;&nbsp;&nbsp;HAL_I2C_DeInit
</UL>

<P><STRONG><a name="[af]"></a>HAL_I2C_MspInit</STRONG> (Thumb, 92 bytes, Stack size 32 bytes, i2c.o(i.HAL_I2C_MspInit))
<BR><BR>[Stack]<UL><LI>Max Depth = 72<LI>Call Chain = HAL_I2C_MspInit &rArr; HAL_GPIO_Init
</UL>
<BR>[Calls]<UL><LI><a href="#[9d]">&gt;&gt;</a>&nbsp;&nbsp;&nbsp;HAL_GPIO_Init
<LI><a href="#[9c]">&gt;&gt;</a>&nbsp;&nbsp;&nbsp;__aeabi_memclr4
</UL>
<BR>[Called By]<UL><LI><a href="#[ae]">&gt;&gt;</a>&nbsp;&nbsp;&nbsp;HAL_I2C_Init
</UL>

<P><STRONG><a name="[12d]"></a>HAL_IncTick</STRONG> (Thumb, 12 bytes, Stack size 0 bytes, stm32f3xx_hal.o(i.HAL_IncTick))
<BR><BR>[Called By]<UL><LI><a href="#[13]">&gt;&gt;</a>&nbsp;&nbsp;&nbsp;SysTick_Handler
</UL>

<P><STRONG><a name="[b9]"></a>HAL_Init</STRONG> (Thumb, 32 bytes, Stack size 8 bytes, stm32f3xx_hal.o(i.HAL_Init))
<BR><BR>[Stack]<UL><LI>Max Depth = 40<LI>Call Chain = HAL_Init &rArr; HAL_InitTick &rArr; HAL_NVIC_SetPriority
</UL>
<BR>[Calls]<UL><LI><a href="#[bb]">&gt;&gt;</a>&nbsp;&nbsp;&nbsp;HAL_InitTick
<LI><a href="#[ba]">&gt;&gt;</a>&nbsp;&nbsp;&nbsp;HAL_NVIC_SetPriorityGrouping
<LI><a href="#[bc]">&gt;&gt;</a>&nbsp;&nbsp;&nbsp;HAL_MspInit
</UL>
<BR>[Called By]<UL><LI><a href="#[54]">&gt;&gt;</a>&nbsp;&nbsp;&nbsp;main
</UL>

<P><STRONG><a name="[bb]"></a>HAL_InitTick</STRONG> (Thumb, 54 bytes, Stack size 16 bytes, stm32f3xx_hal.o(i.HAL_InitTick))
<BR><BR>[Stack]<UL><LI>Max Depth = 32<LI>Call Chain = HAL_InitTick &rArr; HAL_NVIC_SetPriority
</UL>
<BR>[Calls]<UL><LI><a href="#[be]">&gt;&gt;</a>&nbsp;&nbsp;&nbsp;HAL_NVIC_SetPriority
<LI><a href="#[bd]">&gt;&gt;</a>&nbsp;&nbsp;&nbsp;HAL_SYSTICK_Config
</UL>
<BR>[Called By]<UL><LI><a href="#[c1]">&gt;&gt;</a>&nbsp;&nbsp;&nbsp;HAL_RCC_ClockConfig
<LI><a href="#[b9]">&gt;&gt;</a>&nbsp;&nbsp;&nbsp;HAL_Init
</UL>

<P><STRONG><a name="[bc]"></a>HAL_MspInit</STRONG> (Thumb, 38 bytes, Stack size 8 bytes, stm32f3xx_hal_msp.o(i.HAL_MspInit))
<BR><BR>[Stack]<UL><LI>Max Depth = 8<LI>Call Chain = HAL_MspInit
</UL>
<BR>[Called By]<UL><LI><a href="#[b9]">&gt;&gt;</a>&nbsp;&nbsp;&nbsp;HAL_Init
</UL>

<P><STRONG><a name="[dc]"></a>HAL_NVIC_EnableIRQ</STRONG> (Thumb, 26 bytes, Stack size 0 bytes, stm32f3xx_hal_cortex.o(i.HAL_NVIC_EnableIRQ))
<BR><BR>[Called By]<UL><LI><a href="#[fd]">&gt;&gt;</a>&nbsp;&nbsp;&nbsp;I2Cx_MspInit
<LI><a href="#[107]">&gt;&gt;</a>&nbsp;&nbsp;&nbsp;IOE_ITConfig
<LI><a href="#[f1]">&gt;&gt;</a>&nbsp;&nbsp;&nbsp;HAL_UART_MspInit
<LI><a href="#[d8]">&gt;&gt;</a>&nbsp;&nbsp;&nbsp;HAL_SDADC_MspInit
<LI><a href="#[10f]">&gt;&gt;</a>&nbsp;&nbsp;&nbsp;MX_GPIO_Init
<LI><a href="#[10e]">&gt;&gt;</a>&nbsp;&nbsp;&nbsp;MX_DMA_Init
</UL>

<P><STRONG><a name="[be]"></a>HAL_NVIC_SetPriority</STRONG> (Thumb, 60 bytes, Stack size 16 bytes, stm32f3xx_hal_cortex.o(i.HAL_NVIC_SetPriority))
<BR><BR>[Stack]<UL><LI>Max Depth = 16<LI>Call Chain = HAL_NVIC_SetPriority
</UL>
<BR>[Calls]<UL><LI><a href="#[bf]">&gt;&gt;</a>&nbsp;&nbsp;&nbsp;__NVIC_SetPriority
</UL>
<BR>[Called By]<UL><LI><a href="#[fd]">&gt;&gt;</a>&nbsp;&nbsp;&nbsp;I2Cx_MspInit
<LI><a href="#[107]">&gt;&gt;</a>&nbsp;&nbsp;&nbsp;IOE_ITConfig
<LI><a href="#[f1]">&gt;&gt;</a>&nbsp;&nbsp;&nbsp;HAL_UART_MspInit
<LI><a href="#[d8]">&gt;&gt;</a>&nbsp;&nbsp;&nbsp;HAL_SDADC_MspInit
<LI><a href="#[10f]">&gt;&gt;</a>&nbsp;&nbsp;&nbsp;MX_GPIO_Init
<LI><a href="#[10e]">&gt;&gt;</a>&nbsp;&nbsp;&nbsp;MX_DMA_Init
<LI><a href="#[bb]">&gt;&gt;</a>&nbsp;&nbsp;&nbsp;HAL_InitTick
</UL>

<P><STRONG><a name="[ba]"></a>HAL_NVIC_SetPriorityGrouping</STRONG> (Thumb, 26 bytes, Stack size 0 bytes, stm32f3xx_hal_cortex.o(i.HAL_NVIC_SetPriorityGrouping))
<BR><BR>[Called By]<UL><LI><a href="#[b9]">&gt;&gt;</a>&nbsp;&nbsp;&nbsp;HAL_Init
</UL>

<P><STRONG><a name="[130]"></a>HAL_PWREx_EnableSDADC</STRONG> (Thumb, 30 bytes, Stack size 8 bytes, stm32f3xx_hal_pwr_ex.o(i.HAL_PWREx_EnableSDADC))
<BR><BR>[Stack]<UL><LI>Max Depth = 8<LI>Call Chain = HAL_PWREx_EnableSDADC
</UL>
<BR>[Called By]<UL><LI><a href="#[12e]">&gt;&gt;</a>&nbsp;&nbsp;&nbsp;SystemClock_Config
</UL>

<P><STRONG><a name="[12f]"></a>HAL_PWR_EnableBkUpAccess</STRONG> (Thumb, 12 bytes, Stack size 0 bytes, stm32f3xx_hal_pwr.o(i.HAL_PWR_EnableBkUpAccess))
<BR><BR>[Called By]<UL><LI><a href="#[12e]">&gt;&gt;</a>&nbsp;&nbsp;&nbsp;SystemClock_Config
</UL>

<P><STRONG><a name="[c0]"></a>HAL_RCCEx_PeriphCLKConfig</STRONG> (Thumb, 450 bytes, Stack size 40 bytes, stm32f3xx_hal_rcc_ex.o(i.HAL_RCCEx_PeriphCLKConfig))
<BR><BR>[Stack]<UL><LI>Max Depth = 40<LI>Call Chain = HAL_RCCEx_PeriphCLKConfig
</UL>
<BR>[Calls]<UL><LI><a href="#[75]">&gt;&gt;</a>&nbsp;&nbsp;&nbsp;HAL_GetTick
</UL>
<BR>[Called By]<UL><LI><a href="#[12e]">&gt;&gt;</a>&nbsp;&nbsp;&nbsp;SystemClock_Config
</UL>

<P><STRONG><a name="[c1]"></a>HAL_RCC_ClockConfig</STRONG> (Thumb, 308 bytes, Stack size 32 bytes, stm32f3xx_hal_rcc.o(i.HAL_RCC_ClockConfig))
<BR><BR>[Stack]<UL><LI>Max Depth = 80<LI>Call Chain = HAL_RCC_ClockConfig &rArr; HAL_RCC_GetSysClockFreq &rArr; __aeabi_uldivmod
</UL>
<BR>[Calls]<UL><LI><a href="#[75]">&gt;&gt;</a>&nbsp;&nbsp;&nbsp;HAL_GetTick
<LI><a href="#[c2]">&gt;&gt;</a>&nbsp;&nbsp;&nbsp;HAL_RCC_GetSysClockFreq
<LI><a href="#[bb]">&gt;&gt;</a>&nbsp;&nbsp;&nbsp;HAL_InitTick
</UL>
<BR>[Called By]<UL><LI><a href="#[12e]">&gt;&gt;</a>&nbsp;&nbsp;&nbsp;SystemClock_Config
</UL>

<P><STRONG><a name="[8c]"></a>HAL_RCC_GetHCLKFreq</STRONG> (Thumb, 6 bytes, Stack size 0 bytes, stm32f3xx_hal_rcc.o(i.HAL_RCC_GetHCLKFreq))
<BR><BR>[Called By]<UL><LI><a href="#[8b]">&gt;&gt;</a>&nbsp;&nbsp;&nbsp;DWT_Delay_us
<LI><a href="#[13d]">&gt;&gt;</a>&nbsp;&nbsp;&nbsp;testSavedDisplay
<LI><a href="#[7d]">&gt;&gt;</a>&nbsp;&nbsp;&nbsp;DWT_Delay_us
<LI><a href="#[8d]">&gt;&gt;</a>&nbsp;&nbsp;&nbsp;DWT_Delay_us
</UL>

<P><STRONG><a name="[14a]"></a>HAL_RCC_GetPCLK1Freq</STRONG> (Thumb, 34 bytes, Stack size 0 bytes, stm32f3xx_hal_rcc.o(i.HAL_RCC_GetPCLK1Freq))
<BR><BR>[Called By]<UL><LI><a href="#[f2]">&gt;&gt;</a>&nbsp;&nbsp;&nbsp;UART_SetConfig
</UL>

<P><STRONG><a name="[14b]"></a>HAL_RCC_GetPCLK2Freq</STRONG> (Thumb, 34 bytes, Stack size 0 bytes, stm32f3xx_hal_rcc.o(i.HAL_RCC_GetPCLK2Freq))
<BR><BR>[Called By]<UL><LI><a href="#[f2]">&gt;&gt;</a>&nbsp;&nbsp;&nbsp;UART_SetConfig
</UL>

<P><STRONG><a name="[c2]"></a>HAL_RCC_GetSysClockFreq</STRONG> (Thumb, 92 bytes, Stack size 8 bytes, stm32f3xx_hal_rcc.o(i.HAL_RCC_GetSysClockFreq))
<BR><BR>[Stack]<UL><LI>Max Depth = 48<LI>Call Chain = HAL_RCC_GetSysClockFreq &rArr; __aeabi_uldivmod
</UL>
<BR>[Calls]<UL><LI><a href="#[60]">&gt;&gt;</a>&nbsp;&nbsp;&nbsp;__aeabi_uldivmod
</UL>
<BR>[Called By]<UL><LI><a href="#[c1]">&gt;&gt;</a>&nbsp;&nbsp;&nbsp;HAL_RCC_ClockConfig
<LI><a href="#[f2]">&gt;&gt;</a>&nbsp;&nbsp;&nbsp;UART_SetConfig
</UL>

<P><STRONG><a name="[c3]"></a>HAL_RCC_OscConfig</STRONG> (Thumb, 1480 bytes, Stack size 40 bytes, stm32f3xx_hal_rcc.o(i.HAL_RCC_OscConfig))
<BR><BR>[Stack]<UL><LI>Max Depth = 40<LI>Call Chain = HAL_RCC_OscConfig
</UL>
<BR>[Calls]<UL><LI><a href="#[75]">&gt;&gt;</a>&nbsp;&nbsp;&nbsp;HAL_GetTick
</UL>
<BR>[Called By]<UL><LI><a href="#[12e]">&gt;&gt;</a>&nbsp;&nbsp;&nbsp;SystemClock_Config
</UL>

<P><STRONG><a name="[c4]"></a>HAL_RTC_GetDate</STRONG> (Thumb, 62 bytes, Stack size 8 bytes, stm32f3xx_hal_rtc.o(i.HAL_RTC_GetDate))
<BR><BR>[Stack]<UL><LI>Max Depth = 8<LI>Call Chain = HAL_RTC_GetDate
</UL>
<BR>[Calls]<UL><LI><a href="#[c5]">&gt;&gt;</a>&nbsp;&nbsp;&nbsp;RTC_Bcd2ToByte
</UL>
<BR>[Called By]<UL><LI><a href="#[13b]">&gt;&gt;</a>&nbsp;&nbsp;&nbsp;writeCalendertoMemory
<LI><a href="#[135]">&gt;&gt;</a>&nbsp;&nbsp;&nbsp;getCalender
</UL>

<P><STRONG><a name="[c6]"></a>HAL_RTC_GetTime</STRONG> (Thumb, 82 bytes, Stack size 8 bytes, stm32f3xx_hal_rtc.o(i.HAL_RTC_GetTime))
<BR><BR>[Stack]<UL><LI>Max Depth = 8<LI>Call Chain = HAL_RTC_GetTime
</UL>
<BR>[Calls]<UL><LI><a href="#[c5]">&gt;&gt;</a>&nbsp;&nbsp;&nbsp;RTC_Bcd2ToByte
</UL>
<BR>[Called By]<UL><LI><a href="#[13b]">&gt;&gt;</a>&nbsp;&nbsp;&nbsp;writeCalendertoMemory
<LI><a href="#[135]">&gt;&gt;</a>&nbsp;&nbsp;&nbsp;getCalender
</UL>

<P><STRONG><a name="[c7]"></a>HAL_RTC_Init</STRONG> (Thumb, 166 bytes, Stack size 16 bytes, stm32f3xx_hal_rtc.o(i.HAL_RTC_Init))
<BR><BR>[Stack]<UL><LI>Max Depth = 32<LI>Call Chain = HAL_RTC_Init &rArr; RTC_EnterInitMode
</UL>
<BR>[Calls]<UL><LI><a href="#[c8]">&gt;&gt;</a>&nbsp;&nbsp;&nbsp;HAL_RTC_MspInit
<LI><a href="#[c9]">&gt;&gt;</a>&nbsp;&nbsp;&nbsp;RTC_EnterInitMode
<LI><a href="#[ca]">&gt;&gt;</a>&nbsp;&nbsp;&nbsp;HAL_RTC_WaitForSynchro
</UL>
<BR>[Called By]<UL><LI><a href="#[112]">&gt;&gt;</a>&nbsp;&nbsp;&nbsp;MX_RTC_Init
</UL>

<P><STRONG><a name="[c8]"></a>HAL_RTC_MspInit</STRONG> (Thumb, 32 bytes, Stack size 0 bytes, rtc.o(i.HAL_RTC_MspInit))
<BR><BR>[Called By]<UL><LI><a href="#[c7]">&gt;&gt;</a>&nbsp;&nbsp;&nbsp;HAL_RTC_Init
</UL>

<P><STRONG><a name="[cb]"></a>HAL_RTC_SetDate</STRONG> (Thumb, 194 bytes, Stack size 32 bytes, stm32f3xx_hal_rtc.o(i.HAL_RTC_SetDate))
<BR><BR>[Stack]<UL><LI>Max Depth = 48<LI>Call Chain = HAL_RTC_SetDate &rArr; RTC_EnterInitMode
</UL>
<BR>[Calls]<UL><LI><a href="#[c9]">&gt;&gt;</a>&nbsp;&nbsp;&nbsp;RTC_EnterInitMode
<LI><a href="#[cc]">&gt;&gt;</a>&nbsp;&nbsp;&nbsp;RTC_ByteToBcd2
<LI><a href="#[ca]">&gt;&gt;</a>&nbsp;&nbsp;&nbsp;HAL_RTC_WaitForSynchro
</UL>
<BR>[Called By]<UL><LI><a href="#[144]">&gt;&gt;</a>&nbsp;&nbsp;&nbsp;setDate
</UL>

<P><STRONG><a name="[cd]"></a>HAL_RTC_SetTime</STRONG> (Thumb, 230 bytes, Stack size 32 bytes, stm32f3xx_hal_rtc.o(i.HAL_RTC_SetTime))
<BR><BR>[Stack]<UL><LI>Max Depth = 48<LI>Call Chain = HAL_RTC_SetTime &rArr; RTC_EnterInitMode
</UL>
<BR>[Calls]<UL><LI><a href="#[c9]">&gt;&gt;</a>&nbsp;&nbsp;&nbsp;RTC_EnterInitMode
<LI><a href="#[cc]">&gt;&gt;</a>&nbsp;&nbsp;&nbsp;RTC_ByteToBcd2
<LI><a href="#[ca]">&gt;&gt;</a>&nbsp;&nbsp;&nbsp;HAL_RTC_WaitForSynchro
</UL>
<BR>[Called By]<UL><LI><a href="#[146]">&gt;&gt;</a>&nbsp;&nbsp;&nbsp;setTime
</UL>

<P><STRONG><a name="[ca]"></a>HAL_RTC_WaitForSynchro</STRONG> (Thumb, 54 bytes, Stack size 16 bytes, stm32f3xx_hal_rtc.o(i.HAL_RTC_WaitForSynchro))
<BR><BR>[Stack]<UL><LI>Max Depth = 16<LI>Call Chain = HAL_RTC_WaitForSynchro
</UL>
<BR>[Calls]<UL><LI><a href="#[75]">&gt;&gt;</a>&nbsp;&nbsp;&nbsp;HAL_GetTick
</UL>
<BR>[Called By]<UL><LI><a href="#[c7]">&gt;&gt;</a>&nbsp;&nbsp;&nbsp;HAL_RTC_Init
<LI><a href="#[cd]">&gt;&gt;</a>&nbsp;&nbsp;&nbsp;HAL_RTC_SetTime
<LI><a href="#[cb]">&gt;&gt;</a>&nbsp;&nbsp;&nbsp;HAL_RTC_SetDate
</UL>

<P><STRONG><a name="[ce]"></a>HAL_SDADC_AssociateChannelConfig</STRONG> (Thumb, 96 bytes, Stack size 24 bytes, stm32f3xx_hal_sdadc.o(i.HAL_SDADC_AssociateChannelConfig))
<BR><BR>[Stack]<UL><LI>Max Depth = 40<LI>Call Chain = HAL_SDADC_AssociateChannelConfig &rArr; SDADC_EnterInitMode
</UL>
<BR>[Calls]<UL><LI><a href="#[d0]">&gt;&gt;</a>&nbsp;&nbsp;&nbsp;SDADC_ExitInitMode
[...]
<BR><BR>[Stack]<UL><LI>Max Depth = 120<LI>Call Chain = ILI9341_WriteData &rArr; HAL_SPI_Transmit &rArr; SPI_EndRxTxTransaction &rArr; SPI_WaitFifoStateUntilTimeout
</UL>
<BR>[Calls]<UL><LI><a href="#[e5]">&gt;&gt;</a>&nbsp;&nbsp;&nbsp;HAL_SPI_Transmit
<LI><a href="#[7c]">&gt;&gt;</a>&nbsp;&nbsp;&nbsp;HAL_GPIO_WritePin
</UL>
<BR>[Called By]<UL><LI><a href="#[103]">&gt;&gt;</a>&nbsp;&nbsp;&nbsp;ILI9341_Init
<LI><a href="#[105]">&gt;&gt;</a>&nbsp;&nbsp;&nbsp;ILI9341_WriteChar
<LI><a href="#[ff]">&gt;&gt;</a>&nbsp;&nbsp;&nbsp;ILI9341_SetAddressWindow
<LI><a href="#[90]">&gt;&gt;</a>&nbsp;&nbsp;&nbsp;ILI9341_DrawPixel
<LI><a href="#[82]">&gt;&gt;</a>&nbsp;&nbsp;&nbsp;ILI9341_DrawImage
</UL>

<P><STRONG><a name="[8b]"></a>DWT_Delay_us</STRONG> (Thumb, 34 bytes, Stack size 16 bytes, w25qxx.o(i.DWT_Delay_us))
<BR><BR>[Stack]<UL><LI>Max Depth = 16<LI>Call Chain = DWT_Delay_us
</UL>
<BR>[Calls]<UL><LI><a href="#[8c]">&gt;&gt;</a>&nbsp;&nbsp;&nbsp;HAL_RCC_GetHCLKFreq
</UL>
<BR>[Called By]<UL><LI><a href="#[11f]">&gt;&gt;</a>&nbsp;&nbsp;&nbsp;W25qxx_ReadByte
<LI><a href="#[156]">&gt;&gt;</a>&nbsp;&nbsp;&nbsp;W25qxx_WritePage
<LI><a href="#[14d]">&gt;&gt;</a>&nbsp;&nbsp;&nbsp;W25qxx_WriteEnable
<LI><a href="#[155]">&gt;&gt;</a>&nbsp;&nbsp;&nbsp;W25qxx_WriteByte
<LI><a href="#[14c]">&gt;&gt;</a>&nbsp;&nbsp;&nbsp;W25qxx_WaitForWriteEnd
<LI><a href="#[153]">&gt;&gt;</a>&nbsp;&nbsp;&nbsp;W25qxx_ReadPage
<LI><a href="#[12a]">&gt;&gt;</a>&nbsp;&nbsp;&nbsp;W25qxx_Init
<LI><a href="#[97]">&gt;&gt;</a>&nbsp;&nbsp;&nbsp;W25qxx_EraseSector
</UL>

<P><STRONG><a name="[8d]"></a>DWT_Delay_us</STRONG> (Thumb, 34 bytes, Stack size 16 bytes, c12666ma.o(i.DWT_Delay_us))
<BR><BR>[Stack]<UL><LI>Max Depth = 16<LI>Call Chain = DWT_Delay_us
</UL>
<BR>[Calls]<UL><LI><a href="#[8c]">&gt;&gt;</a>&nbsp;&nbsp;&nbsp;HAL_RCC_GetHCLKFreq
</UL>
<BR>[Called By]<UL><LI><a href="#[a7]">&gt;&gt;</a>&nbsp;&nbsp;&nbsp;readSpectrometer
</UL>

<P><STRONG><a name="[168]"></a>stmpe811_GetInstance</STRONG> (Thumb, 24 bytes, Stack size 0 bytes, stmpe811.o(i.stmpe811_GetInstance))
<BR><BR>[Called By]<UL><LI><a href="#[0]">&gt;&gt;</a>&nbsp;&nbsp;&nbsp;stmpe811_Init
</UL>

<P><STRONG><a name="[7d]"></a>DWT_Delay_us</STRONG> (Thumb, 34 bytes, Stack size 16 bytes, system.o(i.DWT_Delay_us))
<BR><BR>[Stack]<UL><LI>Max Depth = 16<LI>Call Chain = DWT_Delay_us
</UL>
<BR>[Calls]<UL><LI><a href="#[8c]">&gt;&gt;</a>&nbsp;&nbsp;&nbsp;HAL_RCC_GetHCLKFreq
</UL>
<BR>[Called By]<UL><LI><a href="#[a6]">&gt;&gt;</a>&nbsp;&nbsp;&nbsp;HAL_GPIO_EXTI_Callback
<LI><a href="#[7b]">&gt;&gt;</a>&nbsp;&nbsp;&nbsp;BuzzerBip
</UL>

<P><STRONG><a name="[89]"></a>__NVIC_SystemReset</STRONG> (Thumb, 26 bytes, Stack size 0 bytes, system.o(i.__NVIC_SystemReset))
<BR><BR>[Called By]<UL><LI><a href="#[86]">&gt;&gt;</a>&nbsp;&nbsp;&nbsp;CheckPushBt
</UL>

<P><STRONG><a name="[f9]"></a>I2Cx_Error</STRONG> (Thumb, 16 bytes, Stack size 8 bytes, touchscreen.o(i.I2Cx_Error))
<BR><BR>[Stack]<UL><LI>Max Depth = 104<LI>Call Chain = I2Cx_Error &rArr; I2Cx_Init &rArr; HAL_I2C_Init &rArr; HAL_I2C_MspInit &rArr; HAL_GPIO_Init
</UL>
<BR>[Calls]<UL><LI><a href="#[ac]">&gt;&gt;</a>&nbsp;&nbsp;&nbsp;HAL_I2C_DeInit
<LI><a href="#[fa]">&gt;&gt;</a>&nbsp;&nbsp;&nbsp;I2Cx_Init
</UL>
<BR>[Called By]<UL><LI><a href="#[10b]">&gt;&gt;</a>&nbsp;&nbsp;&nbsp;IOE_Write
<LI><a href="#[10a]">&gt;&gt;</a>&nbsp;&nbsp;&nbsp;IOE_ReadMultiple
<LI><a href="#[109]">&gt;&gt;</a>&nbsp;&nbsp;&nbsp;IOE_Read
</UL>

<P><STRONG><a name="[fa]"></a>I2Cx_Init</STRONG> (Thumb, 84 bytes, Stack size 8 bytes, touchscreen.o(i.I2Cx_Init))
<BR><BR>[Stack]<UL><LI>Max Depth = 96<LI>Call Chain = I2Cx_Init &rArr; HAL_I2C_Init &rArr; HAL_I2C_MspInit &rArr; HAL_GPIO_Init
</UL>
<BR>[Calls]<UL><LI><a href="#[ae]">&gt;&gt;</a>&nbsp;&nbsp;&nbsp;HAL_I2C_Init
<LI><a href="#[fc]">&gt;&gt;</a>&nbsp;&nbsp;&nbsp;HAL_I2CEx_ConfigDigitalFilter
<LI><a href="#[fb]">&gt;&gt;</a>&nbsp;&nbsp;&nbsp;HAL_I2CEx_ConfigAnalogFilter
<LI><a href="#[9f]">&gt;&gt;</a>&nbsp;&nbsp;&nbsp;Error_Handler
<LI><a href="#[fd]">&gt;&gt;</a>&nbsp;&nbsp;&nbsp;I2Cx_MspInit
</UL>
<BR>[Called By]<UL><LI><a href="#[f9]">&gt;&gt;</a>&nbsp;&nbsp;&nbsp;I2Cx_Error
<LI><a href="#[108]">&gt;&gt;</a>&nbsp;&nbsp;&nbsp;IOE_Init
</UL>

<P><STRONG><a name="[fd]"></a>I2Cx_MspInit</STRONG> (Thumb, 146 bytes, Stack size 32 bytes, touchscreen.o(i.I2Cx_MspInit))
<BR><BR>[Stack]<UL><LI>Max Depth = 72<LI>Call Chain = I2Cx_MspInit &rArr; HAL_GPIO_Init
</UL>
<BR>[Calls]<UL><LI><a href="#[be]">&gt;&gt;</a>&nbsp;&nbsp;&nbsp;HAL_NVIC_SetPriority
<LI><a href="#[dc]">&gt;&gt;</a>&nbsp;&nbsp;&nbsp;HAL_NVIC_EnableIRQ
<LI><a href="#[9d]">&gt;&gt;</a>&nbsp;&nbsp;&nbsp;HAL_GPIO_Init
</UL>
<BR>[Called By]<UL><LI><a href="#[fa]">&gt;&gt;</a>&nbsp;&nbsp;&nbsp;I2Cx_Init
</UL>

<P><STRONG><a name="[74]"></a>ADC_ConversionStop_Disable</STRONG> (Thumb, 76 bytes, Stack size 16 bytes, stm32f3xx_hal_adc_ex.o(i.ADC_ConversionStop_Disable))
<BR><BR>[Stack]<UL><LI>Max Depth = 16<LI>Call Chain = ADC_ConversionStop_Disable
</UL>
<BR>[Calls]<UL><LI><a href="#[75]">&gt;&gt;</a>&nbsp;&nbsp;&nbsp;HAL_GetTick
</UL>
<BR>[Called By]<UL><LI><a href="#[a2]">&gt;&gt;</a>&nbsp;&nbsp;&nbsp;HAL_ADC_Stop
<LI><a href="#[9a]">&gt;&gt;</a>&nbsp;&nbsp;&nbsp;HAL_ADC_Init
</UL>

<P><STRONG><a name="[76]"></a>ADC_Enable</STRONG> (Thumb, 104 bytes, Stack size 24 bytes, stm32f3xx_hal_adc_ex.o(i.ADC_Enable))
<BR><BR>[Stack]<UL><LI>Max Depth = 24<LI>Call Chain = ADC_Enable
</UL>
<BR>[Calls]<UL><LI><a href="#[75]">&gt;&gt;</a>&nbsp;&nbsp;&nbsp;HAL_GetTick
</UL>
<BR>[Called By]<UL><LI><a href="#[a1]">&gt;&gt;</a>&nbsp;&nbsp;&nbsp;HAL_ADC_Start
</UL>

<P><STRONG><a name="[a3]"></a>DMA_CalcBaseAndBitshift</STRONG> (Thumb, 48 bytes, Stack size 0 bytes, stm32f3xx_hal_dma.o(i.DMA_CalcBaseAndBitshift))
<BR><BR>[Called By]<UL><LI><a href="#[9e]">&gt;&gt;</a>&nbsp;&nbsp;&nbsp;HAL_DMA_Init
</UL>

<P><STRONG><a name="[a5]"></a>DMA_SetConfig</STRONG> (Thumb, 42 bytes, Stack size 12 bytes, stm32f3xx_hal_dma.o(i.DMA_SetConfig))
<BR><BR>[Stack]<UL><LI>Max Depth = 12<LI>Call Chain = DMA_SetConfig
</UL>
<BR>[Called By]<UL><LI><a href="#[a4]">&gt;&gt;</a>&nbsp;&nbsp;&nbsp;HAL_DMA_Start_IT
</UL>

<P><STRONG><a name="[bf]"></a>__NVIC_SetPriority</STRONG> (Thumb, 32 bytes, Stack size 0 bytes, stm32f3xx_hal_cortex.o(i.__NVIC_SetPriority))
<BR><BR>[Called By]<UL><LI><a href="#[be]">&gt;&gt;</a>&nbsp;&nbsp;&nbsp;HAL_NVIC_SetPriority
<LI><a href="#[bd]">&gt;&gt;</a>&nbsp;&nbsp;&nbsp;HAL_SYSTICK_Config
</UL>

<P><STRONG><a name="[f8]"></a>I2C_Flush_TXDR</STRONG> (Thumb, 34 bytes, Stack size 0 bytes, stm32f3xx_hal_i2c.o(i.I2C_Flush_TXDR))
<BR><BR>[Called By]<UL><LI><a href="#[f7]">&gt;&gt;</a>&nbsp;&nbsp;&nbsp;I2C_IsAcknowledgeFailed
</UL>

<P><STRONG><a name="[f7]"></a>I2C_IsAcknowledgeFailed</STRONG> (Thumb, 128 bytes, Stack size 24 bytes, stm32f3xx_hal_i2c.o(i.I2C_IsAcknowledgeFailed))
<BR><BR>[Stack]<UL><LI>Max Depth = 24<LI>Call Chain = I2C_IsAcknowledgeFailed
</UL>
<BR>[Calls]<UL><LI><a href="#[75]">&gt;&gt;</a>&nbsp;&nbsp;&nbsp;HAL_GetTick
<LI><a href="#[f8]">&gt;&gt;</a>&nbsp;&nbsp;&nbsp;I2C_Flush_TXDR
</UL>
<BR>[Called By]<UL><LI><a href="#[b7]">&gt;&gt;</a>&nbsp;&nbsp;&nbsp;I2C_WaitOnTXISFlagUntilTimeout
<LI><a href="#[b4]">&gt;&gt;</a>&nbsp;&nbsp;&nbsp;I2C_WaitOnSTOPFlagUntilTimeout
</UL>

<P><STRONG><a name="[b2]"></a>I2C_RequestMemoryRead</STRONG> (Thumb, 94 bytes, Stack size 32 bytes, stm32f3xx_hal_i2c.o(i.I2C_RequestMemoryRead))
<BR><BR>[Stack]<UL><LI>Max Depth = 72<LI>Call Chain = I2C_RequestMemoryRead &rArr; I2C_WaitOnTXISFlagUntilTimeout &rArr; I2C_IsAcknowledgeFailed
</UL>
<BR>[Calls]<UL><LI><a href="#[b7]">&gt;&gt;</a>&nbsp;&nbsp;&nbsp;I2C_WaitOnTXISFlagUntilTimeout
<LI><a href="#[b1]">&gt;&gt;</a>&nbsp;&nbsp;&nbsp;I2C_WaitOnFlagUntilTimeout
<LI><a href="#[b3]">&gt;&gt;</a>&nbsp;&nbsp;&nbsp;I2C_TransferConfig
</UL>
<BR>[Called By]<UL><LI><a href="#[b0]">&gt;&gt;</a>&nbsp;&nbsp;&nbsp;HAL_I2C_Mem_Read
</UL>

<P><STRONG><a name="[b6]"></a>I2C_RequestMemoryWrite</STRONG> (Thumb, 94 bytes, Stack size 32 bytes, stm32f3xx_hal_i2c.o(i.I2C_RequestMemoryWrite))
<BR><BR>[Stack]<UL><LI>Max Depth = 72<LI>Call Chain = I2C_RequestMemoryWrite &rArr; I2C_WaitOnTXISFlagUntilTimeout &rArr; I2C_IsAcknowledgeFailed
</UL>
<BR>[Calls]<UL><LI><a href="#[b7]">&gt;&gt;</a>&nbsp;&nbsp;&nbsp;I2C_WaitOnTXISFlagUntilTimeout
<LI><a href="#[b1]">&gt;&gt;</a>&nbsp;&nbsp;&nbsp;I2C_WaitOnFlagUntilTimeout
<LI><a href="#[b3]">&gt;&gt;</a>&nbsp;&nbsp;&nbsp;I2C_TransferConfig
</UL>
<BR>[Called By]<UL><LI><a href="#[b5]">&gt;&gt;</a>&nbsp;&nbsp;&nbsp;HAL_I2C_Mem_Write
</UL>

<P><STRONG><a name="[b3]"></a>I2C_TransferConfig</STRONG> (Thumb, 40 bytes, Stack size 20 bytes, stm32f3xx_hal_i2c.o(i.I2C_TransferConfig))
<BR><BR>[Stack]<UL><LI>Max Depth = 20<LI>Call Chain = I2C_TransferConfig
</UL>
<BR>[Called By]<UL><LI><a href="#[b5]">&gt;&gt;</a>&nbsp;&nbsp;&nbsp;HAL_I2C_Mem_Write
<LI><a href="#[b0]">&gt;&gt;</a>&nbsp;&nbsp;&nbsp;HAL_I2C_Mem_Read
<LI><a href="#[b6]">&gt;&gt;</a>&nbsp;&nbsp;&nbsp;I2C_RequestMemoryWrite
<LI><a href="#[b2]">&gt;&gt;</a>&nbsp;&nbsp;&nbsp;I2C_RequestMemoryRead
</UL>

<P><STRONG><a name="[b1]"></a>I2C_WaitOnFlagUntilTimeout</STRONG> (Thumb, 88 bytes, Stack size 24 bytes, stm32f3xx_hal_i2c.o(i.I2C_WaitOnFlagUntilTimeout))
<BR><BR>[Stack]<UL><LI>Max Depth = 24<LI>Call Chain = I2C_WaitOnFlagUntilTimeout
</UL>
<BR>[Calls]<UL><LI><a href="#[75]">&gt;&gt;</a>&nbsp;&nbsp;&nbsp;HAL_GetTick
</UL>
<BR>[Called By]<UL><LI><a href="#[b5]">&gt;&gt;</a>&nbsp;&nbsp;&nbsp;HAL_I2C_Mem_Write
<LI><a href="#[b0]">&gt;&gt;</a>&nbsp;&nbsp;&nbsp;HAL_I2C_Mem_Read
<LI><a href="#[b6]">&gt;&gt;</a>&nbsp;&nbsp;&nbsp;I2C_RequestMemoryWrite
<LI><a href="#[b2]">&gt;&gt;</a>&nbsp;&nbsp;&nbsp;I2C_RequestMemoryRead
</UL>

<P><STRONG><a name="[b4]"></a>I2C_WaitOnSTOPFlagUntilTimeout</STRONG> (Thumb, 76 bytes, Stack size 16 bytes, stm32f3xx_hal_i2c.o(i.I2C_WaitOnSTOPFlagUntilTimeout))
<BR><BR>[Stack]<UL><LI>Max Depth = 40<LI>Call Chain = I2C_WaitOnSTOPFlagUntilTimeout &rArr; I2C_IsAcknowledgeFailed
</UL>
<BR>[Calls]<UL><LI><a href="#[75]">&gt;&gt;</a>&nbsp;&nbsp;&nbsp;HAL_GetTick
<LI><a href="#[f7]">&gt;&gt;</a>&nbsp;&nbsp;&nbsp;I2C_IsAcknowledgeFailed
</UL>
<BR>[Called By]<UL><LI><a href="#[b5]">&gt;&gt;</a>&nbsp;&nbsp;&nbsp;HAL_I2C_Mem_Write
<LI><a href="#[b0]">&gt;&gt;</a>&nbsp;&nbsp;&nbsp;HAL_I2C_Mem_Read
</UL>

<P><STRONG><a name="[b7]"></a>I2C_WaitOnTXISFlagUntilTimeout</STRONG> (Thumb, 80 bytes, Stack size 16 bytes, stm32f3xx_hal_i2c.o(i.I2C_WaitOnTXISFlagUntilTimeout))
<BR><BR>[Stack]<UL><LI>Max Depth = 40<LI>Call Chain = I2C_WaitOnTXISFlagUntilTimeout &rArr; I2C_IsAcknowledgeFailed
</UL>
<BR>[Calls]<UL><LI><a href="#[75]">&gt;&gt;</a>&nbsp;&nbsp;&nbsp;HAL_GetTick
<LI><a href="#[f7]">&gt;&gt;</a>&nbsp;&nbsp;&nbsp;I2C_IsAcknowledgeFailed
</UL>
<BR>[Called By]<UL><LI><a href="#[b5]">&gt;&gt;</a>&nbsp;&nbsp;&nbsp;HAL_I2C_Mem_Write
<LI><a href="#[b6]">&gt;&gt;</a>&nbsp;&nbsp;&nbsp;I2C_RequestMemoryWrite
<LI><a href="#[b2]">&gt;&gt;</a>&nbsp;&nbsp;&nbsp;I2C_RequestMemoryRead
</UL>

<P><STRONG><a name="[cf]"></a>SDADC_EnterInitMode</STRONG> (Thumb, 50 bytes, Stack size 16 bytes, stm32f3xx_hal_sdadc.o(i.SDADC_EnterInitMode))
<BR><BR>[Stack]<UL><LI>Max Depth = 16<LI>Call Chain = SDADC_EnterInitMode
</UL>
<BR>[Calls]<UL><LI><a href="#[75]">&gt;&gt;</a>&nbsp;&nbsp;&nbsp;HAL_GetTick
</UL>
<BR>[Called By]<UL><LI><a href="#[df]">&gt;&gt;</a>&nbsp;&nbsp;&nbsp;HAL_SDADC_SelectInjectedDelay
<LI><a href="#[de]">&gt;&gt;</a>&nbsp;&nbsp;&nbsp;HAL_SDADC_PrepareChannelConfig
<LI><a href="#[d1]">&gt;&gt;</a>&nbsp;&nbsp;&nbsp;HAL_SDADC_CalibrationStart
<LI><a href="#[ce]">&gt;&gt;</a>&nbsp;&nbsp;&nbsp;HAL_SDADC_AssociateChannelConfig
<LI><a href="#[db]">&gt;&gt;</a>&nbsp;&nbsp;&nbsp;SDADC_InjConvStart
</UL>

<P><STRONG><a name="[d0]"></a>SDADC_ExitInitMode</STRONG> (Thumb, 12 bytes, Stack size 0 bytes, stm32f3xx_hal_sdadc.o(i.SDADC_ExitInitMode))
<BR><BR>[Called By]<UL><LI><a href="#[df]">&gt;&gt;</a>&nbsp;&nbsp;&nbsp;HAL_SDADC_SelectInjectedDelay
<LI><a href="#[de]">&gt;&gt;</a>&nbsp;&nbsp;&nbsp;HAL_SDADC_PrepareChannelConfig
<LI><a href="#[d1]">&gt;&gt;</a>&nbsp;&nbsp;&nbsp;HAL_SDADC_CalibrationStart
<LI><a href="#[ce]">&gt;&gt;</a>&nbsp;&nbsp;&nbsp;HAL_SDADC_AssociateChannelConfig
<LI><a href="#[db]">&gt;&gt;</a>&nbsp;&nbsp;&nbsp;SDADC_InjConvStart
</UL>

<P><STRONG><a name="[db]"></a>SDADC_InjConvStart</STRONG> (Thumb, 98 bytes, Stack size 16 bytes, stm32f3xx_hal_sdadc.o(i.SDADC_InjConvStart))
<BR><BR>[Stack]<UL><LI>Max Depth = 32<LI>Call Chain = SDADC_InjConvStart &rArr; SDADC_EnterInitMode
</UL>
<BR>[Calls]<UL><LI><a href="#[d0]">&gt;&gt;</a>&nbsp;&nbsp;&nbsp;SDADC_ExitInitMode
<LI><a href="#[cf]">&gt;&gt;</a>&nbsp;&nbsp;&nbsp;SDADC_EnterInitMode
</UL>
<BR>[Called By]<UL><LI><a href="#[da]">&gt;&gt;</a>&nbsp;&nbsp;&nbsp;HAL_SDADC_InjectedStart_IT
</UL>

<P><STRONG><a name="[e4]"></a>SPI_EndRxTransaction</STRONG> (Thumb, 116 bytes, Stack size 32 bytes, stm32f3xx_hal_spi.o(i.SPI_EndRxTransaction))
<BR><BR>[Stack]<UL><LI>Max Depth = 64<LI>Call Chain = SPI_EndRxTransaction &rArr; SPI_WaitFifoStateUntilTimeout
</UL>
<BR>[Calls]<UL><LI><a href="#[123]">&gt;&gt;</a>&nbsp;&nbsp;&nbsp;SPI_WaitFlagStateUntilTimeout
<LI><a href="#[124]">&gt;&gt;</a>&nbsp;&nbsp;&nbsp;SPI_WaitFifoStateUntilTimeout
</UL>
<BR>[Called By]<UL><LI><a href="#[e2]">&gt;&gt;</a>&nbsp;&nbsp;&nbsp;HAL_SPI_Receive
</UL>

<P><STRONG><a name="[e6]"></a>SPI_EndRxTxTransaction</STRONG> (Thumb, 72 bytes, Stack size 24 bytes, stm32f3xx_hal_spi.o(i.SPI_EndRxTxTransaction))
<BR><BR>[Stack]<UL><LI>Max Depth = 56<LI>Call Chain = SPI_EndRxTxTransaction &rArr; SPI_WaitFifoStateUntilTimeout
</UL>
<BR>[Calls]<UL><LI><a href="#[123]">&gt;&gt;</a>&nbsp;&nbsp;&nbsp;SPI_WaitFlagStateUntilTimeout
<LI><a href="#[124]">&gt;&gt;</a>&nbsp;&nbsp;&nbsp;SPI_WaitFifoStateUntilTimeout
</UL>
<BR>[Called By]<UL><LI><a href="#[e5]">&gt;&gt;</a>&nbsp;&nbsp;&nbsp;HAL_SPI_Transmit
<LI><a href="#[e3]">&gt;&gt;</a>&nbsp;&nbsp;&nbsp;HAL_SPI_TransmitReceive
</UL>

<P><STRONG><a name="[124]"></a>SPI_WaitFifoStateUntilTimeout</STRONG> (Thumb, 150 bytes, Stack size 32 bytes, stm32f3xx_hal_spi.o(i.SPI_WaitFifoStateUntilTimeout))
<BR><BR>[Stack]<UL><LI>Max Depth = 32<LI>Call Chain = SPI_WaitFifoStateUntilTimeout
</UL>
<BR>[Calls]<UL><LI><a href="#[75]">&gt;&gt;</a>&nbsp;&nbsp;&nbsp;HAL_GetTick
</UL>
<BR>[Called By]<UL><LI><a href="#[e6]">&gt;&gt;</a>&nbsp;&nbsp;&nbsp;SPI_EndRxTxTransaction
<LI><a href="#[e4]">&gt;&gt;</a>&nbsp;&nbsp;&nbsp;SPI_EndRxTransaction
</UL>

<P><STRONG><a name="[123]"></a>SPI_WaitFlagStateUntilTimeout</STRONG> (Thumb, 148 bytes, Stack size 24 bytes, stm32f3xx_hal_spi.o(i.SPI_WaitFlagStateUntilTimeout))
<BR><BR>[Stack]<UL><LI>Max Depth = 24<LI>Call Chain = SPI_WaitFlagStateUntilTimeout
</UL>
<BR>[Calls]<UL><LI><a href="#[75]">&gt;&gt;</a>&nbsp;&nbsp;&nbsp;HAL_GetTick
</UL>
<BR>[Called By]<UL><LI><a href="#[e6]">&gt;&gt;</a>&nbsp;&nbsp;&nbsp;SPI_EndRxTxTransaction
<LI><a href="#[e4]">&gt;&gt;</a>&nbsp;&nbsp;&nbsp;SPI_EndRxTransaction
</UL>

<P><STRONG><a name="[57]"></a>UART_DMAAbortOnError</STRONG> (Thumb, 20 bytes, Stack size 8 bytes, stm32f3xx_hal_uart.o(i.UART_DMAAbortOnError))
<BR><BR>[Stack]<UL><LI>Max Depth = 8<LI>Call Chain = UART_DMAAbortOnError
</UL>
<BR>[Calls]<UL><LI><a href="#[ed]">&gt;&gt;</a>&nbsp;&nbsp;&nbsp;HAL_UART_ErrorCallback
</UL>
<BR>[Address Reference Count : 1]<UL><LI> stm32f3xx_hal_uart.o(i.HAL_UART_IRQHandler)
</UL>
<P><STRONG><a name="[5a]"></a>UART_DMAError</STRONG> (Thumb, 72 bytes, Stack size 16 bytes, stm32f3xx_hal_uart.o(i.UART_DMAError))
<BR><BR>[Stack]<UL><LI>Max Depth = 16<LI>Call Chain = UART_DMAError
</UL>
<BR>[Calls]<UL><LI><a href="#[ed]">&gt;&gt;</a>&nbsp;&nbsp;&nbsp;HAL_UART_ErrorCallback
<LI><a href="#[148]">&gt;&gt;</a>&nbsp;&nbsp;&nbsp;UART_EndTxTransfer
<LI><a href="#[eb]">&gt;&gt;</a>&nbsp;&nbsp;&nbsp;UART_EndRxTransfer
</UL>
<BR>[Address Reference Count : 1]<UL><LI> stm32f3xx_hal_uart.o(i.HAL_UART_Receive_DMA)
</UL>
<P><STRONG><a name="[58]"></a>UART_DMAReceiveCplt</STRONG> (Thumb, 58 bytes, Stack size 8 bytes, stm32f3xx_hal_uart.o(i.UART_DMAReceiveCplt))
<BR><BR>[Stack]<UL><LI>Max Depth = 288<LI>Call Chain = UART_DMAReceiveCplt &rArr; HAL_UART_RxCpltCallback &rArr; ILI9341_WriteString &rArr; ILI9341_WriteChar &rArr; ILI9341_SetAddressWindow &rArr; ILI9341_WriteData &rArr; HAL_SPI_Transmit &rArr; SPI_EndRxTxTransaction &rArr; SPI_WaitFifoStateUntilTimeout
</UL>
<BR>[Calls]<UL><LI><a href="#[f6]">&gt;&gt;</a>&nbsp;&nbsp;&nbsp;HAL_UART_RxCpltCallback
</UL>
<BR>[Address Reference Count : 1]<UL><LI> stm32f3xx_hal_uart.o(i.HAL_UART_Receive_DMA)
</UL>
<P><STRONG><a name="[59]"></a>UART_DMARxHalfCplt</STRONG> (Thumb, 10 bytes, Stack size 8 bytes, stm32f3xx_hal_uart.o(i.UART_DMARxHalfCplt))
<BR><BR>[Stack]<UL><LI>Max Depth = 8<LI>Call Chain = UART_DMARxHalfCplt
</UL>
<BR>[Calls]<UL><LI><a href="#[149]">&gt;&gt;</a>&nbsp;&nbsp;&nbsp;HAL_UART_RxHalfCpltCallback
</UL>
<BR>[Address Reference Count : 1]<UL><LI> stm32f3xx_hal_uart.o(i.HAL_UART_Receive_DMA)
</UL>
<P><STRONG><a name="[eb]"></a>UART_EndRxTransfer</STRONG> (Thumb, 30 bytes, Stack size 0 bytes, stm32f3xx_hal_uart.o(i.UART_EndRxTransfer))
<BR><BR>[Called By]<UL><LI><a href="#[ea]">&gt;&gt;</a>&nbsp;&nbsp;&nbsp;HAL_UART_IRQHandler
<LI><a href="#[5a]">&gt;&gt;</a>&nbsp;&nbsp;&nbsp;UART_DMAError
</UL>

<P><STRONG><a name="[148]"></a>UART_EndTxTransfer</STRONG> (Thumb, 16 bytes, Stack size 0 bytes, stm32f3xx_hal_uart.o(i.UART_EndTxTransfer))
<BR><BR>[Called By]<UL><LI><a href="#[5a]">&gt;&gt;</a>&nbsp;&nbsp;&nbsp;UART_DMAError
</UL>

<P><STRONG><a name="[5c]"></a>UART_TxISR_16BIT</STRONG> (Thumb, 64 bytes, Stack size 0 bytes, stm32f3xx_hal_uart.o(i.UART_TxISR_16BIT))
<BR>[Address Reference Count : 1]<UL><LI> stm32f3xx_hal_uart.o(i.HAL_UART_Transmit_IT)
</UL>
<P><STRONG><a name="[5b]"></a>UART_TxISR_8BIT</STRONG> (Thumb, 60 bytes, Stack size 0 bytes, stm32f3xx_hal_uart.o(i.UART_TxISR_8BIT))
<BR>[Address Reference Count : 1]<UL><LI> stm32f3xx_hal_uart.o(i.HAL_UART_Transmit_IT)
</UL>
<P><STRONG><a name="[159]"></a>_fp_digits</STRONG> (Thumb, 366 bytes, Stack size 64 bytes, printfa.o(i._fp_digits), UNUSED)
<BR><BR>[Calls]<UL><LI><a href="#[6c]">&gt;&gt;</a>&nbsp;&nbsp;&nbsp;__aeabi_dmul
<LI><a href="#[6d]">&gt;&gt;</a>&nbsp;&nbsp;&nbsp;__aeabi_ddiv
<LI><a href="#[66]">&gt;&gt;</a>&nbsp;&nbsp;&nbsp;__aeabi_dadd
<LI><a href="#[72]">&gt;&gt;</a>&nbsp;&nbsp;&nbsp;__aeabi_d2ulz
<LI><a href="#[15a]">&gt;&gt;</a>&nbsp;&nbsp;&nbsp;__aeabi_cdrcmple
<LI><a href="#[60]">&gt;&gt;</a>&nbsp;&nbsp;&nbsp;__aeabi_uldivmod
</UL>
<BR>[Called By]<UL><LI><a href="#[158]">&gt;&gt;</a>&nbsp;&nbsp;&nbsp;_printf_core
</UL>

<P><STRONG><a name="[158]"></a>_printf_core</STRONG> (Thumb, 1744 bytes, Stack size 136 bytes, printfa.o(i._printf_core), UNUSED)
<BR><BR>[Calls]<UL><LI><a href="#[15b]">&gt;&gt;</a>&nbsp;&nbsp;&nbsp;_printf_pre_padding
<LI><a href="#[15c]">&gt;&gt;</a>&nbsp;&nbsp;&nbsp;_printf_post_padding
<LI><a href="#[159]">&gt;&gt;</a>&nbsp;&nbsp;&nbsp;_fp_digits
<LI><a href="#[60]">&gt;&gt;</a>&nbsp;&nbsp;&nbsp;__aeabi_uldivmod
<LI><a href="#[15d]">&gt;&gt;</a>&nbsp;&nbsp;&nbsp;__aeabi_uidivmod
</UL>
<BR>[Called By]<UL><LI><a href="#[157]">&gt;&gt;</a>&nbsp;&nbsp;&nbsp;__0sprintf
</UL>

<P><STRONG><a name="[15c]"></a>_printf_post_padding</STRONG> (Thumb, 36 bytes, Stack size 24 bytes, printfa.o(i._printf_post_padding), UNUSED)
<BR><BR>[Called By]<UL><LI><a href="#[158]">&gt;&gt;</a>&nbsp;&nbsp;&nbsp;_printf_core
</UL>

<P><STRONG><a name="[15b]"></a>_printf_pre_padding</STRONG> (Thumb, 46 bytes, Stack size 24 bytes, printfa.o(i._printf_pre_padding), UNUSED)
<BR><BR>[Called By]<UL><LI><a href="#[158]">&gt;&gt;</a>&nbsp;&nbsp;&nbsp;_printf_core
</UL>

<P><STRONG><a name="[5d]"></a>_sputc</STRONG> (Thumb, 10 bytes, Stack size 0 bytes, printfa.o(i._sputc))
<BR><BR>[Called By]<UL><LI><a href="#[157]">&gt;&gt;</a>&nbsp;&nbsp;&nbsp;__0sprintf
</UL>
<BR>[Address Reference Count : 1]<UL><LI> printfa.o(i.__0sprintf)
</UL><P>
<H3>
Undefined Global Symbols
</H3><HR></body></html>
